Archive member included to satisfy reference by file (symbol)

/opt/gcc-arm-none-eabi-9-2020-q2-update/bin/../lib/gcc/arm-none-eabi/9.3.1/../../../../arm-none-eabi/lib/thumb/v7e-m+fp/hard/libc.a(lib_a-ctype_.o)
                              _build/nrf_log_str_formatter.o (_ctype_)
/opt/gcc-arm-none-eabi-9-2020-q2-update/bin/../lib/gcc/arm-none-eabi/9.3.1/../../../../arm-none-eabi/lib/thumb/v7e-m+fp/hard/libc.a(lib_a-exit.o)
                              /opt/gcc-arm-none-eabi-9-2020-q2-update/bin/../lib/gcc/arm-none-eabi/9.3.1/../../../../arm-none-eabi/lib/thumb/v7e-m+fp/hard/crt0.o (exit)
/opt/gcc-arm-none-eabi-9-2020-q2-update/bin/../lib/gcc/arm-none-eabi/9.3.1/../../../../arm-none-eabi/lib/thumb/v7e-m+fp/hard/libc.a(lib_a-impure.o)
                              /opt/gcc-arm-none-eabi-9-2020-q2-update/bin/../lib/gcc/arm-none-eabi/9.3.1/../../../../arm-none-eabi/lib/thumb/v7e-m+fp/hard/libc.a(lib_a-exit.o) (_global_impure_ptr)
/opt/gcc-arm-none-eabi-9-2020-q2-update/bin/../lib/gcc/arm-none-eabi/9.3.1/../../../../arm-none-eabi/lib/thumb/v7e-m+fp/hard/libc.a(lib_a-init.o)
                              /opt/gcc-arm-none-eabi-9-2020-q2-update/bin/../lib/gcc/arm-none-eabi/9.3.1/../../../../arm-none-eabi/lib/thumb/v7e-m+fp/hard/crt0.o (__libc_init_array)
/opt/gcc-arm-none-eabi-9-2020-q2-update/bin/../lib/gcc/arm-none-eabi/9.3.1/../../../../arm-none-eabi/lib/thumb/v7e-m+fp/hard/libc.a(lib_a-memcmp.o)
                              _build/nrf_twi_mngr.o (memcmp)
/opt/gcc-arm-none-eabi-9-2020-q2-update/bin/../lib/gcc/arm-none-eabi/9.3.1/../../../../arm-none-eabi/lib/thumb/v7e-m+fp/hard/libc.a(lib_a-memcpy.o)
                              _build/app_scheduler.o (memcpy)
/opt/gcc-arm-none-eabi-9-2020-q2-update/bin/../lib/gcc/arm-none-eabi/9.3.1/../../../../arm-none-eabi/lib/thumb/v7e-m+fp/hard/libc.a(lib_a-memset.o)
                              /opt/gcc-arm-none-eabi-9-2020-q2-update/bin/../lib/gcc/arm-none-eabi/9.3.1/../../../../arm-none-eabi/lib/thumb/v7e-m+fp/hard/crt0.o (memset)
/opt/gcc-arm-none-eabi-9-2020-q2-update/bin/../lib/gcc/arm-none-eabi/9.3.1/../../../../arm-none-eabi/lib/thumb/v7e-m+fp/hard/libc.a(lib_a-printf.o)
                              _build/game_main.o (printf)
/opt/gcc-arm-none-eabi-9-2020-q2-update/bin/../lib/gcc/arm-none-eabi/9.3.1/../../../../arm-none-eabi/lib/thumb/v7e-m+fp/hard/libc.a(lib_a-putchar.o)
                              _build/game_main.o (putchar)
/opt/gcc-arm-none-eabi-9-2020-q2-update/bin/../lib/gcc/arm-none-eabi/9.3.1/../../../../arm-none-eabi/lib/thumb/v7e-m+fp/hard/libc.a(lib_a-setbuf.o)
                              _build/microbit_before_startup.o (setbuf)
/opt/gcc-arm-none-eabi-9-2020-q2-update/bin/../lib/gcc/arm-none-eabi/9.3.1/../../../../arm-none-eabi/lib/thumb/v7e-m+fp/hard/libc.a(lib_a-setvbuf.o)
                              /opt/gcc-arm-none-eabi-9-2020-q2-update/bin/../lib/gcc/arm-none-eabi/9.3.1/../../../../arm-none-eabi/lib/thumb/v7e-m+fp/hard/libc.a(lib_a-setbuf.o) (setvbuf)
/opt/gcc-arm-none-eabi-9-2020-q2-update/bin/../lib/gcc/arm-none-eabi/9.3.1/../../../../arm-none-eabi/lib/thumb/v7e-m+fp/hard/libc.a(lib_a-strlen.o)
                              _build/nrf_fprintf_format.o (strlen)
/opt/gcc-arm-none-eabi-9-2020-q2-update/bin/../lib/gcc/arm-none-eabi/9.3.1/../../../../arm-none-eabi/lib/thumb/v7e-m+fp/hard/libc.a(lib_a-vfprintf.o)
                              /opt/gcc-arm-none-eabi-9-2020-q2-update/bin/../lib/gcc/arm-none-eabi/9.3.1/../../../../arm-none-eabi/lib/thumb/v7e-m+fp/hard/libc.a(lib_a-printf.o) (_vfprintf_r)
/opt/gcc-arm-none-eabi-9-2020-q2-update/bin/../lib/gcc/arm-none-eabi/9.3.1/../../../../arm-none-eabi/lib/thumb/v7e-m+fp/hard/libc.a(lib_a-wsetup.o)
                              /opt/gcc-arm-none-eabi-9-2020-q2-update/bin/../lib/gcc/arm-none-eabi/9.3.1/../../../../arm-none-eabi/lib/thumb/v7e-m+fp/hard/libc.a(lib_a-vfprintf.o) (__swsetup_r)
/opt/gcc-arm-none-eabi-9-2020-q2-update/bin/../lib/gcc/arm-none-eabi/9.3.1/../../../../arm-none-eabi/lib/thumb/v7e-m+fp/hard/libc.a(lib_a-__call_atexit.o)
                              /opt/gcc-arm-none-eabi-9-2020-q2-update/bin/../lib/gcc/arm-none-eabi/9.3.1/../../../../arm-none-eabi/lib/thumb/v7e-m+fp/hard/libc.a(lib_a-exit.o) (__call_exitprocs)
/opt/gcc-arm-none-eabi-9-2020-q2-update/bin/../lib/gcc/arm-none-eabi/9.3.1/../../../../arm-none-eabi/lib/thumb/v7e-m+fp/hard/libc.a(lib_a-atexit.o)
                              /opt/gcc-arm-none-eabi-9-2020-q2-update/bin/../lib/gcc/arm-none-eabi/9.3.1/../../../../arm-none-eabi/lib/thumb/v7e-m+fp/hard/libc.a(lib_a-__call_atexit.o) (atexit)
/opt/gcc-arm-none-eabi-9-2020-q2-update/bin/../lib/gcc/arm-none-eabi/9.3.1/../../../../arm-none-eabi/lib/thumb/v7e-m+fp/hard/libc.a(lib_a-dtoa.o)
                              /opt/gcc-arm-none-eabi-9-2020-q2-update/bin/../lib/gcc/arm-none-eabi/9.3.1/../../../../arm-none-eabi/lib/thumb/v7e-m+fp/hard/libc.a(lib_a-vfprintf.o) (_dtoa_r)
[...]
Memory Configuration

Name             Origin             Length             Attributes
FLASH            0x0000000000000000 0x0000000000080000 xr
RAM              0x0000000020000000 0x0000000000020000 xrw
*default*        0x0000000000000000 0xffffffffffffffff

Linker script and memory map

                0x000000000007f000                __stop_ot_flash_data = ((ORIGIN (FLASH) + LENGTH (FLASH)) - FLASH_PAGE_SIZE)
                0x000000000007b000                __start_ot_flash_data = (__stop_ot_flash_data - (FLASH_PAGE_SIZE * FLASH_DATA_PAGES_USED))
                0x0000000000000001                ASSERT ((__start_ot_flash_data >= (__etext + SIZEOF (.data))), Error: Code overlaps flash data area.)

.text           0x0000000000000000     0xd540
 *(.isr_vector)
 .isr_vector    0x0000000000000000      0x200 _build/gcc_startup_nrf52833.os
                0x0000000000000000                __isr_vector
 *(.text*)
 .text          0x0000000000000200       0x40 /opt/gcc-arm-none-eabi-9-2020-q2-update/bin/../lib/gcc/arm-none-eabi/9.3.1/thumb/v7e-m+fp/hard/crtbegin.o
 .text          0x0000000000000240       0x7c /opt/gcc-arm-none-eabi-9-2020-q2-update/bin/../lib/gcc/arm-none-eabi/9.3.1/../../../../arm-none-eabi/lib/thumb/v7e-m+fp/hard/crt0.o
                0x0000000000000240                _stack_init
                0x0000000000000248                _mainCRTStartup
                0x0000000000000248                _start
 .text.init_button
                0x00000000000002bc       0x70 _build/button.o
                0x00000000000002bc                init_button
 .text.read_button
                0x000000000000032c       0x38 _build/button.o
                0x000000000000032c                read_button
 .text.startup.main
                0x0000000000000364      0x144 _build/game_main.o
                0x0000000000000364                main
 .text.haptic_stop
                0x00000000000004a8       0x20 _build/haptic.o
                0x00000000000004a8                haptic_stop
 .text.haptic_init
                0x00000000000004c8       0x2c _build/haptic.o
                0x00000000000004c8                haptic_init
 .text.haptic_config
                0x00000000000004f4       0x20 _build/haptic.o
                0x00000000000004f4                haptic_config
 .text.haptic_start
                0x0000000000000514       0x20 _build/haptic.o
                0x0000000000000514                haptic_start
 .text.haptic_resume
                0x0000000000000534       0x18 _build/haptic.o
                0x0000000000000534                haptic_resume
 .text.haptic_timed
                0x000000000000054c       0x58 _build/haptic.o
                0x000000000000054c                haptic_timed
 .text.i2c_init
                0x00000000000005a4       0x28 _build/i2c_lib.o
                0x00000000000005a4                i2c_init
 .text.i2c_reg_read
                0x00000000000005cc       0x54 _build/i2c_lib.o
                0x00000000000005cc                i2c_reg_read
 .text.i2c_reg_write
                0x0000000000000620       0x38 _build/i2c_lib.o
                0x0000000000000620                i2c_reg_write
 .text.i2c_write_by_bit
                0x0000000000000658       0x50 _build/i2c_lib.o
                0x0000000000000658                i2c_write_by_bit
 .text.joystick_init
                0x00000000000006a8       0x68 _build/joystick.o
                0x00000000000006a8                joystick_init
 .text.read_joystick_horizontal
                0x0000000000000710       0x20 _build/joystick.o
                0x0000000000000710                read_joystick_horizontal
 .text.read_joystick_horizontal_low
                0x0000000000000730        0x8 _build/joystick.o
                0x0000000000000730                read_joystick_horizontal_low
 .text.read_joystick_vertical_low
                0x0000000000000738        0x8 _build/joystick.o
                0x0000000000000738                read_joystick_vertical_low
 .text.read_joystick_low
                0x0000000000000740       0x20 _build/joystick.o
                0x0000000000000740                read_joystick_low
 .text.read_joystick_vertical
                0x0000000000000760       0x20 _build/joystick.o
                0x0000000000000760                read_joystick_vertical
 .text.read_joystick
                0x0000000000000780       0x14 _build/joystick.o
                0x0000000000000780                read_joystick
 .text.update_val
                0x0000000000000794       0x28 _build/joystick.o
                0x0000000000000794                update_val
 .text.nrf_gpio_pin_port_decode
                0x00000000000007bc       0x30 _build/better_error_handling.o
 .text.nrf_gpio_pin_clear
                0x00000000000007ec       0x1a _build/better_error_handling.o
 .text.nrf_gpio_pin_set
                0x0000000000000806       0x1a _build/better_error_handling.o
 .text.nrf_delay_ms.part.0
                0x0000000000000820       0x1c _build/better_error_handling.o
 .text.error_blink_pattern
                0x000000000000083c      0x104 _build/better_error_handling.o
 .text.app_error_fault_handler
                0x0000000000000940       0x74 _build/better_error_handling.o
                0x0000000000000940                app_error_fault_handler
 .text.HardFault_process
                0x00000000000009b4        0x6 _build/better_error_handling.o
                0x00000000000009b4                HardFault_process
 *fill*         0x00000000000009ba        0x2 
 .text.startup.called_first
                0x00000000000009bc       0x48 _build/microbit_before_startup.o
                0x00000000000009bc                called_first
 .text.nrf_log_backend_uart_flush
                0x0000000000000a04        0x2 _build/microbit_nrf_log_backend_uart.o
 *fill*         0x0000000000000a06        0x2 
 .text.nrf_log_backend_uart_put
                0x0000000000000a08       0x1c _build/microbit_nrf_log_backend_uart.o
 .text.uart_init.constprop.0
                0x0000000000000a24       0x5c _build/microbit_nrf_log_backend_uart.o
 .text.serial_tx
                0x0000000000000a80       0x50 _build/microbit_nrf_log_backend_uart.o
 .text.nrf_log_backend_uart_panic_set
                0x0000000000000ad0       0x2c _build/microbit_nrf_log_backend_uart.o
 .text.nrf_log_backend_uart_init
                0x0000000000000afc        0x4 _build/microbit_nrf_log_backend_uart.o
                0x0000000000000afc                nrf_log_backend_uart_init
 .text._write   0x0000000000000b00       0x2c _build/microbit_retarget.o
                0x0000000000000b00                _write
 .text._read    0x0000000000000b2c       0x30 _build/microbit_retarget.o
                0x0000000000000b2c                _read
 .text.app_error_handler
                0x0000000000000b5c       0x1a _build/app_error_handler_gcc.o
                0x0000000000000b5c                app_error_handler
 *fill*         0x0000000000000b76        0x2 
 .text.user_op_alloc
                0x0000000000000b78       0x2c _build/app_timer.o
 .text.nrfx_coredep_delay_us.part.0.constprop.0
                0x0000000000000ba4       0x10 _build/app_timer.o
 .text.RTC1_IRQHandler
                0x0000000000000bb4       0x9c _build/app_timer.o
                0x0000000000000bb4                RTC1_IRQHandler
 .text.SWI0_EGU0_IRQHandler
                0x0000000000000c50      0x2b8 _build/app_timer.o
                0x0000000000000c50                SWI0_EGU0_IRQHandler
 .text.app_timer_init
                0x0000000000000f08       0x90 _build/app_timer.o
                0x0000000000000f08                app_timer_init
 .text.app_timer_create
                0x0000000000000f98       0x24 _build/app_timer.o
                0x0000000000000f98                app_timer_create
 .text.app_timer_start
                0x0000000000000fbc       0x8c _build/app_timer.o
                0x0000000000000fbc                app_timer_start
 .text.app_util_disable_irq
                0x0000000000001048       0x10 _build/app_util_platform.o
                0x0000000000001048                app_util_disable_irq
 .text.app_util_enable_irq
                0x0000000000001058       0x14 _build/app_util_platform.o
                0x0000000000001058                app_util_enable_irq
 .text.privilege_level_get
                0x000000000000106c       0x1a _build/app_util_platform.o
                0x000000000000106c                privilege_level_get
 *fill*         0x0000000000001086        0x2 
 .text.app_util_critical_region_enter
                0x0000000000001088       0x20 _build/app_util_platform.o
                0x0000000000001088                app_util_critical_region_enter
 .text.app_util_critical_region_exit
                0x00000000000010a8       0x20 _build/app_util_platform.o
                0x00000000000010a8                app_util_critical_region_exit
 .text.HardFault_Handler
                0x00000000000010c8       0x34 _build/hardfault_handler_gcc.o
                0x00000000000010c8                HardFault_Handler
 .text.HardFault_c_handler
                0x00000000000010fc      0x104 _build/hardfault_implementation.o
                0x00000000000010fc                HardFault_c_handler
 .text.assert_nrf_callback
                0x0000000000001200       0x1a _build/nrf_assert.o
                0x0000000000001200                assert_nrf_callback
 .text.nrf_atomic_u32_fetch_store
                0x000000000000121a       0x16 _build/nrf_atomic.o
                0x000000000000121a                nrf_atomic_u32_fetch_store
 .text.nrf_atomic_u32_or
                0x0000000000001230       0x18 _build/nrf_atomic.o
                0x0000000000001230                nrf_atomic_u32_or
 .text.nrf_atomic_u32_fetch_and
                0x0000000000001248       0x18 _build/nrf_atomic.o
                0x0000000000001248                nrf_atomic_u32_fetch_and
 .text.nrf_atomic_u32_add
                0x0000000000001260       0x18 _build/nrf_atomic.o
                0x0000000000001260                nrf_atomic_u32_add
 .text.nrf_atomic_u32_sub
                0x0000000000001278       0x18 _build/nrf_atomic.o
                0x0000000000001278                nrf_atomic_u32_sub
 .text.nrf_atomic_flag_set
                0x0000000000001290        0x6 _build/nrf_atomic.o
                0x0000000000001290                nrf_atomic_flag_set
 .text.nrf_atomic_flag_clear_fetch
                0x0000000000001296        0x6 _build/nrf_atomic.o
                0x0000000000001296                nrf_atomic_flag_clear_fetch
 .text.nrf_balloc_init
                0x000000000000129c       0x7c _build/nrf_balloc.o
                0x000000000000129c                nrf_balloc_init
 .text.nrf_balloc_alloc
                0x0000000000001318       0x54 _build/nrf_balloc.o
                0x0000000000001318                nrf_balloc_alloc
 .text.nrf_balloc_free
                0x000000000000136c       0x48 _build/nrf_balloc.o
                0x000000000000136c                nrf_balloc_free
 .text.twim_evt_handler
                0x00000000000013b4       0x40 _build/nrf_drv_twi.o
 .text.nrf_gpio_pin_port_decode
                0x00000000000013f4       0x30 _build/nrf_drv_twi.o
 .text.nrf_gpio_pin_set
                0x0000000000001424       0x1a _build/nrf_drv_twi.o
 *fill*         0x000000000000143e        0x2 
 .text.nrfx_coredep_delay_us.part.0.constprop.0
                0x0000000000001440       0x10 _build/nrf_drv_twi.o
 .text.nrf_drv_twi_init
                0x0000000000001450       0xec _build/nrf_drv_twi.o
                0x0000000000001450                nrf_drv_twi_init
 .text.uarte_evt_handler
                0x000000000000153c       0x34 _build/nrf_drv_uart.o
 .text.uart_evt_handler
                0x0000000000001570       0x34 _build/nrf_drv_uart.o
 .text.nrf_drv_uart_init
                0x00000000000015a4       0x7c _build/nrf_drv_uart.o
                0x00000000000015a4                nrf_drv_uart_init
 .text.nrf_fprintf_buffer_flush
                0x0000000000001620       0x24 _build/nrf_fprintf.o
                0x0000000000001620                nrf_fprintf_buffer_flush
 .text.nrf_fprintf
                0x0000000000001644       0x54 _build/nrf_fprintf.o
                0x0000000000001644                nrf_fprintf
 .text.buffer_add
                0x0000000000001698       0x1e _build/nrf_fprintf_format.o
 *fill*         0x00000000000016b6        0x2 
 .text.unsigned_print
                0x00000000000016b8       0xb4 _build/nrf_fprintf_format.o
 .text.nrf_fprintf_fmt
                0x000000000000176c      0x2d8 _build/nrf_fprintf_format.o
                0x000000000000176c                nrf_fprintf_fmt
 .text.nrf_log_backend_serial_put
                0x0000000000001a44       0xc2 _build/nrf_log_backend_serial.o
                0x0000000000001a44                nrf_log_backend_serial_put
 *fill*         0x0000000000001b06        0x2 
 .text.nrf_log_default_backends_init
                0x0000000000001b08       0x30 _build/nrf_log_default_backends.o
                0x0000000000001b08                nrf_log_default_backends_init
 .text.invalid_packets_omit
                0x0000000000001b38       0x3a _build/nrf_log_frontend.o
 *fill*         0x0000000000001b72        0x2 
 .text.buf_prealloc
                0x0000000000001b74      0x144 _build/nrf_log_frontend.o
 .text.nrf_log_init
                0x0000000000001cb8       0x3c _build/nrf_log_frontend.o
                0x0000000000001cb8                nrf_log_init
 .text.nrf_log_module_name_get
                0x0000000000001cf4       0x38 _build/nrf_log_frontend.o
                0x0000000000001cf4                nrf_log_module_name_get
 .text.nrf_log_color_id_get
                0x0000000000001d2c       0x2c _build/nrf_log_frontend.o
                0x0000000000001d2c                nrf_log_color_id_get
 .text.buffer_is_empty
                0x0000000000001d58       0x14 _build/nrf_log_frontend.o
                0x0000000000001d58                buffer_is_empty
 .text.nrf_log_frontend_dequeue
                0x0000000000001d6c      0x218 _build/nrf_log_frontend.o
                0x0000000000001d6c                nrf_log_frontend_dequeue
 .text.std_n    0x0000000000001f84       0xb8 _build/nrf_log_frontend.o
 .text.nrf_log_frontend_std_0
                0x000000000000203c        0x8 _build/nrf_log_frontend.o
                0x000000000000203c                nrf_log_frontend_std_0
 .text.nrf_log_frontend_std_1
                0x0000000000002044       0x12 _build/nrf_log_frontend.o
                0x0000000000002044                nrf_log_frontend_std_1
 .text.nrf_log_frontend_std_3
                0x0000000000002056       0x18 _build/nrf_log_frontend.o
                0x0000000000002056                nrf_log_frontend_std_3
 .text.nrf_log_frontend_std_4
                0x000000000000206e       0x1c _build/nrf_log_frontend.o
                0x000000000000206e                nrf_log_frontend_std_4
 *fill*         0x000000000000208a        0x2 
 .text.nrf_log_backend_add
                0x000000000000208c       0x54 _build/nrf_log_frontend.o
                0x000000000000208c                nrf_log_backend_add
 .text.nrf_log_panic
                0x00000000000020e0       0x2c _build/nrf_log_frontend.o
                0x00000000000020e0                nrf_log_panic
 .text.postfix_process
                0x000000000000210c       0x44 _build/nrf_log_str_formatter.o
 .text.prefix_process
                0x0000000000002150       0x7c _build/nrf_log_str_formatter.o
 .text.nrf_log_std_entry_process
                0x00000000000021cc       0xc8 _build/nrf_log_str_formatter.o
                0x00000000000021cc                nrf_log_std_entry_process
 .text.nrf_log_hexdump_entry_process
                0x0000000000002294       0xbc _build/nrf_log_str_formatter.o
                0x0000000000002294                nrf_log_hexdump_entry_process
 .text.memobj_op
                0x0000000000002350       0xa8 _build/nrf_memobj.o
 .text.nrf_memobj_pool_init
                0x00000000000023f8        0x4 _build/nrf_memobj.o
                0x00000000000023f8                nrf_memobj_pool_init
 .text.nrf_memobj_free
                0x00000000000023fc       0x2c _build/nrf_memobj.o
                0x00000000000023fc                nrf_memobj_free
 .text.nrf_memobj_alloc
                0x0000000000002428       0x5e _build/nrf_memobj.o
                0x0000000000002428                nrf_memobj_alloc
 .text.nrf_memobj_get
                0x0000000000002486        0x8 _build/nrf_memobj.o
                0x0000000000002486                nrf_memobj_get
 .text.nrf_memobj_put
                0x000000000000248e       0x1e _build/nrf_memobj.o
                0x000000000000248e                nrf_memobj_put
 .text.nrf_memobj_write
                0x00000000000024ac       0x28 _build/nrf_memobj.o
                0x00000000000024ac                nrf_memobj_write
 .text.nrf_memobj_read
                0x00000000000024d4       0x28 _build/nrf_memobj.o
                0x00000000000024d4                nrf_memobj_read
 .text.queue_utilization_get
                0x00000000000024fc       0x18 _build/nrf_queue.o
 .text.nrf_queue_next_idx
                0x0000000000002514       0x20 _build/nrf_queue.o
 .text.nrf_queue_is_full
                0x0000000000002534       0x28 _build/nrf_queue.o
                0x0000000000002534                nrf_queue_is_full
 .text.nrf_queue_push
                0x000000000000255c       0xc0 _build/nrf_queue.o
                0x000000000000255c                nrf_queue_push
 .text.nrf_queue_is_empty
                0x000000000000261c       0x24 _build/nrf_queue.o
                0x000000000000261c                nrf_queue_is_empty
 .text.nrf_queue_generic_pop
                0x0000000000002640       0x9c _build/nrf_queue.o
                0x0000000000002640                nrf_queue_generic_pop
 .text.nrf_ringbuf_init
                0x00000000000026dc       0x1c _build/nrf_ringbuf.o
                0x00000000000026dc                nrf_ringbuf_init
 .text.nrf_strerror_find
                0x00000000000026f8       0x3c _build/nrf_strerror.o
                0x00000000000026f8                nrf_strerror_find
 .text.nrf_strerror_get
                0x0000000000002734       0x14 _build/nrf_strerror.o
                0x0000000000002734                nrf_strerror_get
 .text.internal_transaction_cb
                0x0000000000002748        0xa _build/nrf_twi_mngr.o
 *fill*         0x0000000000002752        0x2 
 .text.transaction_end_signal
                0x0000000000002754       0x30 _build/nrf_twi_mngr.o
 .text.start_transfer
                0x0000000000002784       0xc4 _build/nrf_twi_mngr.o
 .text.start_pending_transaction
                0x0000000000002848       0xb0 _build/nrf_twi_mngr.o
 .text.twi_event_handler
                0x00000000000028f8       0x58 _build/nrf_twi_mngr.o
 .text.nrf_twi_mngr_init
                0x0000000000002950       0x78 _build/nrf_twi_mngr.o
                0x0000000000002950                nrf_twi_mngr_init
 .text.nrf_twi_mngr_schedule
                0x00000000000029c8       0x60 _build/nrf_twi_mngr.o
                0x00000000000029c8                nrf_twi_mngr_schedule
 .text.nrf_twi_mngr_perform
                0x0000000000002a28       0x84 _build/nrf_twi_mngr.o
                0x0000000000002a28                nrf_twi_mngr_perform
 .text.POWER_CLOCK_IRQHandler
                0x0000000000002aac       0x5c _build/nrfx_clock.o
                0x0000000000002aac                POWER_CLOCK_IRQHandler
 .text.nrf_gpiote_event_clear
                0x0000000000002b08       0x18 _build/nrfx_gpiote.o
 .text.channel_free
                0x0000000000002b20       0x1c _build/nrfx_gpiote.o
 .text.nrf_gpio_pin_port_decode
                0x0000000000002b3c       0x30 _build/nrfx_gpiote.o
 .text.nrf_gpio_cfg_sense_set
                0x0000000000002b6c       0x2e _build/nrfx_gpiote.o
 *fill*         0x0000000000002b9a        0x2 
 .text.nrf_gpio_ports_read.constprop.0
                0x0000000000002b9c       0x18 _build/nrfx_gpiote.o
 .text.nrfx_gpiote_init
                0x0000000000002bb4       0x70 _build/nrfx_gpiote.o
                0x0000000000002bb4                nrfx_gpiote_init
 .text.nrfx_gpiote_in_init
                0x0000000000002c24      0x114 _build/nrfx_gpiote.o
                0x0000000000002c24                nrfx_gpiote_in_init
 .text.nrfx_gpiote_in_event_enable
                0x0000000000002d38       0xbc _build/nrfx_gpiote.o
                0x0000000000002d38                nrfx_gpiote_in_event_enable
 .text.GPIOTE_IRQHandler
                0x0000000000002df4      0x1a8 _build/nrfx_gpiote.o
                0x0000000000002df4                GPIOTE_IRQHandler
 .text.UARTE0_UART0_IRQHandler
                0x0000000000002f9c       0x20 _build/nrfx_prs.o
                0x0000000000002f9c                UARTE0_UART0_IRQHandler
 .text.nrfx_prs_acquire
                0x0000000000002fbc       0x44 _build/nrfx_prs.o
                0x0000000000002fbc                nrfx_prs_acquire
 .text.nrfx_prs_release
                0x0000000000003000       0x28 _build/nrfx_prs.o
                0x0000000000003000                nrfx_prs_release
 .text.nrf_pwm_event_clear
                0x0000000000003028       0x10 _build/nrfx_pwm.o
 .text.PWM0_IRQHandler
                0x0000000000003038       0x90 _build/nrfx_pwm.o
                0x0000000000003038                PWM0_IRQHandler
 .text.nrf_saadc_event_clear
                0x00000000000030c8       0x18 _build/nrfx_saadc.o
 .text.SAADC_IRQHandler
                0x00000000000030e0      0x160 _build/nrfx_saadc.o
                0x00000000000030e0                SAADC_IRQHandler
 .text.nrf_gpio_pin_port_decode
                0x0000000000003240       0x30 _build/nrfx_spim.o
 .text.nrf_gpio_pin_clear
                0x0000000000003270       0x1a _build/nrfx_spim.o
 .text.nrf_gpio_pin_set
                0x000000000000328a       0x1a _build/nrfx_spim.o
 .text.SPIM2_SPIS2_SPI2_IRQHandler
                0x00000000000032a4       0x68 _build/nrfx_spim.o
                0x00000000000032a4                SPIM2_SPIS2_SPI2_IRQHandler
 .text.irq_handler.constprop.0
                0x000000000000330c       0x4c _build/nrfx_timer.o
 .text.TIMER0_IRQHandler
                0x0000000000003358       0x10 _build/nrfx_timer.o
                0x0000000000003358                TIMER0_IRQHandler
 .text.TIMER1_IRQHandler
                0x0000000000003368       0x10 _build/nrfx_timer.o
                0x0000000000003368                TIMER1_IRQHandler
 .text.nrf_twim_event_clear
                0x0000000000003378       0x10 _build/nrfx_twim.o
 .text.xfer_completeness_check
                0x0000000000003388       0x6c _build/nrfx_twim.o
 .text.nrf_gpio_pin_port_decode
                0x00000000000033f4       0x30 _build/nrfx_twim.o
 .text.twim_irq_handler
                0x0000000000003424      0x138 _build/nrfx_twim.o
 .text.SPIM0_SPIS0_TWIM0_TWIS0_SPI0_TWI0_IRQHandler
                0x000000000000355c       0x10 _build/nrfx_twim.o
                0x000000000000355c                SPIM0_SPIS0_TWIM0_TWIS0_SPI0_TWI0_IRQHandler
 .text.SPIM1_SPIS1_TWIM1_TWIS1_SPI1_TWI1_IRQHandler
                0x000000000000356c       0x10 _build/nrfx_twim.o
                0x000000000000356c                SPIM1_SPIS1_TWIM1_TWIS1_SPI1_TWI1_IRQHandler
 .text.nrfx_twim_init
                0x000000000000357c      0x144 _build/nrfx_twim.o
                0x000000000000357c                nrfx_twim_init
 .text.nrfx_twim_enable
                0x00000000000036c0       0x40 _build/nrfx_twim.o
                0x00000000000036c0                nrfx_twim_enable
 .text.nrfx_twim_disable
                0x0000000000003700       0x54 _build/nrfx_twim.o
                0x0000000000003700                nrfx_twim_disable
 .text.nrfx_twim_uninit
                0x0000000000003754       0xb4 _build/nrfx_twim.o
                0x0000000000003754                nrfx_twim_uninit
 .text.nrfx_twim_xfer
                0x0000000000003808      0x330 _build/nrfx_twim.o
                0x0000000000003808                nrfx_twim_xfer
 .text.nrf_uart_event_clear
                0x0000000000003b38       0x10 _build/nrfx_uart.o
 .text.tx_byte  0x0000000000003b48       0x1e _build/nrfx_uart.o
 *fill*         0x0000000000003b66        0x2 
 .text.nrf_gpio_pin_port_decode
                0x0000000000003b68       0x30 _build/nrfx_uart.o
 .text.nrf_gpio_cfg_default
                0x0000000000003b98       0x1c _build/nrfx_uart.o
 .text.rx_enable.isra.0
                0x0000000000003bb4       0x20 _build/nrfx_uart.o
 .text.rx_byte  0x0000000000003bd4       0x2c _build/nrfx_uart.o
 .text.rx_done_event.constprop.0
                0x0000000000003c00       0x20 _build/nrfx_uart.o
 .text.nrfx_uart_0_irq_handler
                0x0000000000003c20      0x13c _build/nrfx_uart.o
                0x0000000000003c20                nrfx_uart_0_irq_handler
 .text.nrfx_uart_init
                0x0000000000003d5c      0x1e4 _build/nrfx_uart.o
                0x0000000000003d5c                nrfx_uart_init
 .text.nrfx_uart_uninit
                0x0000000000003f40       0xc0 _build/nrfx_uart.o
                0x0000000000003f40                nrfx_uart_uninit
 .text.nrfx_uart_tx
                0x0000000000004000       0xe0 _build/nrfx_uart.o
                0x0000000000004000                nrfx_uart_tx
 .text.nrfx_uart_rx
                0x00000000000040e0      0x130 _build/nrfx_uart.o
                0x00000000000040e0                nrfx_uart_rx
 .text.nrf_uarte_event_clear
                0x0000000000004210       0x10 _build/nrfx_uarte.o
 .text.nrf_gpio_pin_port_decode
                0x0000000000004220       0x30 _build/nrfx_uarte.o
 .text.nrf_gpio_cfg_default
                0x0000000000004250       0x1c _build/nrfx_uarte.o
 .text.rx_done_event.constprop.0
                0x000000000000426c       0x20 _build/nrfx_uarte.o
 .text.nrfx_uarte_0_irq_handler
                0x000000000000428c      0x118 _build/nrfx_uarte.o
                0x000000000000428c                nrfx_uarte_0_irq_handler
 .text.nrfx_uarte_init
                0x00000000000043a4      0x1f8 _build/nrfx_uarte.o
                0x00000000000043a4                nrfx_uarte_init
 .text.nrfx_uarte_uninit
                0x000000000000459c       0xec _build/nrfx_uarte.o
                0x000000000000459c                nrfx_uarte_uninit
 .text.nrfx_uarte_tx
                0x0000000000004688       0xf4 _build/nrfx_uarte.o
                0x0000000000004688                nrfx_uarte_tx
 .text.nrfx_uarte_rx
                0x000000000000477c      0x130 _build/nrfx_uarte.o
                0x000000000000477c                nrfx_uarte_rx
 .text.errata_36
                0x00000000000048ac       0x20 _build/system_nrf52833.o
 .text.SystemInit
                0x00000000000048cc      0x174 _build/system_nrf52833.o
                0x00000000000048cc                SystemInit
 .text          0x0000000000004a40       0x3c _build/gcc_startup_nrf52833.os
                0x0000000000004a40                Reset_Handler
                0x0000000000004a68                NMI_Handler
                0x0000000000004a6c                MemoryManagement_Handler
                0x0000000000004a6e                BusFault_Handler
                0x0000000000004a70                UsageFault_Handler
                0x0000000000004a72                SVC_Handler
                0x0000000000004a74                DebugMon_Handler
                0x0000000000004a76                PendSV_Handler
                0x0000000000004a78                SysTick_Handler
                0x0000000000004a7a                TIMER2_IRQHandler
                0x0000000000004a7a                RTC0_IRQHandler
                0x0000000000004a7a                SWI2_EGU2_IRQHandler
                0x0000000000004a7a                PWM1_IRQHandler
                0x0000000000004a7a                RADIO_IRQHandler
                0x0000000000004a7a                PDM_IRQHandler
                0x0000000000004a7a                TEMP_IRQHandler
                0x0000000000004a7a                QDEC_IRQHandler
                0x0000000000004a7a                TIMER3_IRQHandler
                0x0000000000004a7a                PWM3_IRQHandler
                0x0000000000004a7a                FPU_IRQHandler
                0x0000000000004a7a                USBD_IRQHandler
                0x0000000000004a7a                TIMER4_IRQHandler
                0x0000000000004a7a                I2S_IRQHandler
                0x0000000000004a7a                SWI4_EGU4_IRQHandler
                0x0000000000004a7a                UARTE1_IRQHandler
                0x0000000000004a7a                SPIM3_IRQHandler
                0x0000000000004a7a                PWM2_IRQHandler
                0x0000000000004a7a                ECB_IRQHandler
                0x0000000000004a7a                Default_Handler
                0x0000000000004a7a                CCM_AAR_IRQHandler
                0x0000000000004a7a                WDT_IRQHandler
                0x0000000000004a7a                SWI5_EGU5_IRQHandler
                0x0000000000004a7a                RNG_IRQHandler
                0x0000000000004a7a                RTC2_IRQHandler
                0x0000000000004a7a                SWI3_EGU3_IRQHandler
                0x0000000000004a7a                SWI1_EGU1_IRQHandler
                0x0000000000004a7a                NFCT_IRQHandler
                0x0000000000004a7a                MWU_IRQHandler
                0x0000000000004a7a                COMP_LPCOMP_IRQHandler
 .text.exit     0x0000000000004a7c       0x20 /opt/gcc-arm-none-eabi-9-2020-q2-update/bin/../lib/gcc/arm-none-eabi/9.3.1/../../../../arm-none-eabi/lib/thumb/v7e-m+fp/hard/libc.a(lib_a-exit.o)
                0x0000000000004a7c                exit
 .text.__libc_init_array
                0x0000000000004a9c       0x48 /opt/gcc-arm-none-eabi-9-2020-q2-update/bin/../lib/gcc/arm-none-eabi/9.3.1/../../../../arm-none-eabi/lib/thumb/v7e-m+fp/hard/libc.a(lib_a-init.o)
                0x0000000000004a9c                __libc_init_array
 .text.memcmp   0x0000000000004ae4       0x60 /opt/gcc-arm-none-eabi-9-2020-q2-update/bin/../lib/gcc/arm-none-eabi/9.3.1/../../../../arm-none-eabi/lib/thumb/v7e-m+fp/hard/libc.a(lib_a-memcmp.o)
                0x0000000000004ae4                memcmp
 .text          0x0000000000004b44      0x134 /opt/gcc-arm-none-eabi-9-2020-q2-update/bin/../lib/gcc/arm-none-eabi/9.3.1/../../../../arm-none-eabi/lib/thumb/v7e-m+fp/hard/libc.a(lib_a-memcpy.o)
                0x0000000000004b44                memcpy
 .text.memset   0x0000000000004c78       0xa0 /opt/gcc-arm-none-eabi-9-2020-q2-update/bin/../lib/gcc/arm-none-eabi/9.3.1/../../../../arm-none-eabi/lib/thumb/v7e-m+fp/hard/libc.a(lib_a-memset.o)
                0x0000000000004c78                memset
 .text.printf   0x0000000000004d18       0x28 /opt/gcc-arm-none-eabi-9-2020-q2-update/bin/../lib/gcc/arm-none-eabi/9.3.1/../../../../arm-none-eabi/lib/thumb/v7e-m+fp/hard/libc.a(lib_a-printf.o)
                0x0000000000004d18                printf
 .text.putchar  0x0000000000004d40       0x14 /opt/gcc-arm-none-eabi-9-2020-q2-update/bin/../lib/gcc/arm-none-eabi/9.3.1/../../../../arm-none-eabi/lib/thumb/v7e-m+fp/hard/libc.a(lib_a-putchar.o)
                0x0000000000004d40                putchar
 .text.setbuf   0x0000000000004d54       0x10 /opt/gcc-arm-none-eabi-9-2020-q2-update/bin/../lib/gcc/arm-none-eabi/9.3.1/../../../../arm-none-eabi/lib/thumb/v7e-m+fp/hard/libc.a(lib_a-setbuf.o)
                0x0000000000004d54                setbuf
 .text.setvbuf  0x0000000000004d64      0x1a0 /opt/gcc-arm-none-eabi-9-2020-q2-update/bin/../lib/gcc/arm-none-eabi/9.3.1/../../../../arm-none-eabi/lib/thumb/v7e-m+fp/hard/libc.a(lib_a-setvbuf.o)
                0x0000000000004d64                setvbuf
 *fill*         0x0000000000004f04       0x3c 
 .text          0x0000000000004f40       0xdc /opt/gcc-arm-none-eabi-9-2020-q2-update/bin/../lib/gcc/arm-none-eabi/9.3.1/../../../../arm-none-eabi/lib/thumb/v7e-m+fp/hard/libc.a(lib_a-strlen.o)
                0x0000000000004f40                strlen
 *fill*         0x000000000000501c        0x4 
 .text._vfprintf_r
                0x0000000000005020     0x1be0 /opt/gcc-arm-none-eabi-9-2020-q2-update/bin/../lib/gcc/arm-none-eabi/9.3.1/../../../../arm-none-eabi/lib/thumb/v7e-m+fp/hard/libc.a(lib_a-vfprintf.o)
                0x0000000000005020                _vfprintf_r
 .text.__sbprintf
                0x0000000000006c00       0x84 /opt/gcc-arm-none-eabi-9-2020-q2-update/bin/../lib/gcc/arm-none-eabi/9.3.1/../../../../arm-none-eabi/lib/thumb/v7e-m+fp/hard/libc.a(lib_a-vfprintf.o)
 .text.__swsetup_r
                0x0000000000006c84       0xd0 /opt/gcc-arm-none-eabi-9-2020-q2-update/bin/../lib/gcc/arm-none-eabi/9.3.1/../../../../arm-none-eabi/lib/thumb/v7e-m+fp/hard/libc.a(lib_a-wsetup.o)
                0x0000000000006c84                __swsetup_r
 .text.startup.register_fini
                0x0000000000006d54       0x14 /opt/gcc-arm-none-eabi-9-2020-q2-update/bin/../lib/gcc/arm-none-eabi/9.3.1/../../../../arm-none-eabi/lib/thumb/v7e-m+fp/hard/libc.a(lib_a-__call_atexit.o)
 .text.__call_exitprocs
                0x0000000000006d68       0xcc /opt/gcc-arm-none-eabi-9-2020-q2-update/bin/../lib/gcc/arm-none-eabi/9.3.1/../../../../arm-none-eabi/lib/thumb/v7e-m+fp/hard/libc.a(lib_a-__call_atexit.o)
                0x0000000000006d68                __call_exitprocs
 .text.atexit   0x0000000000006e34        0xc /opt/gcc-arm-none-eabi-9-2020-q2-update/bin/../lib/gcc/arm-none-eabi/9.3.1/../../../../arm-none-eabi/lib/thumb/v7e-m+fp/hard/libc.a(lib_a-atexit.o)
                0x0000000000006e34                atexit
 .text.quorem   0x0000000000006e40      0x11c /opt/gcc-arm-none-eabi-9-2020-q2-update/bin/../lib/gcc/arm-none-eabi/9.3.1/../../../../arm-none-eabi/lib/thumb/v7e-m+fp/hard/libc.a(lib_a-dtoa.o)
 *fill*         0x0000000000006f5c        0x4 
 .text._dtoa_r  0x0000000000006f60      0xf44 /opt/gcc-arm-none-eabi-9-2020-q2-update/bin/../lib/gcc/arm-none-eabi/9.3.1/../../../../arm-none-eabi/lib/thumb/v7e-m+fp/hard/libc.a(lib_a-dtoa.o)
                0x0000000000006f60                _dtoa_r
 .text.__sflush_r
                0x0000000000007ea4      0x130 /opt/gcc-arm-none-eabi-9-2020-q2-update/bin/../lib/gcc/arm-none-eabi/9.3.1/../../../../arm-none-eabi/lib/thumb/v7e-m+fp/hard/libc.a(lib_a-fflush.o)
                0x0000000000007ea4                __sflush_r
 .text._fflush_r
                0x0000000000007fd4       0x5c /opt/gcc-arm-none-eabi-9-2020-q2-update/bin/../lib/gcc/arm-none-eabi/9.3.1/../../../../arm-none-eabi/lib/thumb/v7e-m+fp/hard/libc.a(lib_a-fflush.o)
                0x0000000000007fd4                _fflush_r
 .text.std      0x0000000000008030       0x50 /opt/gcc-arm-none-eabi-9-2020-q2-update/bin/../lib/gcc/arm-none-eabi/9.3.1/../../../../arm-none-eabi/lib/thumb/v7e-m+fp/hard/libc.a(lib_a-findfp.o)
 .text._cleanup_r
                0x0000000000008080        0xc /opt/gcc-arm-none-eabi-9-2020-q2-update/bin/../lib/gcc/arm-none-eabi/9.3.1/../../../../arm-none-eabi/lib/thumb/v7e-m+fp/hard/libc.a(lib_a-findfp.o)
                0x0000000000008080                _cleanup_r
 .text.__sinit  0x000000000000808c       0x54 /opt/gcc-arm-none-eabi-9-2020-q2-update/bin/../lib/gcc/arm-none-eabi/9.3.1/../../../../arm-none-eabi/lib/thumb/v7e-m+fp/hard/libc.a(lib_a-findfp.o)
                0x000000000000808c                __sinit
 .text.__sfp_lock_acquire
                0x00000000000080e0        0xc /opt/gcc-arm-none-eabi-9-2020-q2-update/bin/../lib/gcc/arm-none-eabi/9.3.1/../../../../arm-none-eabi/lib/thumb/v7e-m+fp/hard/libc.a(lib_a-findfp.o)
                0x00000000000080e0                __sfp_lock_acquire
 .text.__sfp_lock_release
                0x00000000000080ec        0xc /opt/gcc-arm-none-eabi-9-2020-q2-update/bin/../lib/gcc/arm-none-eabi/9.3.1/../../../../arm-none-eabi/lib/thumb/v7e-m+fp/hard/libc.a(lib_a-findfp.o)
                0x00000000000080ec                __sfp_lock_release
 .text.__libc_fini_array
                0x00000000000080f8       0x2c /opt/gcc-arm-none-eabi-9-2020-q2-update/bin/../lib/gcc/arm-none-eabi/9.3.1/../../../../arm-none-eabi/lib/thumb/v7e-m+fp/hard/libc.a(lib_a-fini.o)
                0x00000000000080f8                __libc_fini_array
 .text._malloc_trim_r
                0x0000000000008124       0xa0 /opt/gcc-arm-none-eabi-9-2020-q2-update/bin/../lib/gcc/arm-none-eabi/9.3.1/../../../../arm-none-eabi/lib/thumb/v7e-m+fp/hard/libc.a(lib_a-freer.o)
                0x0000000000008124                _malloc_trim_r
 .text._free_r  0x00000000000081c4      0x208 /opt/gcc-arm-none-eabi-9-2020-q2-update/bin/../lib/gcc/arm-none-eabi/9.3.1/../../../../arm-none-eabi/lib/thumb/v7e-m+fp/hard/libc.a(lib_a-freer.o)
                0x00000000000081c4                _free_r
 .text._fwalk_reent
                0x00000000000083cc       0x48 /opt/gcc-arm-none-eabi-9-2020-q2-update/bin/../lib/gcc/arm-none-eabi/9.3.1/../../../../arm-none-eabi/lib/thumb/v7e-m+fp/hard/libc.a(lib_a-fwalk.o)
                0x00000000000083cc                _fwalk_reent
 .text._localeconv_r
                0x0000000000008414        0x8 /opt/gcc-arm-none-eabi-9-2020-q2-update/bin/../lib/gcc/arm-none-eabi/9.3.1/../../../../arm-none-eabi/lib/thumb/v7e-m+fp/hard/libc.a(lib_a-localeconv.o)
                0x0000000000008414                _localeconv_r
 .text.__retarget_lock_init_recursive
                0x000000000000841c        0x4 /opt/gcc-arm-none-eabi-9-2020-q2-update/bin/../lib/gcc/arm-none-eabi/9.3.1/../../../../arm-none-eabi/lib/thumb/v7e-m+fp/hard/libc.a(lib_a-lock.o)
                0x000000000000841c                __retarget_lock_init_recursive
 .text.__retarget_lock_close_recursive
                0x0000000000008420        0x4 /opt/gcc-arm-none-eabi-9-2020-q2-update/bin/../lib/gcc/arm-none-eabi/9.3.1/../../../../arm-none-eabi/lib/thumb/v7e-m+fp/hard/libc.a(lib_a-lock.o)
                0x0000000000008420                __retarget_lock_close_recursive
 .text.__retarget_lock_acquire_recursive
                0x0000000000008424        0x4 /opt/gcc-arm-none-eabi-9-2020-q2-update/bin/../lib/gcc/arm-none-eabi/9.3.1/../../../../arm-none-eabi/lib/thumb/v7e-m+fp/hard/libc.a(lib_a-lock.o)
                0x0000000000008424                __retarget_lock_acquire_recursive
 .text.__retarget_lock_release_recursive
                0x0000000000008428        0x4 /opt/gcc-arm-none-eabi-9-2020-q2-update/bin/../lib/gcc/arm-none-eabi/9.3.1/../../../../arm-none-eabi/lib/thumb/v7e-m+fp/hard/libc.a(lib_a-lock.o)
                0x0000000000008428                __retarget_lock_release_recursive
 .text.__swhatbuf_r
                0x000000000000842c       0x5c /opt/gcc-arm-none-eabi-9-2020-q2-update/bin/../lib/gcc/arm-none-eabi/9.3.1/../../../../arm-none-eabi/lib/thumb/v7e-m+fp/hard/libc.a(lib_a-makebuf.o)
                0x000000000000842c                __swhatbuf_r
 .text.__smakebuf_r
                0x0000000000008488       0x98 /opt/gcc-arm-none-eabi-9-2020-q2-update/bin/../lib/gcc/arm-none-eabi/9.3.1/../../../../arm-none-eabi/lib/thumb/v7e-m+fp/hard/libc.a(lib_a-makebuf.o)
                0x0000000000008488                __smakebuf_r
 .text.malloc   0x0000000000008520       0x10 /opt/gcc-arm-none-eabi-9-2020-q2-update/bin/../lib/gcc/arm-none-eabi/9.3.1/../../../../arm-none-eabi/lib/thumb/v7e-m+fp/hard/libc.a(lib_a-malloc.o)
                0x0000000000008520                malloc
 .text._malloc_r
                0x0000000000008530      0x574 /opt/gcc-arm-none-eabi-9-2020-q2-update/bin/../lib/gcc/arm-none-eabi/9.3.1/../../../../arm-none-eabi/lib/thumb/v7e-m+fp/hard/libc.a(lib_a-mallocr.o)
                0x0000000000008530                _malloc_r
 *fill*         0x0000000000008aa4        0xc 
 .text          0x0000000000008ab0       0xa0 /opt/gcc-arm-none-eabi-9-2020-q2-update/bin/../lib/gcc/arm-none-eabi/9.3.1/../../../../arm-none-eabi/lib/thumb/v7e-m+fp/hard/libc.a(lib_a-memchr.o)
                0x0000000000008ab0                memchr
 .text.__malloc_lock
                0x0000000000008b50        0xc /opt/gcc-arm-none-eabi-9-2020-q2-update/bin/../lib/gcc/arm-none-eabi/9.3.1/../../../../arm-none-eabi/lib/thumb/v7e-m+fp/hard/libc.a(lib_a-mlock.o)
                0x0000000000008b50                __malloc_lock
 .text.__malloc_unlock
                0x0000000000008b5c        0xc /opt/gcc-arm-none-eabi-9-2020-q2-update/bin/../lib/gcc/arm-none-eabi/9.3.1/../../../../arm-none-eabi/lib/thumb/v7e-m+fp/hard/libc.a(lib_a-mlock.o)
                0x0000000000008b5c                __malloc_unlock
 .text._Balloc  0x0000000000008b68       0x4c /opt/gcc-arm-none-eabi-9-2020-q2-update/bin/../lib/gcc/arm-none-eabi/9.3.1/../../../../arm-none-eabi/lib/thumb/v7e-m+fp/hard/libc.a(lib_a-mprec.o)
                0x0000000000008b68                _Balloc
 .text._Bfree   0x0000000000008bb4       0x14 /opt/gcc-arm-none-eabi-9-2020-q2-update/bin/../lib/gcc/arm-none-eabi/9.3.1/../../../../arm-none-eabi/lib/thumb/v7e-m+fp/hard/libc.a(lib_a-mprec.o)
                0x0000000000008bb4                _Bfree
 .text.__multadd
                0x0000000000008bc8       0xac /opt/gcc-arm-none-eabi-9-2020-q2-update/bin/../lib/gcc/arm-none-eabi/9.3.1/../../../../arm-none-eabi/lib/thumb/v7e-m+fp/hard/libc.a(lib_a-mprec.o)
                0x0000000000008bc8                __multadd
 .text.__hi0bits
                0x0000000000008c74       0x40 /opt/gcc-arm-none-eabi-9-2020-q2-update/bin/../lib/gcc/arm-none-eabi/9.3.1/../../../../arm-none-eabi/lib/thumb/v7e-m+fp/hard/libc.a(lib_a-mprec.o)
                0x0000000000008c74                __hi0bits
 .text.__lo0bits
                0x0000000000008cb4       0x60 /opt/gcc-arm-none-eabi-9-2020-q2-update/bin/../lib/gcc/arm-none-eabi/9.3.1/../../../../arm-none-eabi/lib/thumb/v7e-m+fp/hard/libc.a(lib_a-mprec.o)
                0x0000000000008cb4                __lo0bits
 .text.__i2b    0x0000000000008d14       0x2c /opt/gcc-arm-none-eabi-9-2020-q2-update/bin/../lib/gcc/arm-none-eabi/9.3.1/../../../../arm-none-eabi/lib/thumb/v7e-m+fp/hard/libc.a(lib_a-mprec.o)
                0x0000000000008d14                __i2b
 .text.__multiply
                0x0000000000008d40      0x160 /opt/gcc-arm-none-eabi-9-2020-q2-update/bin/../lib/gcc/arm-none-eabi/9.3.1/../../../../arm-none-eabi/lib/thumb/v7e-m+fp/hard/libc.a(lib_a-mprec.o)
                0x0000000000008d40                __multiply
 .text.__pow5mult
                0x0000000000008ea0       0x98 /opt/gcc-arm-none-eabi-9-2020-q2-update/bin/../lib/gcc/arm-none-eabi/9.3.1/../../../../arm-none-eabi/lib/thumb/v7e-m+fp/hard/libc.a(lib_a-mprec.o)
                0x0000000000008ea0                __pow5mult
 .text.__lshift
                0x0000000000008f38       0xe8 /opt/gcc-arm-none-eabi-9-2020-q2-update/bin/../lib/gcc/arm-none-eabi/9.3.1/../../../../arm-none-eabi/lib/thumb/v7e-m+fp/hard/libc.a(lib_a-mprec.o)
                0x0000000000008f38                __lshift
 .text.__mcmp   0x0000000000009020       0x3c /opt/gcc-arm-none-eabi-9-2020-q2-update/bin/../lib/gcc/arm-none-eabi/9.3.1/../../../../arm-none-eabi/lib/thumb/v7e-m+fp/hard/libc.a(lib_a-mprec.o)
                0x0000000000009020                __mcmp
 .text.__mdiff  0x000000000000905c      0x148 /opt/gcc-arm-none-eabi-9-2020-q2-update/bin/../lib/gcc/arm-none-eabi/9.3.1/../../../../arm-none-eabi/lib/thumb/v7e-m+fp/hard/libc.a(lib_a-mprec.o)
                0x000000000000905c                __mdiff
 .text.__d2b    0x00000000000091a4       0xd0 /opt/gcc-arm-none-eabi-9-2020-q2-update/bin/../lib/gcc/arm-none-eabi/9.3.1/../../../../arm-none-eabi/lib/thumb/v7e-m+fp/hard/libc.a(lib_a-mprec.o)
                0x00000000000091a4                __d2b
 .text._putc_r  0x0000000000009274       0x74 /opt/gcc-arm-none-eabi-9-2020-q2-update/bin/../lib/gcc/arm-none-eabi/9.3.1/../../../../arm-none-eabi/lib/thumb/v7e-m+fp/hard/libc.a(lib_a-putc.o)
                0x0000000000009274                _putc_r
 .text.frexp    0x00000000000092e8       0x6c /opt/gcc-arm-none-eabi-9-2020-q2-update/bin/../lib/gcc/arm-none-eabi/9.3.1/../../../../arm-none-eabi/lib/thumb/v7e-m+fp/hard/libc.a(lib_a-s_frexp.o)
                0x00000000000092e8                frexp
 .text._sbrk_r  0x0000000000009354       0x24 /opt/gcc-arm-none-eabi-9-2020-q2-update/bin/../lib/gcc/arm-none-eabi/9.3.1/../../../../arm-none-eabi/lib/thumb/v7e-m+fp/hard/libc.a(lib_a-sbrkr.o)
                0x0000000000009354                _sbrk_r
 .text.__sread  0x0000000000009378       0x24 /opt/gcc-arm-none-eabi-9-2020-q2-update/bin/../lib/gcc/arm-none-eabi/9.3.1/../../../../arm-none-eabi/lib/thumb/v7e-m+fp/hard/libc.a(lib_a-stdio.o)
                0x0000000000009378                __sread
 .text.__swrite
                0x000000000000939c       0x40 /opt/gcc-arm-none-eabi-9-2020-q2-update/bin/../lib/gcc/arm-none-eabi/9.3.1/../../../../arm-none-eabi/lib/thumb/v7e-m+fp/hard/libc.a(lib_a-stdio.o)
                0x000000000000939c                __swrite
 .text.__sseek  0x00000000000093dc       0x20 /opt/gcc-arm-none-eabi-9-2020-q2-update/bin/../lib/gcc/arm-none-eabi/9.3.1/../../../../arm-none-eabi/lib/thumb/v7e-m+fp/hard/libc.a(lib_a-stdio.o)
                0x00000000000093dc                __sseek
 .text.__sclose
                0x00000000000093fc        0x8 /opt/gcc-arm-none-eabi-9-2020-q2-update/bin/../lib/gcc/arm-none-eabi/9.3.1/../../../../arm-none-eabi/lib/thumb/v7e-m+fp/hard/libc.a(lib_a-stdio.o)
                0x00000000000093fc                __sclose
 .text.strncpy  0x0000000000009404       0x68 /opt/gcc-arm-none-eabi-9-2020-q2-update/bin/../lib/gcc/arm-none-eabi/9.3.1/../../../../arm-none-eabi/lib/thumb/v7e-m+fp/hard/libc.a(lib_a-strncpy.o)
                0x0000000000009404                strncpy
 .text.__sprint_r.part.0
                0x000000000000946c       0x78 /opt/gcc-arm-none-eabi-9-2020-q2-update/bin/../lib/gcc/arm-none-eabi/9.3.1/../../../../arm-none-eabi/lib/thumb/v7e-m+fp/hard/libc.a(lib_a-vfiprintf.o)
 .text.__sprint_r
                0x00000000000094e4       0x18 /opt/gcc-arm-none-eabi-9-2020-q2-update/bin/../lib/gcc/arm-none-eabi/9.3.1/../../../../arm-none-eabi/lib/thumb/v7e-m+fp/hard/libc.a(lib_a-vfiprintf.o)
                0x00000000000094e4                __sprint_r
 .text._vfiprintf_r
                0x00000000000094fc      0xd4c /opt/gcc-arm-none-eabi-9-2020-q2-update/bin/../lib/gcc/arm-none-eabi/9.3.1/../../../../arm-none-eabi/lib/thumb/v7e-m+fp/hard/libc.a(lib_a-vfiprintf.o)
                0x00000000000094fc                _vfiprintf_r
 .text.__sbprintf
                0x000000000000a248       0x84 /opt/gcc-arm-none-eabi-9-2020-q2-update/bin/../lib/gcc/arm-none-eabi/9.3.1/../../../../arm-none-eabi/lib/thumb/v7e-m+fp/hard/libc.a(lib_a-vfiprintf.o)
 .text.__swbuf_r
                0x000000000000a2cc       0xb0 /opt/gcc-arm-none-eabi-9-2020-q2-update/bin/../lib/gcc/arm-none-eabi/9.3.1/../../../../arm-none-eabi/lib/thumb/v7e-m+fp/hard/libc.a(lib_a-wbuf.o)
                0x000000000000a2cc                __swbuf_r
 .text._write_r
                0x000000000000a37c       0x2c /opt/gcc-arm-none-eabi-9-2020-q2-update/bin/../lib/gcc/arm-none-eabi/9.3.1/../../../../arm-none-eabi/lib/thumb/v7e-m+fp/hard/libc.a(lib_a-writer.o)
                0x000000000000a37c                _write_r
 .text.__register_exitproc
                0x000000000000a3a8       0x8c /opt/gcc-arm-none-eabi-9-2020-q2-update/bin/../lib/gcc/arm-none-eabi/9.3.1/../../../../arm-none-eabi/lib/thumb/v7e-m+fp/hard/libc.a(lib_a-__atexit.o)
                0x000000000000a3a8                __register_exitproc
 .text.__assert_func
                0x000000000000a434       0x3c /opt/gcc-arm-none-eabi-9-2020-q2-update/bin/../lib/gcc/arm-none-eabi/9.3.1/../../../../arm-none-eabi/lib/thumb/v7e-m+fp/hard/libc.a(lib_a-assert.o)
                0x000000000000a434                __assert_func
 .text._calloc_r
                0x000000000000a470       0x60 /opt/gcc-arm-none-eabi-9-2020-q2-update/bin/../lib/gcc/arm-none-eabi/9.3.1/../../../../arm-none-eabi/lib/thumb/v7e-m+fp/hard/libc.a(lib_a-callocr.o)
                0x000000000000a470                _calloc_r
 .text._close_r
                0x000000000000a4d0       0x24 /opt/gcc-arm-none-eabi-9-2020-q2-update/bin/../lib/gcc/arm-none-eabi/9.3.1/../../../../arm-none-eabi/lib/thumb/v7e-m+fp/hard/libc.a(lib_a-closer.o)
                0x000000000000a4d0                _close_r
 .text._fclose_r
                0x000000000000a4f4       0xcc /opt/gcc-arm-none-eabi-9-2020-q2-update/bin/../lib/gcc/arm-none-eabi/9.3.1/../../../../arm-none-eabi/lib/thumb/v7e-m+fp/hard/libc.a(lib_a-fclose.o)
                0x000000000000a4f4                _fclose_r
 .text.fiprintf
                0x000000000000a5c0       0x28 /opt/gcc-arm-none-eabi-9-2020-q2-update/bin/../lib/gcc/arm-none-eabi/9.3.1/../../../../arm-none-eabi/lib/thumb/v7e-m+fp/hard/libc.a(lib_a-fiprintf.o)
                0x000000000000a5c0                fiprintf
 .text.__fputwc
                0x000000000000a5e8       0xa8 /opt/gcc-arm-none-eabi-9-2020-q2-update/bin/../lib/gcc/arm-none-eabi/9.3.1/../../../../arm-none-eabi/lib/thumb/v7e-m+fp/hard/libc.a(lib_a-fputwc.o)
                0x000000000000a5e8                __fputwc
 .text._fputwc_r
                0x000000000000a690       0x68 /opt/gcc-arm-none-eabi-9-2020-q2-update/bin/../lib/gcc/arm-none-eabi/9.3.1/../../../../arm-none-eabi/lib/thumb/v7e-m+fp/hard/libc.a(lib_a-fputwc.o)
                0x000000000000a690                _fputwc_r
 .text._fstat_r
                0x000000000000a6f8       0x2c /opt/gcc-arm-none-eabi-9-2020-q2-update/bin/../lib/gcc/arm-none-eabi/9.3.1/../../../../arm-none-eabi/lib/thumb/v7e-m+fp/hard/libc.a(lib_a-fstatr.o)
                0x000000000000a6f8                _fstat_r
 .text.__sfvwrite_r
                0x000000000000a724      0x2e0 /opt/gcc-arm-none-eabi-9-2020-q2-update/bin/../lib/gcc/arm-none-eabi/9.3.1/../../../../arm-none-eabi/lib/thumb/v7e-m+fp/hard/libc.a(lib_a-fvwrite.o)
                0x000000000000a724                __sfvwrite_r
 .text._isatty_r
                0x000000000000aa04       0x24 /opt/gcc-arm-none-eabi-9-2020-q2-update/bin/../lib/gcc/arm-none-eabi/9.3.1/../../../../arm-none-eabi/lib/thumb/v7e-m+fp/hard/libc.a(lib_a-isattyr.o)
                0x000000000000aa04                _isatty_r
 .text.__locale_mb_cur_max
                0x000000000000aa28        0xc /opt/gcc-arm-none-eabi-9-2020-q2-update/bin/../lib/gcc/arm-none-eabi/9.3.1/../../../../arm-none-eabi/lib/thumb/v7e-m+fp/hard/libc.a(lib_a-locale.o)
                0x000000000000aa28                __locale_mb_cur_max
 .text._lseek_r
                0x000000000000aa34       0x2c /opt/gcc-arm-none-eabi-9-2020-q2-update/bin/../lib/gcc/arm-none-eabi/9.3.1/../../../../arm-none-eabi/lib/thumb/v7e-m+fp/hard/libc.a(lib_a-lseekr.o)
                0x000000000000aa34                _lseek_r
 .text.__ascii_mbtowc
                0x000000000000aa60       0x2c /opt/gcc-arm-none-eabi-9-2020-q2-update/bin/../lib/gcc/arm-none-eabi/9.3.1/../../../../arm-none-eabi/lib/thumb/v7e-m+fp/hard/libc.a(lib_a-mbtowc_r.o)
                0x000000000000aa60                __ascii_mbtowc
 .text.memmove  0x000000000000aa8c       0xd8 /opt/gcc-arm-none-eabi-9-2020-q2-update/bin/../lib/gcc/arm-none-eabi/9.3.1/../../../../arm-none-eabi/lib/thumb/v7e-m+fp/hard/libc.a(lib_a-memmove.o)
                0x000000000000aa8c                memmove
 .text._read_r  0x000000000000ab64       0x2c /opt/gcc-arm-none-eabi-9-2020-q2-update/bin/../lib/gcc/arm-none-eabi/9.3.1/../../../../arm-none-eabi/lib/thumb/v7e-m+fp/hard/libc.a(lib_a-readr.o)
                0x000000000000ab64                _read_r
 .text._realloc_r
                0x000000000000ab90      0x3e0 /opt/gcc-arm-none-eabi-9-2020-q2-update/bin/../lib/gcc/arm-none-eabi/9.3.1/../../../../arm-none-eabi/lib/thumb/v7e-m+fp/hard/libc.a(lib_a-reallocr.o)
                0x000000000000ab90                _realloc_r
 .text._wcrtomb_r
                0x000000000000af70       0x3c /opt/gcc-arm-none-eabi-9-2020-q2-update/bin/../lib/gcc/arm-none-eabi/9.3.1/../../../../arm-none-eabi/lib/thumb/v7e-m+fp/hard/libc.a(lib_a-wcrtomb.o)
                0x000000000000af70                _wcrtomb_r
 .text.__ascii_wctomb
                0x000000000000afac       0x1c /opt/gcc-arm-none-eabi-9-2020-q2-update/bin/../lib/gcc/arm-none-eabi/9.3.1/../../../../arm-none-eabi/lib/thumb/v7e-m+fp/hard/libc.a(lib_a-wctomb_r.o)
                0x000000000000afac                __ascii_wctomb
 .text.abort    0x000000000000afc8       0x10 /opt/gcc-arm-none-eabi-9-2020-q2-update/bin/../lib/gcc/arm-none-eabi/9.3.1/../../../../arm-none-eabi/lib/thumb/v7e-m+fp/hard/libc.a(lib_a-abort.o)
                0x000000000000afc8                abort
 .text._raise_r
                0x000000000000afd8       0x58 /opt/gcc-arm-none-eabi-9-2020-q2-update/bin/../lib/gcc/arm-none-eabi/9.3.1/../../../../arm-none-eabi/lib/thumb/v7e-m+fp/hard/libc.a(lib_a-signal.o)
                0x000000000000afd8                _raise_r
 .text.raise    0x000000000000b030       0x10 /opt/gcc-arm-none-eabi-9-2020-q2-update/bin/../lib/gcc/arm-none-eabi/9.3.1/../../../../arm-none-eabi/lib/thumb/v7e-m+fp/hard/libc.a(lib_a-signal.o)
                0x000000000000b030                raise
 .text._kill_r  0x000000000000b040       0x2c /opt/gcc-arm-none-eabi-9-2020-q2-update/bin/../lib/gcc/arm-none-eabi/9.3.1/../../../../arm-none-eabi/lib/thumb/v7e-m+fp/hard/libc.a(lib_a-signalr.o)
                0x000000000000b040                _kill_r
 .text._getpid_r
                0x000000000000b06c        0x4 /opt/gcc-arm-none-eabi-9-2020-q2-update/bin/../lib/gcc/arm-none-eabi/9.3.1/../../../../arm-none-eabi/lib/thumb/v7e-m+fp/hard/libc.a(lib_a-signalr.o)
                0x000000000000b06c                _getpid_r
 .text._close   0x000000000000b070       0x10 /opt/gcc-arm-none-eabi-9-2020-q2-update/bin/../lib/gcc/arm-none-eabi/9.3.1/../../../../arm-none-eabi/lib/thumb/v7e-m+fp/hard/libnosys.a(close.o)
                0x000000000000b070                _close
 .text._fstat   0x000000000000b080       0x10 /opt/gcc-arm-none-eabi-9-2020-q2-update/bin/../lib/gcc/arm-none-eabi/9.3.1/../../../../arm-none-eabi/lib/thumb/v7e-m+fp/hard/libnosys.a(fstat.o)
                0x000000000000b080                _fstat
 .text._getpid  0x000000000000b090       0x10 /opt/gcc-arm-none-eabi-9-2020-q2-update/bin/../lib/gcc/arm-none-eabi/9.3.1/../../../../arm-none-eabi/lib/thumb/v7e-m+fp/hard/libnosys.a(getpid.o)
                0x000000000000b090                _getpid
 .text._isatty  0x000000000000b0a0       0x10 /opt/gcc-arm-none-eabi-9-2020-q2-update/bin/../lib/gcc/arm-none-eabi/9.3.1/../../../../arm-none-eabi/lib/thumb/v7e-m+fp/hard/libnosys.a(isatty.o)
                0x000000000000b0a0                _isatty
 .text._kill    0x000000000000b0b0       0x10 /opt/gcc-arm-none-eabi-9-2020-q2-update/bin/../lib/gcc/arm-none-eabi/9.3.1/../../../../arm-none-eabi/lib/thumb/v7e-m+fp/hard/libnosys.a(kill.o)
                0x000000000000b0b0                _kill
 .text._lseek   0x000000000000b0c0       0x10 /opt/gcc-arm-none-eabi-9-2020-q2-update/bin/../lib/gcc/arm-none-eabi/9.3.1/../../../../arm-none-eabi/lib/thumb/v7e-m+fp/hard/libnosys.a(lseek.o)
                0x000000000000b0c0                _lseek
 .text._sbrk    0x000000000000b0d0       0x1c /opt/gcc-arm-none-eabi-9-2020-q2-update/bin/../lib/gcc/arm-none-eabi/9.3.1/../../../../arm-none-eabi/lib/thumb/v7e-m+fp/hard/libnosys.a(sbrk.o)
                0x000000000000b0d0                _sbrk
 .text._exit    0x000000000000b0ec        0x4 /opt/gcc-arm-none-eabi-9-2020-q2-update/bin/../lib/gcc/arm-none-eabi/9.3.1/../../../../arm-none-eabi/lib/thumb/v7e-m+fp/hard/libnosys.a(_exit.o)
                0x000000000000b0ec                _exit
 .text          0x000000000000b0f0      0x378 /opt/gcc-arm-none-eabi-9-2020-q2-update/bin/../lib/gcc/arm-none-eabi/9.3.1/thumb/v7e-m+fp/hard/libgcc.a(_arm_addsubdf3.o)
                0x000000000000b0f0                __aeabi_drsub
                0x000000000000b0f8                __aeabi_dsub
                0x000000000000b0f8                __subdf3
                0x000000000000b0fc                __adddf3
                0x000000000000b0fc                __aeabi_dadd
                0x000000000000b374                __aeabi_ui2d
                0x000000000000b374                __floatunsidf
                0x000000000000b394                __floatsidf
                0x000000000000b394                __aeabi_i2d
                0x000000000000b3b8                __extendsfdf2
                0x000000000000b3b8                __aeabi_f2d
                0x000000000000b3fc                __aeabi_ul2d
                0x000000000000b3fc                __floatundidf
                0x000000000000b40c                __floatdidf
                0x000000000000b40c                __aeabi_l2d
 .text          0x000000000000b468      0x424 /opt/gcc-arm-none-eabi-9-2020-q2-update/bin/../lib/gcc/arm-none-eabi/9.3.1/thumb/v7e-m+fp/hard/libgcc.a(_arm_muldivdf3.o)
                0x000000000000b468                __aeabi_dmul
                0x000000000000b468                __muldf3
                0x000000000000b6bc                __aeabi_ddiv
                0x000000000000b6bc                __divdf3
 .text          0x000000000000b88c      0x110 /opt/gcc-arm-none-eabi-9-2020-q2-update/bin/../lib/gcc/arm-none-eabi/9.3.1/thumb/v7e-m+fp/hard/libgcc.a(_arm_cmpdf2.o)
                0x000000000000b88c                __gtdf2
                0x000000000000b88c                __gedf2
                0x000000000000b894                __ltdf2
                0x000000000000b894                __ledf2
                0x000000000000b89c                __cmpdf2
                0x000000000000b89c                __eqdf2
                0x000000000000b89c                __nedf2
                0x000000000000b918                __aeabi_cdrcmple
                0x000000000000b928                __aeabi_cdcmple
                0x000000000000b928                __aeabi_cdcmpeq
                0x000000000000b938                __aeabi_dcmpeq
                0x000000000000b94c                __aeabi_dcmplt
                0x000000000000b960                __aeabi_dcmple
                0x000000000000b974                __aeabi_dcmpge
                0x000000000000b988                __aeabi_dcmpgt
 .text          0x000000000000b99c       0x2c /opt/gcc-arm-none-eabi-9-2020-q2-update/bin/../lib/gcc/arm-none-eabi/9.3.1/thumb/v7e-m+fp/hard/libgcc.a(_arm_unorddf2.o)
                0x000000000000b99c                __aeabi_dcmpun
                0x000000000000b99c                __unorddf2
 .text          0x000000000000b9c8       0x50 /opt/gcc-arm-none-eabi-9-2020-q2-update/bin/../lib/gcc/arm-none-eabi/9.3.1/thumb/v7e-m+fp/hard/libgcc.a(_arm_fixdfsi.o)
                0x000000000000b9c8                __fixdfsi
                0x000000000000b9c8                __aeabi_d2iz
 .text          0x000000000000ba18       0x30 /opt/gcc-arm-none-eabi-9-2020-q2-update/bin/../lib/gcc/arm-none-eabi/9.3.1/thumb/v7e-m+fp/hard/libgcc.a(_aeabi_uldivmod.o)
                0x000000000000ba18                __aeabi_uldivmod
 .text          0x000000000000ba48      0x2c4 /opt/gcc-arm-none-eabi-9-2020-q2-update/bin/../lib/gcc/arm-none-eabi/9.3.1/thumb/v7e-m+fp/hard/libgcc.a(_udivmoddi4.o)
                0x000000000000ba48                __udivmoddi4
 .text          0x000000000000bd0c        0x4 /opt/gcc-arm-none-eabi-9-2020-q2-update/bin/../lib/gcc/arm-none-eabi/9.3.1/thumb/v7e-m+fp/hard/libgcc.a(_dvmd_tls.o)
                0x000000000000bd0c                __aeabi_ldiv0
                0x000000000000bd0c                __aeabi_idiv0
 *(.init)
 .init          0x000000000000bd10        0x4 /opt/gcc-arm-none-eabi-9-2020-q2-update/bin/../lib/gcc/arm-none-eabi/9.3.1/thumb/v7e-m+fp/hard/crti.o
                0x000000000000bd10                _init
 .init          0x000000000000bd14        0x8 /opt/gcc-arm-none-eabi-9-2020-q2-update/bin/../lib/gcc/arm-none-eabi/9.3.1/thumb/v7e-m+fp/hard/crtn.o
 *(.fini)
 .fini          0x000000000000bd1c        0x4 /opt/gcc-arm-none-eabi-9-2020-q2-update/bin/../lib/gcc/arm-none-eabi/9.3.1/thumb/v7e-m+fp/hard/crti.o
                0x000000000000bd1c                _fini
 .fini          0x000000000000bd20        0x8 /opt/gcc-arm-none-eabi-9-2020-q2-update/bin/../lib/gcc/arm-none-eabi/9.3.1/thumb/v7e-m+fp/hard/crtn.o
 *crtbegin.o(.ctors)
 *crtbegin?.o(.ctors)
 *(EXCLUDE_FILE(*crtend.o *crtend?.o) .ctors)
 *(SORT_BY_NAME(.ctors.*))
 *(.ctors)
 *crtbegin.o(.dtors)
 *crtbegin?.o(.dtors)
 *(EXCLUDE_FILE(*crtend.o *crtend?.o) .dtors)
 *(SORT_BY_NAME(.dtors.*))
 *(.dtors)
 *(.rodata*)
 .rodata.init_button.str1.1
                0x000000000000bd28       0x43 _build/button.o
 .rodata        0x000000000000bd6b        0x3 _build/button.o
 .rodata.main.str1.1
                0x000000000000bd6e       0x8c _build/game_main.o
 *fill*         0x000000000000bdfa        0x2 
 .rodata        0x000000000000bdfc       0x10 _build/game_main.o
 *fill*         0x000000000000be0c        0x4 
 .rodata.delay_machine_code.9084
                0x000000000000be10        0x6 _build/game_main.o
 *fill*         0x000000000000be16        0x2 
 .rodata.haptic_timer
                0x000000000000be18        0x4 _build/game_main.o
 .rodata.joystick_timer
                0x000000000000be1c        0x4 _build/game_main.o
 .rodata.twi_mngr_instance
                0x000000000000be20       0x18 _build/game_main.o
 .rodata.nrf_gpio_pin_port_decode.str1.1
                0x000000000000be38       0x43 _build/better_error_handling.o
 .rodata.app_error_fault_handler.str1.1
                0x000000000000be38       0x78 _build/better_error_handling.o
 .rodata.LED_COLS
                0x000000000000beb0        0x5 _build/better_error_handling.o
 .rodata.LED_ROWS
                0x000000000000beb5        0x5 _build/better_error_handling.o
 *fill*         0x000000000000beba        0x6 
 .rodata.delay_machine_code.8602
                0x000000000000bec0        0x6 _build/better_error_handling.o
 .rodata.called_first.str1.1
                0x000000000000bec6       0x61 _build/microbit_before_startup.o
 *fill*         0x000000000000bf27        0x9 
 .rodata.delay_machine_code.8590
                0x000000000000bf30        0x6 _build/microbit_before_startup.o
 .rodata.uart_init.constprop.0.str1.1
                0x000000000000bf36       0x67 _build/microbit_nrf_log_backend_uart.o
 *fill*         0x000000000000bf9d        0x3 
 .rodata        0x000000000000bfa0       0x20 _build/microbit_nrf_log_backend_uart.o
 .rodata.nrf_log_backend_uart_api
                0x000000000000bfc0        0xc _build/microbit_nrf_log_backend_uart.o
                0x000000000000bfc0                nrf_log_backend_uart_api
 *fill*         0x000000000000bfcc        0x4 
 .rodata.delay_machine_code.9248
                0x000000000000bfd0        0x6 _build/app_timer.o
 .rodata.app_util_critical_region_enter.str1.1
                0x000000000000bfd6       0x55 _build/app_util_platform.o
 .rodata.HardFault_c_handler.str1.1
                0x000000000000c02b      0x12e _build/hardfault_implementation.o
 .rodata.str1.1
                0x000000000000c159      0x4c0 _build/hardfault_implementation.o
 *fill*         0x000000000000c619        0x3 
 .rodata.cfsr_msgs.9441
                0x000000000000c61c       0x68 _build/hardfault_implementation.o
 .rodata.nrf_balloc_init.str1.1
                0x000000000000c684       0x50 _build/nrf_balloc.o
 .rodata.str1.1
                0x000000000000c6d4        0x6 _build/nrf_drv_clock.o
 .rodata.nrf_gpio_pin_port_decode.str1.1
                0x000000000000c6da       0x43 _build/nrf_drv_twi.o
 *fill*         0x000000000000c6da        0x6 
 .rodata.delay_machine_code.8590
                0x000000000000c6e0        0x6 _build/nrf_drv_twi.o
 .rodata.nrf_fprintf_buffer_flush.str1.1
                0x000000000000c6e6       0x46 _build/nrf_fprintf.o
 .rodata.nrf_fprintf_fmt.str1.1
                0x000000000000c72c       0x4d _build/nrf_fprintf_format.o
 .rodata._aV2C.7922
                0x000000000000c779       0x10 _build/nrf_fprintf_format.o
 .rodata.nrf_log_default_backends_init.str1.1
                0x000000000000c789       0x5f _build/nrf_log_default_backends.o
 .rodata.str1.1
                0x000000000000c7e8       0x11 _build/nrf_log_default_backends.o
 .rodata.buf_prealloc.str1.1
                0x000000000000c7f9       0x57 _build/nrf_log_frontend.o
 .rodata.nrf_log_frontend_dequeue.str1.1
                0x000000000000c850       0x11 _build/nrf_log_frontend.o
 .rodata.str1.1
                0x000000000000c861        0x4 _build/nrf_log_frontend.o
 *fill*         0x000000000000c865        0x3 
 .rodata.m_log_push_ringbuf
                0x000000000000c868        0xc _build/nrf_log_frontend.o
 .rodata.postfix_process.str1.1
                0x000000000000c874        0x8 _build/nrf_log_str_formatter.o
                                          0xb (size before relaxing)
 .rodata.prefix_process.str1.1
                0x000000000000c87c       0x2a _build/nrf_log_str_formatter.o
 .rodata.nrf_log_hexdump_entry_process.str1.1
                0x000000000000c8a6        0xf _build/nrf_log_str_formatter.o
                                         0x11 (size before relaxing)
 .rodata.str1.1
                0x000000000000c8b5       0x4b _build/nrf_log_str_formatter.o
                                         0x51 (size before relaxing)
 .rodata.m_colors
                0x000000000000c900       0x24 _build/nrf_log_str_formatter.o
 .rodata.severity_names
                0x000000000000c924       0x14 _build/nrf_log_str_formatter.o
 .rodata.memobj_op.str1.1
                0x000000000000c938       0x50 _build/nrf_memobj.o
 .rodata.str1.1
                0x000000000000c988        0x9 _build/nrf_pwr_mgmt.o
 .rodata.nrf_queue_next_idx.str1.1
                0x000000000000c991       0x4e _build/nrf_queue.o
 .rodata.str1.1
                0x000000000000c9df      0x391 _build/nrf_strerror.o
 .rodata.m_unknown_str
                0x000000000000cd70       0x13 _build/nrf_strerror.o
 *fill*         0x000000000000cd83        0x1 
 .rodata.nrf_strerror_array
                0x000000000000cd84      0x118 _build/nrf_strerror.o
 .rodata.transaction_end_signal.str1.1
                0x000000000000ce9c       0x54 _build/nrf_twi_mngr.o
 .rodata.str1.1
                0x000000000000cef0        0x6 _build/nrfx_clock.o
 .rodata.nrf_gpio_pin_port_decode.str1.1
                0x000000000000cef6       0x43 _build/nrfx_gpiote.o
 .rodata.nrfx_gpiote_out_init.str1.1
                0x000000000000cef6       0x4e _build/nrfx_gpiote.o
 .rodata.str1.1
                0x000000000000cf44        0x7 _build/nrfx_gpiote.o
 .rodata.UARTE0_UART0_IRQHandler.str1.1
                0x000000000000cf4b       0x4f _build/nrfx_prs.o
 .rodata.str1.1
                0x000000000000cf9a        0x4 _build/nrfx_prs.o
 .rodata.str1.1
                0x000000000000cf9e        0x4 _build/nrfx_pwm.o
 .rodata.str1.1
                0x000000000000cfa2        0x6 _build/nrfx_saadc.o
 .rodata.nrf_gpio_pin_port_decode.str1.1
                0x000000000000cfa8       0x43 _build/nrfx_spim.o
 .rodata.SPIM2_SPIS2_SPI2_IRQHandler.str1.1
                0x000000000000cfa8       0x4c _build/nrfx_spim.o
 .rodata.str1.1
                0x000000000000cff4        0x5 _build/nrfx_spim.o
 .rodata.str1.1
                0x000000000000cff9        0x6 _build/nrfx_timer.o
 .rodata.nrf_gpio_pin_port_decode.str1.1
                0x000000000000cfff       0x43 _build/nrfx_twim.o
 .rodata.twim_irq_handler.str1.1
                0x000000000000cfff       0x4c _build/nrfx_twim.o
 .rodata.nrfx_twim_init.str1.1
                0x000000000000d04b       0x44 _build/nrfx_twim.o
 .rodata.str1.1
                0x000000000000d08f        0x5 _build/nrfx_twim.o
 .rodata.irq_handlers.9618
                0x000000000000d094        0x8 _build/nrfx_twim.o
 .rodata.nrf_gpio_pin_port_decode.str1.1
                0x000000000000d09c       0x43 _build/nrfx_uart.o
 .rodata.nrfx_uart_init.str1.1
                0x000000000000d09c       0x4c _build/nrfx_uart.o
                                         0x90 (size before relaxing)
 .rodata.str1.1
                0x000000000000d0e8        0x5 _build/nrfx_uart.o
 .rodata.nrf_gpio_pin_port_decode.str1.1
                0x000000000000d0ed       0x43 _build/nrfx_uarte.o
 .rodata.nrfx_uarte_init.str1.1
                0x000000000000d0ed       0x4d _build/nrfx_uarte.o
                                         0x91 (size before relaxing)
 .rodata.str1.1
                0x000000000000d13a        0x6 _build/nrfx_uarte.o
 .rodata._ctype_
                0x000000000000d140      0x101 /opt/gcc-arm-none-eabi-9-2020-q2-update/bin/../lib/gcc/arm-none-eabi/9.3.1/../../../../arm-none-eabi/lib/thumb/v7e-m+fp/hard/libc.a(lib_a-ctype_.o)
                0x000000000000d140                _ctype_
 *fill*         0x000000000000d241        0x3 
 .rodata._global_impure_ptr
                0x000000000000d244        0x4 /opt/gcc-arm-none-eabi-9-2020-q2-update/bin/../lib/gcc/arm-none-eabi/9.3.1/../../../../arm-none-eabi/lib/thumb/v7e-m+fp/hard/libc.a(lib_a-impure.o)
                0x000000000000d244                _global_impure_ptr
 .rodata._vfprintf_r.str1.4
                0x000000000000d248       0x42 /opt/gcc-arm-none-eabi-9-2020-q2-update/bin/../lib/gcc/arm-none-eabi/9.3.1/../../../../arm-none-eabi/lib/thumb/v7e-m+fp/hard/libc.a(lib_a-vfprintf.o)
 *fill*         0x000000000000d28a        0x2 
 .rodata.blanks.8713
                0x000000000000d28c       0x10 /opt/gcc-arm-none-eabi-9-2020-q2-update/bin/../lib/gcc/arm-none-eabi/9.3.1/../../../../arm-none-eabi/lib/thumb/v7e-m+fp/hard/libc.a(lib_a-vfprintf.o)
 .rodata.zeroes.8714
                0x000000000000d29c       0x10 /opt/gcc-arm-none-eabi-9-2020-q2-update/bin/../lib/gcc/arm-none-eabi/9.3.1/../../../../arm-none-eabi/lib/thumb/v7e-m+fp/hard/libc.a(lib_a-vfprintf.o)
 .rodata._dtoa_r.str1.4
                0x000000000000d2ac       0xa0 /opt/gcc-arm-none-eabi-9-2020-q2-update/bin/../lib/gcc/arm-none-eabi/9.3.1/../../../../arm-none-eabi/lib/thumb/v7e-m+fp/hard/libc.a(lib_a-dtoa.o)
                                         0xa4 (size before relaxing)
 .rodata.__multadd.str1.4
                0x000000000000d34c       0x7d /opt/gcc-arm-none-eabi-9-2020-q2-update/bin/../lib/gcc/arm-none-eabi/9.3.1/../../../../arm-none-eabi/lib/thumb/v7e-m+fp/hard/libc.a(lib_a-mprec.o)
                                         0x91 (size before relaxing)
 *fill*         0x000000000000d3c9        0x7 
 .rodata.__mprec_bigtens
                0x000000000000d3d0       0x28 /opt/gcc-arm-none-eabi-9-2020-q2-update/bin/../lib/gcc/arm-none-eabi/9.3.1/../../../../arm-none-eabi/lib/thumb/v7e-m+fp/hard/libc.a(lib_a-mprec.o)
                0x000000000000d3d0                __mprec_bigtens
 .rodata.__mprec_tens
                0x000000000000d3f8       0xc8 /opt/gcc-arm-none-eabi-9-2020-q2-update/bin/../lib/gcc/arm-none-eabi/9.3.1/../../../../arm-none-eabi/lib/thumb/v7e-m+fp/hard/libc.a(lib_a-mprec.o)
                0x000000000000d3f8                __mprec_tens
 .rodata.p05.7485
                0x000000000000d4c0        0xc /opt/gcc-arm-none-eabi-9-2020-q2-update/bin/../lib/gcc/arm-none-eabi/9.3.1/../../../../arm-none-eabi/lib/thumb/v7e-m+fp/hard/libc.a(lib_a-mprec.o)
 .rodata._vfiprintf_r.str1.4
                0x000000000000d4cc       0x2f /opt/gcc-arm-none-eabi-9-2020-q2-update/bin/../lib/gcc/arm-none-eabi/9.3.1/../../../../arm-none-eabi/lib/thumb/v7e-m+fp/hard/libc.a(lib_a-vfiprintf.o)
 .rodata.blanks.8691
                0x000000000000d4cc       0x10 /opt/gcc-arm-none-eabi-9-2020-q2-update/bin/../lib/gcc/arm-none-eabi/9.3.1/../../../../arm-none-eabi/lib/thumb/v7e-m+fp/hard/libc.a(lib_a-vfiprintf.o)
 .rodata.zeroes.8692
                0x000000000000d4dc       0x10 /opt/gcc-arm-none-eabi-9-2020-q2-update/bin/../lib/gcc/arm-none-eabi/9.3.1/../../../../arm-none-eabi/lib/thumb/v7e-m+fp/hard/libc.a(lib_a-vfiprintf.o)
 .rodata.__assert_func.str1.4
                0x000000000000d4ec       0x3f /opt/gcc-arm-none-eabi-9-2020-q2-update/bin/../lib/gcc/arm-none-eabi/9.3.1/../../../../arm-none-eabi/lib/thumb/v7e-m+fp/hard/libc.a(lib_a-assert.o)
                                         0x43 (size before relaxing)
 *fill*         0x000000000000d52b        0x1 
 .rodata._setlocale_r.str1.4
                0x000000000000d52c        0xa /opt/gcc-arm-none-eabi-9-2020-q2-update/bin/../lib/gcc/arm-none-eabi/9.3.1/../../../../arm-none-eabi/lib/thumb/v7e-m+fp/hard/libc.a(lib_a-locale.o)
                                          0xd (size before relaxing)
 *fill*         0x000000000000d536        0x2 
 .rodata.str1.4
                0x000000000000d538        0x2 /opt/gcc-arm-none-eabi-9-2020-q2-update/bin/../lib/gcc/arm-none-eabi/9.3.1/../../../../arm-none-eabi/lib/thumb/v7e-m+fp/hard/libc.a(lib_a-locale.o)
 *(.eh_frame*)
 *fill*         0x000000000000d53a        0x2 
 .eh_frame      0x000000000000d53c        0x0 /opt/gcc-arm-none-eabi-9-2020-q2-update/bin/../lib/gcc/arm-none-eabi/9.3.1/thumb/v7e-m+fp/hard/crtbegin.o
 .eh_frame      0x000000000000d53c        0x4 /opt/gcc-arm-none-eabi-9-2020-q2-update/bin/../lib/gcc/arm-none-eabi/9.3.1/thumb/v7e-m+fp/hard/crtend.o

.glue_7         0x000000000000d540        0x0
 .glue_7        0x000000000000d540        0x0 linker stubs

.glue_7t        0x000000000000d540        0x0
 .glue_7t       0x000000000000d540        0x0 linker stubs

.vfp11_veneer   0x000000000000d540        0x0
 .vfp11_veneer  0x000000000000d540        0x0 linker stubs

.v4_bx          0x000000000000d540        0x0
 .v4_bx         0x000000000000d540        0x0 linker stubs

.iplt           0x000000000000d540        0x0
 .iplt          0x000000000000d540        0x0 /opt/gcc-arm-none-eabi-9-2020-q2-update/bin/../lib/gcc/arm-none-eabi/9.3.1/thumb/v7e-m+fp/hard/crtbegin.o

.pwr_mgmt_data  0x000000000000d540        0x0
                0x000000000000d540                PROVIDE (__start_pwr_mgmt_data = .)
 *(SORT_BY_NAME(.pwr_mgmt_data*))
                0x000000000000d540                PROVIDE (__stop_pwr_mgmt_data = .)

.log_const_data
                0x000000000000d540       0x70
                0x000000000000d540                PROVIDE (__start_log_const_data = .)
 *(SORT_BY_NAME(.log_const_data*))
 .log_const_data_CLOCK
                0x000000000000d540        0x8 _build/nrfx_clock.o
                0x000000000000d540                m_nrf_log_CLOCK_logs_data_const
 .log_const_data_GPIOTE
                0x000000000000d548        0x8 _build/nrfx_gpiote.o
                0x000000000000d548                m_nrf_log_GPIOTE_logs_data_const
 .log_const_data_PRS
                0x000000000000d550        0x8 _build/nrfx_prs.o
                0x000000000000d550                m_nrf_log_PRS_logs_data_const
 .log_const_data_PWM
                0x000000000000d558        0x8 _build/nrfx_pwm.o
                0x000000000000d558                m_nrf_log_PWM_logs_data_const
 .log_const_data_SAADC
                0x000000000000d560        0x8 _build/nrfx_saadc.o
                0x000000000000d560                m_nrf_log_SAADC_logs_data_const
 .log_const_data_SPIM
                0x000000000000d568        0x8 _build/nrfx_spim.o
                0x000000000000d568                m_nrf_log_SPIM_logs_data_const
 .log_const_data_TIMER
                0x000000000000d570        0x8 _build/nrfx_timer.o
                0x000000000000d570                m_nrf_log_TIMER_logs_data_const
 .log_const_data_TWIM
                0x000000000000d578        0x8 _build/nrfx_twim.o
                0x000000000000d578                m_nrf_log_TWIM_logs_data_const
 .log_const_data_UART
                0x000000000000d580        0x8 _build/nrfx_uart.o
                0x000000000000d580                m_nrf_log_UART_logs_data_const
 .log_const_data_UARTE
                0x000000000000d588        0x8 _build/nrfx_uarte.o
                0x000000000000d588                m_nrf_log_UARTE_logs_data_const
 .log_const_data_app
                0x000000000000d590        0x8 _build/nrf_log_frontend.o
                0x000000000000d590                m_nrf_log_app_logs_data_const
 .log_const_data_clock
                0x000000000000d598        0x8 _build/nrf_drv_clock.o
                0x000000000000d598                m_nrf_log_clock_logs_data_const
 .log_const_data_hardfault
                0x000000000000d5a0        0x8 _build/hardfault_implementation.o
                0x000000000000d5a0                m_nrf_log_hardfault_logs_data_const
 .log_const_data_pwr_mgmt
                0x000000000000d5a8        0x8 _build/nrf_pwr_mgmt.o
                0x000000000000d5a8                m_nrf_log_pwr_mgmt_logs_data_const
                0x000000000000d5b0                PROVIDE (__stop_log_const_data = .)

.nrf_balloc     0x000000000000d5b0       0x14
                [!provide]                        PROVIDE (__start_nrf_balloc = .)
 *(.nrf_balloc)
 .nrf_balloc    0x000000000000d5b0       0x14 _build/nrf_log_frontend.o
                0x000000000000d5b0                log_mempool
                [!provide]                        PROVIDE (__stop_nrf_balloc = .)

.nrf_queue      0x000000000000d5c4       0x14
                [!provide]                        PROVIDE (__start_nrf_queue = .)
 *(.nrf_queue)
 .nrf_queue     0x000000000000d5c4       0x14 _build/game_main.o
                0x000000000000d5c4                twi_mngr_instance_queue
                [!provide]                        PROVIDE (__stop_nrf_queue = .)

.log_backends   0x000000000000d5d8       0x10
 .log_backends  0x000000000000d5d8       0x10 _build/nrf_log_default_backends.o

.cli_command    0x000000000000d5e8        0x0
                [!provide]                        PROVIDE (__start_cli_command = .)
 *(.cli_command)
                [!provide]                        PROVIDE (__stop_cli_command = .)

.sdh_stack_observers
                0x000000000000d5e8        0x0
                [!provide]                        PROVIDE (__start_sdh_stack_observers = .)
 *(SORT_BY_NAME(.sdh_stack_observers*))
                [!provide]                        PROVIDE (__stop_sdh_stack_observers = .)

.sdh_req_observers
                0x000000000000d5e8        0x0
                [!provide]                        PROVIDE (__start_sdh_req_observers = .)
 *(SORT_BY_NAME(.sdh_req_observers*))
                [!provide]                        PROVIDE (__stop_sdh_req_observers = .)

.sdh_state_observers
                0x000000000000d5e8        0x0
                [!provide]                        PROVIDE (__start_sdh_state_observers = .)
 *(SORT_BY_NAME(.sdh_state_observers*))
                [!provide]                        PROVIDE (__stop_sdh_state_observers = .)

.sdh_ant_observers
                0x000000000000d5e8        0x0
                [!provide]                        PROVIDE (__start_sdh_ant_observers = .)
 *(SORT_BY_NAME(.sdh_ant_observers*))
                [!provide]                        PROVIDE (__stop_sdh_ant_observers = .)

.sdh_ble_observers
                0x000000000000d5e8        0x0
                [!provide]                        PROVIDE (__start_sdh_ble_observers = .)
 *(SORT_BY_NAME(.sdh_ble_observers*))
                [!provide]                        PROVIDE (__stop_sdh_ble_observers = .)

.sdh_soc_observers
                0x000000000000d5e8        0x0
                [!provide]                        PROVIDE (__start_sdh_soc_observers = .)
 *(SORT_BY_NAME(.sdh_soc_observers*))
                [!provide]                        PROVIDE (__stop_sdh_soc_observers = .)

.crypto_data    0x000000000000d5e8        0x0
                [!provide]                        PROVIDE (__start_crypto_data = .)
 *(SORT_BY_NAME(.crypto_data*))
                [!provide]                        PROVIDE (__stop_crypto_data = .)

.ARM.extab
 *(.ARM.extab* .gnu.linkonce.armextab.*)
                0x000000000000d5e8                __exidx_start = .

.ARM.exidx      0x000000000000d5e8        0x8
 *(.ARM.exidx* .gnu.linkonce.armexidx.*)
 .ARM.exidx     0x000000000000d5e8        0x8 /opt/gcc-arm-none-eabi-9-2020-q2-update/bin/../lib/gcc/arm-none-eabi/9.3.1/../../../../arm-none-eabi/lib/thumb/v7e-m+fp/hard/crt0.o
                                         0x10 (size before relaxing)
 .ARM.exidx     0x000000000000d5f0        0x0 /opt/gcc-arm-none-eabi-9-2020-q2-update/bin/../lib/gcc/arm-none-eabi/9.3.1/thumb/v7e-m+fp/hard/libgcc.a(_udivmoddi4.o)
                                          0x8 (size before relaxing)
                0x000000000000d5f0                __exidx_end = .
                0x000000000000d5f0                __etext = .

.rel.dyn        0x000000000000d5f0        0x0
 .rel.iplt      0x000000000000d5f0        0x0 /opt/gcc-arm-none-eabi-9-2020-q2-update/bin/../lib/gcc/arm-none-eabi/9.3.1/thumb/v7e-m+fp/hard/crtbegin.o

.data           0x0000000020000000      0x9f8 load address 0x000000000000d5f0
                0x0000000020000000                __data_start__ = .
 *(vtable)
 *(.data*)
 .data.buttons  0x0000000020000000       0x10 _build/game_main.o
                0x0000000020000000                buttons
 .data.num_buttons
                0x0000000020000010        0x4 _build/game_main.o
                0x0000000020000010                num_buttons
 .data.first    0x0000000020000014        0x1 _build/haptic.o
                0x0000000020000014                first
 .data.high_accuracy
                0x0000000020000015        0x1 _build/joystick.o
                0x0000000020000015                high_accuracy
 *fill*         0x0000000020000016        0x2 
 .data.time     0x0000000020000018        0x4 _build/joystick.o
                0x0000000020000018                time
 .data.m_uart   0x000000002000001c       0x14 _build/microbit_nrf_log_backend_uart.o
                0x000000002000001c                m_uart
 .data.log_backend_cb_uart_log_backend
                0x0000000020000030        0x8 _build/nrf_log_default_backends.o
 .data.SystemCoreClock
                0x0000000020000038        0x4 _build/system_nrf52833.o
                0x0000000020000038                SystemCoreClock
 .data._impure_ptr
                0x000000002000003c        0x4 /opt/gcc-arm-none-eabi-9-2020-q2-update/bin/../lib/gcc/arm-none-eabi/9.3.1/../../../../arm-none-eabi/lib/thumb/v7e-m+fp/hard/libc.a(lib_a-impure.o)
                0x000000002000003c                _impure_ptr
 .data.impure_data
                0x0000000020000040      0x428 /opt/gcc-arm-none-eabi-9-2020-q2-update/bin/../lib/gcc/arm-none-eabi/9.3.1/../../../../arm-none-eabi/lib/thumb/v7e-m+fp/hard/libc.a(lib_a-impure.o)
 .data.__atexit_recursive_mutex
                0x0000000020000468        0x4 /opt/gcc-arm-none-eabi-9-2020-q2-update/bin/../lib/gcc/arm-none-eabi/9.3.1/../../../../arm-none-eabi/lib/thumb/v7e-m+fp/hard/libc.a(lib_a-__call_atexit.o)
                0x0000000020000468                __atexit_recursive_mutex
 .data.__malloc_av_
                0x000000002000046c      0x408 /opt/gcc-arm-none-eabi-9-2020-q2-update/bin/../lib/gcc/arm-none-eabi/9.3.1/../../../../arm-none-eabi/lib/thumb/v7e-m+fp/hard/libc.a(lib_a-mallocr.o)
                0x000000002000046c                __malloc_av_
 .data.__malloc_sbrk_base
                0x0000000020000874        0x4 /opt/gcc-arm-none-eabi-9-2020-q2-update/bin/../lib/gcc/arm-none-eabi/9.3.1/../../../../arm-none-eabi/lib/thumb/v7e-m+fp/hard/libc.a(lib_a-mallocr.o)
                0x0000000020000874                __malloc_sbrk_base
 .data.__malloc_trim_threshold
                0x0000000020000878        0x4 /opt/gcc-arm-none-eabi-9-2020-q2-update/bin/../lib/gcc/arm-none-eabi/9.3.1/../../../../arm-none-eabi/lib/thumb/v7e-m+fp/hard/libc.a(lib_a-mallocr.o)
                0x0000000020000878                __malloc_trim_threshold
 .data.__global_locale
                0x000000002000087c      0x16c /opt/gcc-arm-none-eabi-9-2020-q2-update/bin/../lib/gcc/arm-none-eabi/9.3.1/../../../../arm-none-eabi/lib/thumb/v7e-m+fp/hard/libc.a(lib_a-locale.o)
                0x000000002000087c                __global_locale
                0x00000000200009e8                . = ALIGN (0x4)
                0x00000000200009e8                PROVIDE (__preinit_array_start = .)
 *(.preinit_array)
                0x00000000200009e8                PROVIDE (__preinit_array_end = .)
                0x00000000200009e8                . = ALIGN (0x4)
                0x00000000200009e8                PROVIDE (__init_array_start = .)
 *(SORT_BY_NAME(.init_array.*))
 .init_array.00000
                0x00000000200009e8        0x4 /opt/gcc-arm-none-eabi-9-2020-q2-update/bin/../lib/gcc/arm-none-eabi/9.3.1/../../../../arm-none-eabi/lib/thumb/v7e-m+fp/hard/libc.a(lib_a-__call_atexit.o)
 *(.init_array)
 .init_array    0x00000000200009ec        0x4 /opt/gcc-arm-none-eabi-9-2020-q2-update/bin/../lib/gcc/arm-none-eabi/9.3.1/thumb/v7e-m+fp/hard/crtbegin.o
 .init_array    0x00000000200009f0        0x4 _build/microbit_before_startup.o
                0x00000000200009f4                PROVIDE (__init_array_end = .)
                0x00000000200009f4                . = ALIGN (0x4)
                0x00000000200009f4                PROVIDE (__fini_array_start = .)
 *(SORT_BY_NAME(.fini_array.*))
 *(.fini_array)
 .fini_array    0x00000000200009f4        0x4 /opt/gcc-arm-none-eabi-9-2020-q2-update/bin/../lib/gcc/arm-none-eabi/9.3.1/thumb/v7e-m+fp/hard/crtbegin.o
                0x00000000200009f8                PROVIDE (__fini_array_end = .)
 *(.jcr*)
                0x00000000200009f8                . = ALIGN (0x4)
                0x00000000200009f8                __data_end__ = .
LOAD /opt/gcc-arm-none-eabi-9-2020-q2-update/bin/../lib/gcc/arm-none-eabi/9.3.1/thumb/v7e-m+fp/hard/crti.o
LOAD /opt/gcc-arm-none-eabi-9-2020-q2-update/bin/../lib/gcc/arm-none-eabi/9.3.1/thumb/v7e-m+fp/hard/crtbegin.o
LOAD /opt/gcc-arm-none-eabi-9-2020-q2-update/bin/../lib/gcc/arm-none-eabi/9.3.1/../../../../arm-none-eabi/lib/thumb/v7e-m+fp/hard/crt0.o
START GROUP
LOAD _build/button.o
LOAD _build/game_main.o
LOAD _build/haptic.o
LOAD _build/i2c_lib.o
LOAD _build/joystick.o
LOAD _build/better_error_handling.o
LOAD _build/microbit_before_startup.o
LOAD _build/microbit_nrf_log_backend_uart.o
LOAD _build/microbit_retarget.o
LOAD _build/app_error_handler_gcc.o
LOAD _build/app_fifo.o
LOAD _build/app_scheduler.o
LOAD _build/app_timer.o
LOAD _build/app_uart_fifo.o
LOAD _build/app_util_platform.o
LOAD _build/hardfault_handler_gcc.o
LOAD _build/hardfault_implementation.o
LOAD _build/nrf_assert.o
LOAD _build/nrf_atomic.o
LOAD _build/nrf_balloc.o
LOAD _build/nrf_drv_clock.o
LOAD _build/nrf_drv_twi.o
LOAD _build/nrf_drv_uart.o
LOAD _build/nrf_fprintf.o
LOAD _build/nrf_fprintf_format.o
LOAD _build/nrf_log_backend_rtt.o
LOAD _build/nrf_log_backend_serial.o
LOAD _build/nrf_log_default_backends.o
LOAD _build/nrf_log_frontend.o
LOAD _build/nrf_log_str_formatter.o
LOAD _build/nrf_memobj.o
LOAD _build/nrf_nvmc.o
LOAD _build/nrf_pwr_mgmt.o
LOAD _build/nrf_queue.o
LOAD _build/nrf_ringbuf.o
LOAD _build/nrf_sdh.o
LOAD _build/nrf_section_iter.o
LOAD _build/nrf_serial.o
LOAD _build/nrf_strerror.o
LOAD _build/nrf_twi_mngr.o
LOAD _build/nrfx_clock.o
LOAD _build/nrfx_gpiote.o
LOAD _build/nrfx_ppi.o
LOAD _build/nrfx_prs.o
LOAD _build/nrfx_pwm.o
LOAD _build/nrfx_saadc.o
LOAD _build/nrfx_spim.o
LOAD _build/nrfx_timer.o
LOAD _build/nrfx_twi.o
LOAD _build/nrfx_twim.o
LOAD _build/nrfx_uart.o
LOAD _build/nrfx_uarte.o
LOAD _build/system_nrf52833.o
LOAD _build/app_error_weak.o
LOAD _build/gcc_startup_nrf52833.os
LOAD /opt/gcc-arm-none-eabi-9-2020-q2-update/bin/../lib/gcc/arm-none-eabi/9.3.1/../../../../arm-none-eabi/lib/thumb/v7e-m+fp/hard/libc.a
LOAD /opt/gcc-arm-none-eabi-9-2020-q2-update/bin/../lib/gcc/arm-none-eabi/9.3.1/../../../../arm-none-eabi/lib/thumb/v7e-m+fp/hard/libnosys.a
LOAD /opt/gcc-arm-none-eabi-9-2020-q2-update/bin/../lib/gcc/arm-none-eabi/9.3.1/../../../../arm-none-eabi/lib/thumb/v7e-m+fp/hard/libm.a
LOAD /opt/gcc-arm-none-eabi-9-2020-q2-update/bin/../lib/gcc/arm-none-eabi/9.3.1/../../../../arm-none-eabi/lib/thumb/v7e-m+fp/hard/libstdc++.a
END GROUP
START GROUP
LOAD /opt/gcc-arm-none-eabi-9-2020-q2-update/bin/../lib/gcc/arm-none-eabi/9.3.1/thumb/v7e-m+fp/hard/libgcc.a
LOAD /opt/gcc-arm-none-eabi-9-2020-q2-update/bin/../lib/gcc/arm-none-eabi/9.3.1/../../../../arm-none-eabi/lib/thumb/v7e-m+fp/hard/libc.a
END GROUP
LOAD /opt/gcc-arm-none-eabi-9-2020-q2-update/bin/../lib/gcc/arm-none-eabi/9.3.1/thumb/v7e-m+fp/hard/crtend.o
LOAD /opt/gcc-arm-none-eabi-9-2020-q2-update/bin/../lib/gcc/arm-none-eabi/9.3.1/thumb/v7e-m+fp/hard/crtn.o
START GROUP
LOAD /opt/gcc-arm-none-eabi-9-2020-q2-update/bin/../lib/gcc/arm-none-eabi/9.3.1/thumb/v7e-m+fp/hard/libgcc.a
LOAD /opt/gcc-arm-none-eabi-9-2020-q2-update/bin/../lib/gcc/arm-none-eabi/9.3.1/../../../../arm-none-eabi/lib/thumb/v7e-m+fp/hard/libc.a
LOAD /opt/gcc-arm-none-eabi-9-2020-q2-update/bin/../lib/gcc/arm-none-eabi/9.3.1/../../../../arm-none-eabi/lib/thumb/v7e-m+fp/hard/libnosys.a
END GROUP
                0x0000000000001000                FLASH_PAGE_SIZE = 0x1000
                0x0000000000000004                FLASH_DATA_PAGES_USED = 0x4

.igot.plt       0x00000000200009f8        0x0 load address 0x000000000000dfe8
 .igot.plt      0x00000000200009f8        0x0 /opt/gcc-arm-none-eabi-9-2020-q2-update/bin/../lib/gcc/arm-none-eabi/9.3.1/thumb/v7e-m+fp/hard/crtbegin.o
                0x00000000200009f8                . = ALIGN (0x4)

.svc_data       0x00000000200009f8        0x0
                [!provide]                        PROVIDE (__start_svc_data = .)
 *(.svc_data)
                [!provide]                        PROVIDE (__stop_svc_data = .)

.fs_data        0x00000000200009f8        0x0
                [!provide]                        PROVIDE (__start_fs_data = .)
 *(.fs_data)
                [!provide]                        PROVIDE (__stop_fs_data = .)

.log_dynamic_data
                0x00000000200009f8        0x0
                0x00000000200009f8                PROVIDE (__start_log_dynamic_data = .)
 *(SORT_BY_NAME(.log_dynamic_data*))
                [!provide]                        PROVIDE (__stop_log_dynamic_data = .)

.cli_sorted_cmd_ptrs
                0x00000000200009f8        0x0
                [!provide]                        PROVIDE (__start_cli_sorted_cmd_ptrs = .)
 *(.cli_sorted_cmd_ptrs)
                [!provide]                        PROVIDE (__stop_cli_sorted_cmd_ptrs = .)

.bss            0x00000000200009f8      0x9d8 load address 0x000000000000dfe8
                0x00000000200009f8                . = ALIGN (0x4)
                0x00000000200009f8                __bss_start__ = .
 *(.bss*)
 .bss           0x00000000200009f8       0x1c /opt/gcc-arm-none-eabi-9-2020-q2-update/bin/../lib/gcc/arm-none-eabi/9.3.1/thumb/v7e-m+fp/hard/crtbegin.o
 .bss.dev_values
                0x0000000020000a14        0x6 _build/game_main.o
                0x0000000020000a14                dev_values
 *fill*         0x0000000020000a1a        0x2 
 .bss.haptic_timer_data
                0x0000000020000a1c       0x20 _build/game_main.o
 .bss.joystick_timer_data
                0x0000000020000a3c       0x20 _build/game_main.o
 .bss.twi_mngr_instance_cb
                0x0000000020000a5c       0x1c _build/game_main.o
 .bss.twi_mngr_instance_queue_nrf_queue_buffer
                0x0000000020000a78        0x8 _build/game_main.o
 .bss.twi_mngr_instance_queue_nrf_queue_cb
                0x0000000020000a80        0xc _build/game_main.o
 .bss.last_val  0x0000000020000a8c        0x4 _build/joystick.o
                0x0000000020000a8c                last_val
 .bss.m_async_mode
                0x0000000020000a90        0x1 _build/microbit_nrf_log_backend_uart.o
 .bss.m_string_buff
                0x0000000020000a91       0x40 _build/microbit_nrf_log_backend_uart.o
 .bss.m_xfer_done
                0x0000000020000ad1        0x1 _build/microbit_nrf_log_backend_uart.o
 *fill*         0x0000000020000ad2        0x2 
 .bss.m_op_queue
                0x0000000020000ad4      0x10c _build/app_timer.o
 .bss.m_rtc1_reset
                0x0000000020000be0        0x1 _build/app_timer.o
 .bss.m_rtc1_running
                0x0000000020000be1        0x1 _build/app_timer.o
 *fill*         0x0000000020000be2        0x2 
 .bss.m_ticks_elapsed
                0x0000000020000be4        0x8 _build/app_timer.o
 .bss.m_ticks_elapsed_q_read_ind
                0x0000000020000bec        0x1 _build/app_timer.o
 .bss.m_ticks_elapsed_q_write_ind
                0x0000000020000bed        0x1 _build/app_timer.o
 *fill*         0x0000000020000bee        0x2 
 .bss.m_ticks_latest
                0x0000000020000bf0        0x4 _build/app_timer.o
 .bss.mp_timer_id_head
                0x0000000020000bf4        0x4 _build/app_timer.o
 .bss.m_in_critical_region
                0x0000000020000bf8        0x4 _build/app_util_platform.o
 .bss.m_contexts
                0x0000000020000bfc        0x8 _build/nrf_drv_twi.o
 .bss.m_handlers
                0x0000000020000c04        0x8 _build/nrf_drv_twi.o
 .bss.m_contexts
                0x0000000020000c0c        0x8 _build/nrf_drv_uart.o
 .bss.m_handlers
                0x0000000020000c14        0x8 _build/nrf_drv_uart.o
 .bss.log_mempool_nrf_balloc_cb
                0x0000000020000c1c        0x8 _build/nrf_log_frontend.o
 .bss.log_mempool_nrf_balloc_pool_mem
                0x0000000020000c24       0xc0 _build/nrf_log_frontend.o
 .bss.log_mempool_nrf_balloc_pool_stack
                0x0000000020000ce4        0x8 _build/nrf_log_frontend.o
 .bss.m_log_data
                0x0000000020000cec      0x424 _build/nrf_log_frontend.o
 .bss.m_log_push_ringbuf_buf
                0x0000000020001110       0x80 _build/nrf_log_frontend.o
 .bss.m_log_push_ringbuf_cb
                0x0000000020001190       0x18 _build/nrf_log_frontend.o
 .bss.m_clock_cb
                0x00000000200011a8        0x8 _build/nrfx_clock.o
 .bss.m_cb      0x00000000200011b0       0x68 _build/nrfx_gpiote.o
 .bss.m_prs_box_4
                0x0000000020001218        0x8 _build/nrfx_prs.o
 .bss.m_cb      0x0000000020001220        0x8 _build/nrfx_pwm.o
 .bss.m_cb      0x0000000020001228       0x30 _build/nrfx_saadc.o
 .bss.m_cb      0x0000000020001258       0x24 _build/nrfx_spim.o
 .bss.m_cb      0x000000002000127c       0x18 _build/nrfx_timer.o
 .bss.m_cb      0x0000000020001294       0x68 _build/nrfx_twim.o
 .bss.m_cb      0x00000000200012fc       0x2c _build/nrfx_uart.o
 .bss.m_cb      0x0000000020001328       0x24 _build/nrfx_uarte.o
 .bss.__malloc_current_mallinfo