Archive member included to satisfy reference by file (symbol)

/opt/gcc-arm-none-eabi-9-2020-q2-update/bin/../lib/gcc/arm-none-eabi/9.3.1/../../../../arm-none-eabi/lib/thumb/v7e-m+fp/hard/libc.a(lib_a-ctype_.o)
                              _build/nrf_log_str_formatter.o (_ctype_)
/opt/gcc-arm-none-eabi-9-2020-q2-update/bin/../lib/gcc/arm-none-eabi/9.3.1/../../../../arm-none-eabi/lib/thumb/v7e-m+fp/hard/libc.a(lib_a-exit.o)
                              /opt/gcc-arm-none-eabi-9-2020-q2-update/bin/../lib/gcc/arm-none-eabi/9.3.1/../../../../arm-none-eabi/lib/thumb/v7e-m+fp/hard/crt0.o (exit)
/opt/gcc-arm-none-eabi-9-2020-q2-update/bin/../lib/gcc/arm-none-eabi/9.3.1/../../../../arm-none-eabi/lib/thumb/v7e-m+fp/hard/libc.a(lib_a-impure.o)
                              /opt/gcc-arm-none-eabi-9-2020-q2-update/bin/../lib/gcc/arm-none-eabi/9.3.1/../../../../arm-none-eabi/lib/thumb/v7e-m+fp/hard/libc.a(lib_a-exit.o) (_global_impure_ptr)
/opt/gcc-arm-none-eabi-9-2020-q2-update/bin/../lib/gcc/arm-none-eabi/9.3.1/../../../../arm-none-eabi/lib/thumb/v7e-m+fp/hard/libc.a(lib_a-init.o)
                              /opt/gcc-arm-none-eabi-9-2020-q2-update/bin/../lib/gcc/arm-none-eabi/9.3.1/../../../../arm-none-eabi/lib/thumb/v7e-m+fp/hard/crt0.o (__libc_init_array)
/opt/gcc-arm-none-eabi-9-2020-q2-update/bin/../lib/gcc/arm-none-eabi/9.3.1/../../../../arm-none-eabi/lib/thumb/v7e-m+fp/hard/libc.a(lib_a-memcmp.o)
                              _build/nrf_twi_mngr.o (memcmp)
/opt/gcc-arm-none-eabi-9-2020-q2-update/bin/../lib/gcc/arm-none-eabi/9.3.1/../../../../arm-none-eabi/lib/thumb/v7e-m+fp/hard/libc.a(lib_a-memcpy.o)
                              _build/app_scheduler.o (memcpy)
/opt/gcc-arm-none-eabi-9-2020-q2-update/bin/../lib/gcc/arm-none-eabi/9.3.1/../../../../arm-none-eabi/lib/thumb/v7e-m+fp/hard/libc.a(lib_a-memset.o)
                              /opt/gcc-arm-none-eabi-9-2020-q2-update/bin/../lib/gcc/arm-none-eabi/9.3.1/../../../../arm-none-eabi/lib/thumb/v7e-m+fp/hard/crt0.o (memset)
/opt/gcc-arm-none-eabi-9-2020-q2-update/bin/../lib/gcc/arm-none-eabi/9.3.1/../../../../arm-none-eabi/lib/thumb/v7e-m+fp/hard/libc.a(lib_a-printf.o)
                              _build/game_main.o (printf)
/opt/gcc-arm-none-eabi-9-2020-q2-update/bin/../lib/gcc/arm-none-eabi/9.3.1/../../../../arm-none-eabi/lib/thumb/v7e-m+fp/hard/libc.a(lib_a-putchar.o)
                              _build/game_main.o (putchar)
/opt/gcc-arm-none-eabi-9-2020-q2-update/bin/../lib/gcc/arm-none-eabi/9.3.1/../../../../arm-none-eabi/lib/thumb/v7e-m+fp/hard/libc.a(lib_a-setbuf.o)
                              _build/microbit_before_startup.o (setbuf)
/opt/gcc-arm-none-eabi-9-2020-q2-update/bin/../lib/gcc/arm-none-eabi/9.3.1/../../../../arm-none-eabi/lib/thumb/v7e-m+fp/hard/libc.a(lib_a-setvbuf.o)
                              /opt/gcc-arm-none-eabi-9-2020-q2-update/bin/../lib/gcc/arm-none-eabi/9.3.1/../../../../arm-none-eabi/lib/thumb/v7e-m+fp/hard/libc.a(lib_a-setbuf.o) (setvbuf)
/opt/gcc-arm-none-eabi-9-2020-q2-update/bin/../lib/gcc/arm-none-eabi/9.3.1/../../../../arm-none-eabi/lib/thumb/v7e-m+fp/hard/libc.a(lib_a-strlen.o)
                              _build/nrf_fprintf_format.o (strlen)
/opt/gcc-arm-none-eabi-9-2020-q2-update/bin/../lib/gcc/arm-none-eabi/9.3.1/../../../../arm-none-eabi/lib/thumb/v7e-m+fp/hard/libc.a(lib_a-vfprintf.o)
                              /opt/gcc-arm-none-eabi-9-2020-q2-update/bin/../lib/gcc/arm-none-eabi/9.3.1/../../../../arm-none-eabi/lib/thumb/v7e-m+fp/hard/libc.a(lib_a-printf.o) (_vfprintf_r)
/opt/gcc-arm-none-eabi-9-2020-q2-update/bin/../lib/gcc/arm-none-eabi/9.3.1/../../../../arm-none-eabi/lib/thumb/v7e-m+fp/hard/libc.a(lib_a-wsetup.o)
                              /opt/gcc-arm-none-eabi-9-2020-q2-update/bin/../lib/gcc/arm-none-eabi/9.3.1/../../../../arm-none-eabi/lib/thumb/v7e-m+fp/hard/libc.a(lib_a-vfprintf.o) (__swsetup_r)
/opt/gcc-arm-none-eabi-9-2020-q2-update/bin/../lib/gcc/arm-none-eabi/9.3.1/../../../../arm-none-eabi/lib/thumb/v7e-m+fp/hard/libc.a(lib_a-__call_atexit.o)
                              /opt/gcc-arm-none-eabi-9-2020-q2-update/bin/../lib/gcc/arm-none-eabi/9.3.1/../../../../arm-none-eabi/lib/thumb/v7e-m+fp/hard/libc.a(lib_a-exit.o) (__call_exitprocs)
/opt/gcc-arm-none-eabi-9-2020-q2-update/bin/../lib/gcc/arm-none-eabi/9.3.1/../../../../arm-none-eabi/lib/thumb/v7e-m+fp/hard/libc.a(lib_a-atexit.o)
                              /opt/gcc-arm-none-eabi-9-2020-q2-update/bin/../lib/gcc/arm-none-eabi/9.3.1/../../../../arm-none-eabi/lib/thumb/v7e-m+fp/hard/libc.a(lib_a-__call_atexit.o) (atexit)
/opt/gcc-arm-none-eabi-9-2020-q2-update/bin/../lib/gcc/arm-none-eabi/9.3.1/../../../../arm-none-eabi/lib/thumb/v7e-m+fp/hard/libc.a(lib_a-dtoa.o)
                              /opt/gcc-arm-none-eabi-9-2020-q2-update/bin/../lib/gcc/arm-none-eabi/9.3.1/../../../../arm-none-eabi/lib/thumb/v7e-m+fp/hard/libc.a(lib_a-vfprintf.o) (_dtoa_r)
[...]
Memory Configuration

Name             Origin             Length             Attributes
FLASH            0x0000000000000000 0x0000000000080000 xr
RAM              0x0000000020000000 0x0000000000020000 xrw
*default*        0x0000000000000000 0xffffffffffffffff

Linker script and memory map

                0x000000000007f000                __stop_ot_flash_data = ((ORIGIN (FLASH) + LENGTH (FLASH)) - FLASH_PAGE_SIZE)
                0x000000000007b000                __start_ot_flash_data = (__stop_ot_flash_data - (FLASH_PAGE_SIZE * FLASH_DATA_PAGES_USED))
                0x0000000000000001                ASSERT ((__start_ot_flash_data >= (__etext + SIZEOF (.data))), Error: Code overlaps flash data area.)

.text           0x0000000000000000     0xd320
 *(.isr_vector)
 .isr_vector    0x0000000000000000      0x200 _build/gcc_startup_nrf52833.os
                0x0000000000000000                __isr_vector
 *(.text*)
 .text          0x0000000000000200       0x40 /opt/gcc-arm-none-eabi-9-2020-q2-update/bin/../lib/gcc/arm-none-eabi/9.3.1/thumb/v7e-m+fp/hard/crtbegin.o
 .text          0x0000000000000240       0x7c /opt/gcc-arm-none-eabi-9-2020-q2-update/bin/../lib/gcc/arm-none-eabi/9.3.1/../../../../arm-none-eabi/lib/thumb/v7e-m+fp/hard/crt0.o
                0x0000000000000240                _stack_init
                0x0000000000000248                _mainCRTStartup
                0x0000000000000248                _start
 .text.init_button
                0x00000000000002bc       0x70 _build/button.o
                0x00000000000002bc                init_button
 .text.read_button
                0x000000000000032c       0x38 _build/button.o
                0x000000000000032c                read_button
 .text.startup.main
                0x0000000000000364       0xc4 _build/game_main.o
                0x0000000000000364                main
 .text.haptic_init
                0x0000000000000428       0x44 _build/haptic.o
                0x0000000000000428                haptic_init
 .text.i2c_init
                0x000000000000046c       0x28 _build/i2c_lib.o
                0x000000000000046c                i2c_init
 .text.i2c_reg_read
                0x0000000000000494       0x54 _build/i2c_lib.o
                0x0000000000000494                i2c_reg_read
 .text.i2c_reg_write
                0x00000000000004e8       0x38 _build/i2c_lib.o
                0x00000000000004e8                i2c_reg_write
 .text.joystick_init
                0x0000000000000520       0x68 _build/joystick.o
                0x0000000000000520                joystick_init
 .text.read_joystick_horizontal
                0x0000000000000588       0x20 _build/joystick.o
                0x0000000000000588                read_joystick_horizontal
 .text.read_joystick_horizontal_low
                0x00000000000005a8        0x8 _build/joystick.o
                0x00000000000005a8                read_joystick_horizontal_low
 .text.read_joystick_vertical_low
                0x00000000000005b0        0x8 _build/joystick.o
                0x00000000000005b0                read_joystick_vertical_low
 .text.read_joystick_low
                0x00000000000005b8       0x20 _build/joystick.o
                0x00000000000005b8                read_joystick_low
 .text.read_joystick_vertical
                0x00000000000005d8       0x20 _build/joystick.o
                0x00000000000005d8                read_joystick_vertical
 .text.read_joystick
                0x00000000000005f8       0x14 _build/joystick.o
                0x00000000000005f8                read_joystick
 .text.update_val
                0x000000000000060c       0x28 _build/joystick.o
                0x000000000000060c                update_val
 .text.nrf_gpio_pin_port_decode
                0x0000000000000634       0x30 _build/better_error_handling.o
 .text.nrf_gpio_pin_clear
                0x0000000000000664       0x1a _build/better_error_handling.o
 .text.nrf_gpio_pin_set
                0x000000000000067e       0x1a _build/better_error_handling.o
 .text.nrf_delay_ms.part.0
                0x0000000000000698       0x1c _build/better_error_handling.o
 .text.error_blink_pattern
                0x00000000000006b4      0x104 _build/better_error_handling.o
 .text.app_error_fault_handler
                0x00000000000007b8       0x74 _build/better_error_handling.o
                0x00000000000007b8                app_error_fault_handler
 .text.HardFault_process
                0x000000000000082c        0x6 _build/better_error_handling.o
                0x000000000000082c                HardFault_process
 *fill*         0x0000000000000832        0x2 
 .text.startup.called_first
                0x0000000000000834       0x48 _build/microbit_before_startup.o
                0x0000000000000834                called_first
 .text.nrf_log_backend_uart_flush
                0x000000000000087c        0x2 _build/microbit_nrf_log_backend_uart.o
 *fill*         0x000000000000087e        0x2 
 .text.nrf_log_backend_uart_put
                0x0000000000000880       0x1c _build/microbit_nrf_log_backend_uart.o
 .text.uart_init.constprop.0
                0x000000000000089c       0x5c _build/microbit_nrf_log_backend_uart.o
 .text.serial_tx
                0x00000000000008f8       0x50 _build/microbit_nrf_log_backend_uart.o
 .text.nrf_log_backend_uart_panic_set
                0x0000000000000948       0x2c _build/microbit_nrf_log_backend_uart.o
 .text.nrf_log_backend_uart_init
                0x0000000000000974        0x4 _build/microbit_nrf_log_backend_uart.o
                0x0000000000000974                nrf_log_backend_uart_init
 .text._write   0x0000000000000978       0x2c _build/microbit_retarget.o
                0x0000000000000978                _write
 .text._read    0x00000000000009a4       0x30 _build/microbit_retarget.o
                0x00000000000009a4                _read
 .text.app_error_handler
                0x00000000000009d4       0x1a _build/app_error_handler_gcc.o
                0x00000000000009d4                app_error_handler
 *fill*         0x00000000000009ee        0x2 
 .text.user_op_alloc
                0x00000000000009f0       0x2c _build/app_timer.o
 .text.nrfx_coredep_delay_us.part.0.constprop.0
                0x0000000000000a1c       0x10 _build/app_timer.o
 .text.RTC1_IRQHandler
                0x0000000000000a2c       0x9c _build/app_timer.o
                0x0000000000000a2c                RTC1_IRQHandler
 .text.SWI0_EGU0_IRQHandler
                0x0000000000000ac8      0x2b8 _build/app_timer.o
                0x0000000000000ac8                SWI0_EGU0_IRQHandler
 .text.app_timer_init
                0x0000000000000d80       0x90 _build/app_timer.o
                0x0000000000000d80                app_timer_init
 .text.app_timer_create
                0x0000000000000e10       0x24 _build/app_timer.o
                0x0000000000000e10                app_timer_create
 .text.app_timer_start
                0x0000000000000e34       0x8c _build/app_timer.o
                0x0000000000000e34                app_timer_start
 .text.app_util_disable_irq
                0x0000000000000ec0       0x10 _build/app_util_platform.o
                0x0000000000000ec0                app_util_disable_irq
 .text.app_util_enable_irq
                0x0000000000000ed0       0x14 _build/app_util_platform.o
                0x0000000000000ed0                app_util_enable_irq
 .text.privilege_level_get
                0x0000000000000ee4       0x1a _build/app_util_platform.o
                0x0000000000000ee4                privilege_level_get
 *fill*         0x0000000000000efe        0x2 
 .text.app_util_critical_region_enter
                0x0000000000000f00       0x20 _build/app_util_platform.o
                0x0000000000000f00                app_util_critical_region_enter
 .text.app_util_critical_region_exit
                0x0000000000000f20       0x20 _build/app_util_platform.o
                0x0000000000000f20                app_util_critical_region_exit
 .text.HardFault_Handler
                0x0000000000000f40       0x34 _build/hardfault_handler_gcc.o
                0x0000000000000f40                HardFault_Handler
 .text.HardFault_c_handler
                0x0000000000000f74      0x104 _build/hardfault_implementation.o
                0x0000000000000f74                HardFault_c_handler
 .text.assert_nrf_callback
                0x0000000000001078       0x1a _build/nrf_assert.o
                0x0000000000001078                assert_nrf_callback
 .text.nrf_atomic_u32_fetch_store
                0x0000000000001092       0x16 _build/nrf_atomic.o
                0x0000000000001092                nrf_atomic_u32_fetch_store
 .text.nrf_atomic_u32_or
                0x00000000000010a8       0x18 _build/nrf_atomic.o
                0x00000000000010a8                nrf_atomic_u32_or
 .text.nrf_atomic_u32_fetch_and
                0x00000000000010c0       0x18 _build/nrf_atomic.o
                0x00000000000010c0                nrf_atomic_u32_fetch_and
 .text.nrf_atomic_u32_add
                0x00000000000010d8       0x18 _build/nrf_atomic.o
                0x00000000000010d8                nrf_atomic_u32_add
 .text.nrf_atomic_u32_sub
                0x00000000000010f0       0x18 _build/nrf_atomic.o
                0x00000000000010f0                nrf_atomic_u32_sub
 .text.nrf_atomic_flag_set
                0x0000000000001108        0x6 _build/nrf_atomic.o
                0x0000000000001108                nrf_atomic_flag_set
 .text.nrf_atomic_flag_clear_fetch
                0x000000000000110e        0x6 _build/nrf_atomic.o
                0x000000000000110e                nrf_atomic_flag_clear_fetch
 .text.nrf_balloc_init
                0x0000000000001114       0x7c _build/nrf_balloc.o
                0x0000000000001114                nrf_balloc_init
 .text.nrf_balloc_alloc
                0x0000000000001190       0x54 _build/nrf_balloc.o
                0x0000000000001190                nrf_balloc_alloc
 .text.nrf_balloc_free
                0x00000000000011e4       0x48 _build/nrf_balloc.o
                0x00000000000011e4                nrf_balloc_free
 .text.twim_evt_handler
                0x000000000000122c       0x40 _build/nrf_drv_twi.o
 .text.nrf_gpio_pin_port_decode
                0x000000000000126c       0x30 _build/nrf_drv_twi.o
 .text.nrf_gpio_pin_set
                0x000000000000129c       0x1a _build/nrf_drv_twi.o
 *fill*         0x00000000000012b6        0x2 
 .text.nrfx_coredep_delay_us.part.0.constprop.0
                0x00000000000012b8       0x10 _build/nrf_drv_twi.o
 .text.nrf_drv_twi_init
                0x00000000000012c8       0xec _build/nrf_drv_twi.o
                0x00000000000012c8                nrf_drv_twi_init
 .text.uarte_evt_handler
                0x00000000000013b4       0x34 _build/nrf_drv_uart.o
 .text.uart_evt_handler
                0x00000000000013e8       0x34 _build/nrf_drv_uart.o
 .text.nrf_drv_uart_init
                0x000000000000141c       0x7c _build/nrf_drv_uart.o
                0x000000000000141c                nrf_drv_uart_init
 .text.nrf_fprintf_buffer_flush
                0x0000000000001498       0x24 _build/nrf_fprintf.o
                0x0000000000001498                nrf_fprintf_buffer_flush
 .text.nrf_fprintf
                0x00000000000014bc       0x54 _build/nrf_fprintf.o
                0x00000000000014bc                nrf_fprintf
 .text.buffer_add
                0x0000000000001510       0x1e _build/nrf_fprintf_format.o
 *fill*         0x000000000000152e        0x2 
 .text.unsigned_print
                0x0000000000001530       0xb4 _build/nrf_fprintf_format.o
 .text.nrf_fprintf_fmt
                0x00000000000015e4      0x2d8 _build/nrf_fprintf_format.o
                0x00000000000015e4                nrf_fprintf_fmt
 .text.nrf_log_backend_serial_put
                0x00000000000018bc       0xc2 _build/nrf_log_backend_serial.o
                0x00000000000018bc                nrf_log_backend_serial_put
 *fill*         0x000000000000197e        0x2 
 .text.nrf_log_default_backends_init
                0x0000000000001980       0x30 _build/nrf_log_default_backends.o
                0x0000000000001980                nrf_log_default_backends_init
 .text.invalid_packets_omit
                0x00000000000019b0       0x3a _build/nrf_log_frontend.o
 *fill*         0x00000000000019ea        0x2 
 .text.buf_prealloc
                0x00000000000019ec      0x144 _build/nrf_log_frontend.o
 .text.nrf_log_init
                0x0000000000001b30       0x3c _build/nrf_log_frontend.o
                0x0000000000001b30                nrf_log_init
 .text.nrf_log_module_name_get
                0x0000000000001b6c       0x38 _build/nrf_log_frontend.o
                0x0000000000001b6c                nrf_log_module_name_get
 .text.nrf_log_color_id_get
                0x0000000000001ba4       0x2c _build/nrf_log_frontend.o
                0x0000000000001ba4                nrf_log_color_id_get
 .text.buffer_is_empty
                0x0000000000001bd0       0x14 _build/nrf_log_frontend.o
                0x0000000000001bd0                buffer_is_empty
 .text.nrf_log_frontend_dequeue
                0x0000000000001be4      0x218 _build/nrf_log_frontend.o
                0x0000000000001be4                nrf_log_frontend_dequeue
 .text.std_n    0x0000000000001dfc       0xb8 _build/nrf_log_frontend.o
 .text.nrf_log_frontend_std_0
                0x0000000000001eb4        0x8 _build/nrf_log_frontend.o
                0x0000000000001eb4                nrf_log_frontend_std_0
 .text.nrf_log_frontend_std_1
                0x0000000000001ebc       0x12 _build/nrf_log_frontend.o
                0x0000000000001ebc                nrf_log_frontend_std_1
 .text.nrf_log_frontend_std_3
                0x0000000000001ece       0x18 _build/nrf_log_frontend.o
                0x0000000000001ece                nrf_log_frontend_std_3
 .text.nrf_log_frontend_std_4
                0x0000000000001ee6       0x1c _build/nrf_log_frontend.o
                0x0000000000001ee6                nrf_log_frontend_std_4
 *fill*         0x0000000000001f02        0x2 
 .text.nrf_log_backend_add
                0x0000000000001f04       0x54 _build/nrf_log_frontend.o
                0x0000000000001f04                nrf_log_backend_add
 .text.nrf_log_panic
                0x0000000000001f58       0x2c _build/nrf_log_frontend.o
                0x0000000000001f58                nrf_log_panic
 .text.postfix_process
                0x0000000000001f84       0x44 _build/nrf_log_str_formatter.o
 .text.prefix_process
                0x0000000000001fc8       0x7c _build/nrf_log_str_formatter.o
 .text.nrf_log_std_entry_process
                0x0000000000002044       0xc8 _build/nrf_log_str_formatter.o
                0x0000000000002044                nrf_log_std_entry_process
 .text.nrf_log_hexdump_entry_process
                0x000000000000210c       0xbc _build/nrf_log_str_formatter.o
                0x000000000000210c                nrf_log_hexdump_entry_process
 .text.memobj_op
                0x00000000000021c8       0xa8 _build/nrf_memobj.o
 .text.nrf_memobj_pool_init
                0x0000000000002270        0x4 _build/nrf_memobj.o
                0x0000000000002270                nrf_memobj_pool_init
 .text.nrf_memobj_free
                0x0000000000002274       0x2c _build/nrf_memobj.o
                0x0000000000002274                nrf_memobj_free
 .text.nrf_memobj_alloc
                0x00000000000022a0       0x5e _build/nrf_memobj.o
                0x00000000000022a0                nrf_memobj_alloc
 .text.nrf_memobj_get
                0x00000000000022fe        0x8 _build/nrf_memobj.o
                0x00000000000022fe                nrf_memobj_get
 .text.nrf_memobj_put
                0x0000000000002306       0x1e _build/nrf_memobj.o
                0x0000000000002306                nrf_memobj_put
 .text.nrf_memobj_write
                0x0000000000002324       0x28 _build/nrf_memobj.o
                0x0000000000002324                nrf_memobj_write
 .text.nrf_memobj_read
                0x000000000000234c       0x28 _build/nrf_memobj.o
                0x000000000000234c                nrf_memobj_read
 .text.queue_utilization_get
                0x0000000000002374       0x18 _build/nrf_queue.o
 .text.nrf_queue_next_idx
                0x000000000000238c       0x20 _build/nrf_queue.o
 .text.nrf_queue_is_full
                0x00000000000023ac       0x28 _build/nrf_queue.o
                0x00000000000023ac                nrf_queue_is_full
 .text.nrf_queue_push
                0x00000000000023d4       0xc0 _build/nrf_queue.o
                0x00000000000023d4                nrf_queue_push
 .text.nrf_queue_is_empty
                0x0000000000002494       0x24 _build/nrf_queue.o
                0x0000000000002494                nrf_queue_is_empty
 .text.nrf_queue_generic_pop
                0x00000000000024b8       0x9c _build/nrf_queue.o
                0x00000000000024b8                nrf_queue_generic_pop
 .text.nrf_ringbuf_init
                0x0000000000002554       0x1c _build/nrf_ringbuf.o
                0x0000000000002554                nrf_ringbuf_init
 .text.nrf_strerror_find
                0x0000000000002570       0x3c _build/nrf_strerror.o
                0x0000000000002570                nrf_strerror_find
 .text.nrf_strerror_get
                0x00000000000025ac       0x14 _build/nrf_strerror.o
                0x00000000000025ac                nrf_strerror_get
 .text.internal_transaction_cb
                0x00000000000025c0        0xa _build/nrf_twi_mngr.o
 *fill*         0x00000000000025ca        0x2 
 .text.transaction_end_signal
                0x00000000000025cc       0x30 _build/nrf_twi_mngr.o
 .text.start_transfer
                0x00000000000025fc       0xc4 _build/nrf_twi_mngr.o
 .text.start_pending_transaction
                0x00000000000026c0       0xb0 _build/nrf_twi_mngr.o
 .text.twi_event_handler
                0x0000000000002770       0x58 _build/nrf_twi_mngr.o
 .text.nrf_twi_mngr_init
                0x00000000000027c8       0x78 _build/nrf_twi_mngr.o
                0x00000000000027c8                nrf_twi_mngr_init
 .text.nrf_twi_mngr_schedule
                0x0000000000002840       0x60 _build/nrf_twi_mngr.o
                0x0000000000002840                nrf_twi_mngr_schedule
 .text.nrf_twi_mngr_perform
                0x00000000000028a0       0x84 _build/nrf_twi_mngr.o
                0x00000000000028a0                nrf_twi_mngr_perform
 .text.POWER_CLOCK_IRQHandler
                0x0000000000002924       0x5c _build/nrfx_clock.o
                0x0000000000002924                POWER_CLOCK_IRQHandler
 .text.nrf_gpiote_event_clear
                0x0000000000002980       0x18 _build/nrfx_gpiote.o
 .text.channel_free
                0x0000000000002998       0x1c _build/nrfx_gpiote.o
 .text.nrf_gpio_pin_port_decode
                0x00000000000029b4       0x30 _build/nrfx_gpiote.o
 .text.nrf_gpio_cfg_sense_set
                0x00000000000029e4       0x2e _build/nrfx_gpiote.o
 *fill*         0x0000000000002a12        0x2 
 .text.nrf_gpio_ports_read.constprop.0
                0x0000000000002a14       0x18 _build/nrfx_gpiote.o
 .text.nrfx_gpiote_init
                0x0000000000002a2c       0x70 _build/nrfx_gpiote.o
                0x0000000000002a2c                nrfx_gpiote_init
 .text.nrfx_gpiote_in_init
                0x0000000000002a9c      0x114 _build/nrfx_gpiote.o
                0x0000000000002a9c                nrfx_gpiote_in_init
 .text.nrfx_gpiote_in_event_enable
                0x0000000000002bb0       0xbc _build/nrfx_gpiote.o
                0x0000000000002bb0                nrfx_gpiote_in_event_enable
 .text.GPIOTE_IRQHandler
                0x0000000000002c6c      0x1a8 _build/nrfx_gpiote.o
                0x0000000000002c6c                GPIOTE_IRQHandler
 .text.UARTE0_UART0_IRQHandler
                0x0000000000002e14       0x20 _build/nrfx_prs.o
                0x0000000000002e14                UARTE0_UART0_IRQHandler
 .text.nrfx_prs_acquire
                0x0000000000002e34       0x44 _build/nrfx_prs.o
                0x0000000000002e34                nrfx_prs_acquire
 .text.nrfx_prs_release
                0x0000000000002e78       0x28 _build/nrfx_prs.o
                0x0000000000002e78                nrfx_prs_release
 .text.nrf_pwm_event_clear
                0x0000000000002ea0       0x10 _build/nrfx_pwm.o
 .text.PWM0_IRQHandler
                0x0000000000002eb0       0x90 _build/nrfx_pwm.o
                0x0000000000002eb0                PWM0_IRQHandler
 .text.nrf_saadc_event_clear
                0x0000000000002f40       0x18 _build/nrfx_saadc.o
 .text.SAADC_IRQHandler
                0x0000000000002f58      0x160 _build/nrfx_saadc.o
                0x0000000000002f58                SAADC_IRQHandler
 .text.nrf_gpio_pin_port_decode
                0x00000000000030b8       0x30 _build/nrfx_spim.o
 .text.nrf_gpio_pin_clear
                0x00000000000030e8       0x1a _build/nrfx_spim.o
 .text.nrf_gpio_pin_set
                0x0000000000003102       0x1a _build/nrfx_spim.o
 .text.SPIM2_SPIS2_SPI2_IRQHandler
                0x000000000000311c       0x68 _build/nrfx_spim.o
                0x000000000000311c                SPIM2_SPIS2_SPI2_IRQHandler
 .text.irq_handler.constprop.0
                0x0000000000003184       0x4c _build/nrfx_timer.o
 .text.TIMER0_IRQHandler
                0x00000000000031d0       0x10 _build/nrfx_timer.o
                0x00000000000031d0                TIMER0_IRQHandler
 .text.TIMER1_IRQHandler
                0x00000000000031e0       0x10 _build/nrfx_timer.o
                0x00000000000031e0                TIMER1_IRQHandler
 .text.nrf_twim_event_clear
                0x00000000000031f0       0x10 _build/nrfx_twim.o
 .text.xfer_completeness_check
                0x0000000000003200       0x6c _build/nrfx_twim.o
 .text.nrf_gpio_pin_port_decode
                0x000000000000326c       0x30 _build/nrfx_twim.o
 .text.twim_irq_handler
                0x000000000000329c      0x138 _build/nrfx_twim.o
 .text.SPIM0_SPIS0_TWIM0_TWIS0_SPI0_TWI0_IRQHandler
                0x00000000000033d4       0x10 _build/nrfx_twim.o
                0x00000000000033d4                SPIM0_SPIS0_TWIM0_TWIS0_SPI0_TWI0_IRQHandler
 .text.SPIM1_SPIS1_TWIM1_TWIS1_SPI1_TWI1_IRQHandler
                0x00000000000033e4       0x10 _build/nrfx_twim.o
                0x00000000000033e4                SPIM1_SPIS1_TWIM1_TWIS1_SPI1_TWI1_IRQHandler
 .text.nrfx_twim_init
                0x00000000000033f4      0x144 _build/nrfx_twim.o
                0x00000000000033f4                nrfx_twim_init
 .text.nrfx_twim_enable
                0x0000000000003538       0x40 _build/nrfx_twim.o
                0x0000000000003538                nrfx_twim_enable
 .text.nrfx_twim_disable
                0x0000000000003578       0x54 _build/nrfx_twim.o
                0x0000000000003578                nrfx_twim_disable
 .text.nrfx_twim_uninit
                0x00000000000035cc       0xb4 _build/nrfx_twim.o
                0x00000000000035cc                nrfx_twim_uninit
 .text.nrfx_twim_xfer
                0x0000000000003680      0x330 _build/nrfx_twim.o
                0x0000000000003680                nrfx_twim_xfer
 .text.nrf_uart_event_clear
                0x00000000000039b0       0x10 _build/nrfx_uart.o
 .text.tx_byte  0x00000000000039c0       0x1e _build/nrfx_uart.o
 *fill*         0x00000000000039de        0x2 
 .text.nrf_gpio_pin_port_decode
                0x00000000000039e0       0x30 _build/nrfx_uart.o
 .text.nrf_gpio_cfg_default
                0x0000000000003a10       0x1c _build/nrfx_uart.o
 .text.rx_enable.isra.0
                0x0000000000003a2c       0x20 _build/nrfx_uart.o
 .text.rx_byte  0x0000000000003a4c       0x2c _build/nrfx_uart.o
 .text.rx_done_event.constprop.0
                0x0000000000003a78       0x20 _build/nrfx_uart.o
 .text.nrfx_uart_0_irq_handler
                0x0000000000003a98      0x13c _build/nrfx_uart.o
                0x0000000000003a98                nrfx_uart_0_irq_handler
 .text.nrfx_uart_init
                0x0000000000003bd4      0x1e4 _build/nrfx_uart.o
                0x0000000000003bd4                nrfx_uart_init
 .text.nrfx_uart_uninit
                0x0000000000003db8       0xc0 _build/nrfx_uart.o
                0x0000000000003db8                nrfx_uart_uninit
 .text.nrfx_uart_tx
                0x0000000000003e78       0xe0 _build/nrfx_uart.o
                0x0000000000003e78                nrfx_uart_tx
 .text.nrfx_uart_rx
                0x0000000000003f58      0x130 _build/nrfx_uart.o
                0x0000000000003f58                nrfx_uart_rx
 .text.nrf_uarte_event_clear
                0x0000000000004088       0x10 _build/nrfx_uarte.o
 .text.nrf_gpio_pin_port_decode
                0x0000000000004098       0x30 _build/nrfx_uarte.o
 .text.nrf_gpio_cfg_default
                0x00000000000040c8       0x1c _build/nrfx_uarte.o
 .text.rx_done_event.constprop.0
                0x00000000000040e4       0x20 _build/nrfx_uarte.o
 .text.nrfx_uarte_0_irq_handler
                0x0000000000004104      0x118 _build/nrfx_uarte.o
                0x0000000000004104                nrfx_uarte_0_irq_handler
 .text.nrfx_uarte_init
                0x000000000000421c      0x1f8 _build/nrfx_uarte.o
                0x000000000000421c                nrfx_uarte_init
 .text.nrfx_uarte_uninit
                0x0000000000004414       0xec _build/nrfx_uarte.o
                0x0000000000004414                nrfx_uarte_uninit
 .text.nrfx_uarte_tx
                0x0000000000004500       0xf4 _build/nrfx_uarte.o
                0x0000000000004500                nrfx_uarte_tx
 .text.nrfx_uarte_rx
                0x00000000000045f4      0x130 _build/nrfx_uarte.o
                0x00000000000045f4                nrfx_uarte_rx
 .text.errata_36
                0x0000000000004724       0x20 _build/system_nrf52833.o
 .text.SystemInit
                0x0000000000004744      0x174 _build/system_nrf52833.o
                0x0000000000004744                SystemInit
 .text          0x00000000000048b8       0x3c _build/gcc_startup_nrf52833.os
                0x00000000000048b8                Reset_Handler
                0x00000000000048e0                NMI_Handler
                0x00000000000048e4                MemoryManagement_Handler
                0x00000000000048e6                BusFault_Handler
                0x00000000000048e8                UsageFault_Handler
                0x00000000000048ea                SVC_Handler
                0x00000000000048ec                DebugMon_Handler
                0x00000000000048ee                PendSV_Handler
                0x00000000000048f0                SysTick_Handler
                0x00000000000048f2                TIMER2_IRQHandler
                0x00000000000048f2                RTC0_IRQHandler
                0x00000000000048f2                SWI2_EGU2_IRQHandler
                0x00000000000048f2                PWM1_IRQHandler
                0x00000000000048f2                RADIO_IRQHandler
                0x00000000000048f2                PDM_IRQHandler
                0x00000000000048f2                TEMP_IRQHandler
                0x00000000000048f2                QDEC_IRQHandler
                0x00000000000048f2                TIMER3_IRQHandler
                0x00000000000048f2                PWM3_IRQHandler
                0x00000000000048f2                FPU_IRQHandler
                0x00000000000048f2                USBD_IRQHandler
                0x00000000000048f2                TIMER4_IRQHandler
                0x00000000000048f2                I2S_IRQHandler
                0x00000000000048f2                SWI4_EGU4_IRQHandler
                0x00000000000048f2                UARTE1_IRQHandler
                0x00000000000048f2                SPIM3_IRQHandler
                0x00000000000048f2                PWM2_IRQHandler
                0x00000000000048f2                ECB_IRQHandler
                0x00000000000048f2                Default_Handler
                0x00000000000048f2                CCM_AAR_IRQHandler
                0x00000000000048f2                WDT_IRQHandler
                0x00000000000048f2                SWI5_EGU5_IRQHandler
                0x00000000000048f2                RNG_IRQHandler
                0x00000000000048f2                RTC2_IRQHandler
                0x00000000000048f2                SWI3_EGU3_IRQHandler
                0x00000000000048f2                SWI1_EGU1_IRQHandler
                0x00000000000048f2                NFCT_IRQHandler
                0x00000000000048f2                MWU_IRQHandler
                0x00000000000048f2                COMP_LPCOMP_IRQHandler
 .text.exit     0x00000000000048f4       0x20 /opt/gcc-arm-none-eabi-9-2020-q2-update/bin/../lib/gcc/arm-none-eabi/9.3.1/../../../../arm-none-eabi/lib/thumb/v7e-m+fp/hard/libc.a(lib_a-exit.o)
                0x00000000000048f4                exit
 .text.__libc_init_array
                0x0000000000004914       0x48 /opt/gcc-arm-none-eabi-9-2020-q2-update/bin/../lib/gcc/arm-none-eabi/9.3.1/../../../../arm-none-eabi/lib/thumb/v7e-m+fp/hard/libc.a(lib_a-init.o)
                0x0000000000004914                __libc_init_array
 .text.memcmp   0x000000000000495c       0x60 /opt/gcc-arm-none-eabi-9-2020-q2-update/bin/../lib/gcc/arm-none-eabi/9.3.1/../../../../arm-none-eabi/lib/thumb/v7e-m+fp/hard/libc.a(lib_a-memcmp.o)
                0x000000000000495c                memcmp
 .text          0x00000000000049bc      0x134 /opt/gcc-arm-none-eabi-9-2020-q2-update/bin/../lib/gcc/arm-none-eabi/9.3.1/../../../../arm-none-eabi/lib/thumb/v7e-m+fp/hard/libc.a(lib_a-memcpy.o)
                0x00000000000049bc                memcpy
 .text.memset   0x0000000000004af0       0xa0 /opt/gcc-arm-none-eabi-9-2020-q2-update/bin/../lib/gcc/arm-none-eabi/9.3.1/../../../../arm-none-eabi/lib/thumb/v7e-m+fp/hard/libc.a(lib_a-memset.o)
                0x0000000000004af0                memset
 .text.printf   0x0000000000004b90       0x28 /opt/gcc-arm-none-eabi-9-2020-q2-update/bin/../lib/gcc/arm-none-eabi/9.3.1/../../../../arm-none-eabi/lib/thumb/v7e-m+fp/hard/libc.a(lib_a-printf.o)
                0x0000000000004b90                printf
 .text.putchar  0x0000000000004bb8       0x14 /opt/gcc-arm-none-eabi-9-2020-q2-update/bin/../lib/gcc/arm-none-eabi/9.3.1/../../../../arm-none-eabi/lib/thumb/v7e-m+fp/hard/libc.a(lib_a-putchar.o)
                0x0000000000004bb8                putchar
 .text.setbuf   0x0000000000004bcc       0x10 /opt/gcc-arm-none-eabi-9-2020-q2-update/bin/../lib/gcc/arm-none-eabi/9.3.1/../../../../arm-none-eabi/lib/thumb/v7e-m+fp/hard/libc.a(lib_a-setbuf.o)
                0x0000000000004bcc                setbuf
 .text.setvbuf  0x0000000000004bdc      0x1a0 /opt/gcc-arm-none-eabi-9-2020-q2-update/bin/../lib/gcc/arm-none-eabi/9.3.1/../../../../arm-none-eabi/lib/thumb/v7e-m+fp/hard/libc.a(lib_a-setvbuf.o)
                0x0000000000004bdc                setvbuf
 *fill*         0x0000000000004d7c        0x4 
 .text          0x0000000000004d80       0xdc /opt/gcc-arm-none-eabi-9-2020-q2-update/bin/../lib/gcc/arm-none-eabi/9.3.1/../../../../arm-none-eabi/lib/thumb/v7e-m+fp/hard/libc.a(lib_a-strlen.o)
                0x0000000000004d80                strlen
 *fill*         0x0000000000004e5c        0x4 
 .text._vfprintf_r
                0x0000000000004e60     0x1be0 /opt/gcc-arm-none-eabi-9-2020-q2-update/bin/../lib/gcc/arm-none-eabi/9.3.1/../../../../arm-none-eabi/lib/thumb/v7e-m+fp/hard/libc.a(lib_a-vfprintf.o)
                0x0000000000004e60                _vfprintf_r
 .text.__sbprintf
                0x0000000000006a40       0x84 /opt/gcc-arm-none-eabi-9-2020-q2-update/bin/../lib/gcc/arm-none-eabi/9.3.1/../../../../arm-none-eabi/lib/thumb/v7e-m+fp/hard/libc.a(lib_a-vfprintf.o)
 .text.__swsetup_r
                0x0000000000006ac4       0xd0 /opt/gcc-arm-none-eabi-9-2020-q2-update/bin/../lib/gcc/arm-none-eabi/9.3.1/../../../../arm-none-eabi/lib/thumb/v7e-m+fp/hard/libc.a(lib_a-wsetup.o)
                0x0000000000006ac4                __swsetup_r
 .text.startup.register_fini
                0x0000000000006b94       0x14 /opt/gcc-arm-none-eabi-9-2020-q2-update/bin/../lib/gcc/arm-none-eabi/9.3.1/../../../../arm-none-eabi/lib/thumb/v7e-m+fp/hard/libc.a(lib_a-__call_atexit.o)
 .text.__call_exitprocs
                0x0000000000006ba8       0xcc /opt/gcc-arm-none-eabi-9-2020-q2-update/bin/../lib/gcc/arm-none-eabi/9.3.1/../../../../arm-none-eabi/lib/thumb/v7e-m+fp/hard/libc.a(lib_a-__call_atexit.o)
                0x0000000000006ba8                __call_exitprocs
 .text.atexit   0x0000000000006c74        0xc /opt/gcc-arm-none-eabi-9-2020-q2-update/bin/../lib/gcc/arm-none-eabi/9.3.1/../../../../arm-none-eabi/lib/thumb/v7e-m+fp/hard/libc.a(lib_a-atexit.o)
                0x0000000000006c74                atexit
 .text.quorem   0x0000000000006c80      0x11c /opt/gcc-arm-none-eabi-9-2020-q2-update/bin/../lib/gcc/arm-none-eabi/9.3.1/../../../../arm-none-eabi/lib/thumb/v7e-m+fp/hard/libc.a(lib_a-dtoa.o)
 *fill*         0x0000000000006d9c        0x4 
 .text._dtoa_r  0x0000000000006da0      0xf44 /opt/gcc-arm-none-eabi-9-2020-q2-update/bin/../lib/gcc/arm-none-eabi/9.3.1/../../../../arm-none-eabi/lib/thumb/v7e-m+fp/hard/libc.a(lib_a-dtoa.o)
                0x0000000000006da0                _dtoa_r
 .text.__sflush_r
                0x0000000000007ce4      0x130 /opt/gcc-arm-none-eabi-9-2020-q2-update/bin/../lib/gcc/arm-none-eabi/9.3.1/../../../../arm-none-eabi/lib/thumb/v7e-m+fp/hard/libc.a(lib_a-fflush.o)
                0x0000000000007ce4                __sflush_r
 .text._fflush_r
                0x0000000000007e14       0x5c /opt/gcc-arm-none-eabi-9-2020-q2-update/bin/../lib/gcc/arm-none-eabi/9.3.1/../../../../arm-none-eabi/lib/thumb/v7e-m+fp/hard/libc.a(lib_a-fflush.o)
                0x0000000000007e14                _fflush_r
 .text.std      0x0000000000007e70       0x50 /opt/gcc-arm-none-eabi-9-2020-q2-update/bin/../lib/gcc/arm-none-eabi/9.3.1/../../../../arm-none-eabi/lib/thumb/v7e-m+fp/hard/libc.a(lib_a-findfp.o)
 .text._cleanup_r
                0x0000000000007ec0        0xc /opt/gcc-arm-none-eabi-9-2020-q2-update/bin/../lib/gcc/arm-none-eabi/9.3.1/../../../../arm-none-eabi/lib/thumb/v7e-m+fp/hard/libc.a(lib_a-findfp.o)
                0x0000000000007ec0                _cleanup_r
 .text.__sinit  0x0000000000007ecc       0x54 /opt/gcc-arm-none-eabi-9-2020-q2-update/bin/../lib/gcc/arm-none-eabi/9.3.1/../../../../arm-none-eabi/lib/thumb/v7e-m+fp/hard/libc.a(lib_a-findfp.o)
                0x0000000000007ecc                __sinit
 .text.__sfp_lock_acquire
                0x0000000000007f20        0xc /opt/gcc-arm-none-eabi-9-2020-q2-update/bin/../lib/gcc/arm-none-eabi/9.3.1/../../../../arm-none-eabi/lib/thumb/v7e-m+fp/hard/libc.a(lib_a-findfp.o)
                0x0000000000007f20                __sfp_lock_acquire
 .text.__sfp_lock_release
                0x0000000000007f2c        0xc /opt/gcc-arm-none-eabi-9-2020-q2-update/bin/../lib/gcc/arm-none-eabi/9.3.1/../../../../arm-none-eabi/lib/thumb/v7e-m+fp/hard/libc.a(lib_a-findfp.o)
                0x0000000000007f2c                __sfp_lock_release
 .text.__libc_fini_array
                0x0000000000007f38       0x2c /opt/gcc-arm-none-eabi-9-2020-q2-update/bin/../lib/gcc/arm-none-eabi/9.3.1/../../../../arm-none-eabi/lib/thumb/v7e-m+fp/hard/libc.a(lib_a-fini.o)
                0x0000000000007f38                __libc_fini_array
 .text._malloc_trim_r
                0x0000000000007f64       0xa0 /opt/gcc-arm-none-eabi-9-2020-q2-update/bin/../lib/gcc/arm-none-eabi/9.3.1/../../../../arm-none-eabi/lib/thumb/v7e-m+fp/hard/libc.a(lib_a-freer.o)
                0x0000000000007f64                _malloc_trim_r
 .text._free_r  0x0000000000008004      0x208 /opt/gcc-arm-none-eabi-9-2020-q2-update/bin/../lib/gcc/arm-none-eabi/9.3.1/../../../../arm-none-eabi/lib/thumb/v7e-m+fp/hard/libc.a(lib_a-freer.o)
                0x0000000000008004                _free_r
 .text._fwalk_reent
                0x000000000000820c       0x48 /opt/gcc-arm-none-eabi-9-2020-q2-update/bin/../lib/gcc/arm-none-eabi/9.3.1/../../../../arm-none-eabi/lib/thumb/v7e-m+fp/hard/libc.a(lib_a-fwalk.o)
                0x000000000000820c                _fwalk_reent
 .text._localeconv_r
                0x0000000000008254        0x8 /opt/gcc-arm-none-eabi-9-2020-q2-update/bin/../lib/gcc/arm-none-eabi/9.3.1/../../../../arm-none-eabi/lib/thumb/v7e-m+fp/hard/libc.a(lib_a-localeconv.o)
                0x0000000000008254                _localeconv_r
 .text.__retarget_lock_init_recursive
                0x000000000000825c        0x4 /opt/gcc-arm-none-eabi-9-2020-q2-update/bin/../lib/gcc/arm-none-eabi/9.3.1/../../../../arm-none-eabi/lib/thumb/v7e-m+fp/hard/libc.a(lib_a-lock.o)
                0x000000000000825c                __retarget_lock_init_recursive
 .text.__retarget_lock_close_recursive
                0x0000000000008260        0x4 /opt/gcc-arm-none-eabi-9-2020-q2-update/bin/../lib/gcc/arm-none-eabi/9.3.1/../../../../arm-none-eabi/lib/thumb/v7e-m+fp/hard/libc.a(lib_a-lock.o)
                0x0000000000008260                __retarget_lock_close_recursive
 .text.__retarget_lock_acquire_recursive
                0x0000000000008264        0x4 /opt/gcc-arm-none-eabi-9-2020-q2-update/bin/../lib/gcc/arm-none-eabi/9.3.1/../../../../arm-none-eabi/lib/thumb/v7e-m+fp/hard/libc.a(lib_a-lock.o)
                0x0000000000008264                __retarget_lock_acquire_recursive
 .text.__retarget_lock_release_recursive
                0x0000000000008268        0x4 /opt/gcc-arm-none-eabi-9-2020-q2-update/bin/../lib/gcc/arm-none-eabi/9.3.1/../../../../arm-none-eabi/lib/thumb/v7e-m+fp/hard/libc.a(lib_a-lock.o)
                0x0000000000008268                __retarget_lock_release_recursive
 .text.__swhatbuf_r
                0x000000000000826c       0x5c /opt/gcc-arm-none-eabi-9-2020-q2-update/bin/../lib/gcc/arm-none-eabi/9.3.1/../../../../arm-none-eabi/lib/thumb/v7e-m+fp/hard/libc.a(lib_a-makebuf.o)
                0x000000000000826c                __swhatbuf_r
 .text.__smakebuf_r
                0x00000000000082c8       0x98 /opt/gcc-arm-none-eabi-9-2020-q2-update/bin/../lib/gcc/arm-none-eabi/9.3.1/../../../../arm-none-eabi/lib/thumb/v7e-m+fp/hard/libc.a(lib_a-makebuf.o)
                0x00000000000082c8                __smakebuf_r
 .text.malloc   0x0000000000008360       0x10 /opt/gcc-arm-none-eabi-9-2020-q2-update/bin/../lib/gcc/arm-none-eabi/9.3.1/../../../../arm-none-eabi/lib/thumb/v7e-m+fp/hard/libc.a(lib_a-malloc.o)
                0x0000000000008360                malloc
 .text._malloc_r
                0x0000000000008370      0x574 /opt/gcc-arm-none-eabi-9-2020-q2-update/bin/../lib/gcc/arm-none-eabi/9.3.1/../../../../arm-none-eabi/lib/thumb/v7e-m+fp/hard/libc.a(lib_a-mallocr.o)
                0x0000000000008370                _malloc_r
 *fill*         0x00000000000088e4        0xc 
 .text          0x00000000000088f0       0xa0 /opt/gcc-arm-none-eabi-9-2020-q2-update/bin/../lib/gcc/arm-none-eabi/9.3.1/../../../../arm-none-eabi/lib/thumb/v7e-m+fp/hard/libc.a(lib_a-memchr.o)
                0x00000000000088f0                memchr
 .text.__malloc_lock
                0x0000000000008990        0xc /opt/gcc-arm-none-eabi-9-2020-q2-update/bin/../lib/gcc/arm-none-eabi/9.3.1/../../../../arm-none-eabi/lib/thumb/v7e-m+fp/hard/libc.a(lib_a-mlock.o)
                0x0000000000008990                __malloc_lock
 .text.__malloc_unlock
                0x000000000000899c        0xc /opt/gcc-arm-none-eabi-9-2020-q2-update/bin/../lib/gcc/arm-none-eabi/9.3.1/../../../../arm-none-eabi/lib/thumb/v7e-m+fp/hard/libc.a(lib_a-mlock.o)
                0x000000000000899c                __malloc_unlock
 .text._Balloc  0x00000000000089a8       0x4c /opt/gcc-arm-none-eabi-9-2020-q2-update/bin/../lib/gcc/arm-none-eabi/9.3.1/../../../../arm-none-eabi/lib/thumb/v7e-m+fp/hard/libc.a(lib_a-mprec.o)
                0x00000000000089a8                _Balloc
 .text._Bfree   0x00000000000089f4       0x14 /opt/gcc-arm-none-eabi-9-2020-q2-update/bin/../lib/gcc/arm-none-eabi/9.3.1/../../../../arm-none-eabi/lib/thumb/v7e-m+fp/hard/libc.a(lib_a-mprec.o)
                0x00000000000089f4                _Bfree
 .text.__multadd
                0x0000000000008a08       0xac /opt/gcc-arm-none-eabi-9-2020-q2-update/bin/../lib/gcc/arm-none-eabi/9.3.1/../../../../arm-none-eabi/lib/thumb/v7e-m+fp/hard/libc.a(lib_a-mprec.o)
                0x0000000000008a08                __multadd
 .text.__hi0bits
                0x0000000000008ab4       0x40 /opt/gcc-arm-none-eabi-9-2020-q2-update/bin/../lib/gcc/arm-none-eabi/9.3.1/../../../../arm-none-eabi/lib/thumb/v7e-m+fp/hard/libc.a(lib_a-mprec.o)
                0x0000000000008ab4                __hi0bits
 .text.__lo0bits
                0x0000000000008af4       0x60 /opt/gcc-arm-none-eabi-9-2020-q2-update/bin/../lib/gcc/arm-none-eabi/9.3.1/../../../../arm-none-eabi/lib/thumb/v7e-m+fp/hard/libc.a(lib_a-mprec.o)
                0x0000000000008af4                __lo0bits
 .text.__i2b    0x0000000000008b54       0x2c /opt/gcc-arm-none-eabi-9-2020-q2-update/bin/../lib/gcc/arm-none-eabi/9.3.1/../../../../arm-none-eabi/lib/thumb/v7e-m+fp/hard/libc.a(lib_a-mprec.o)
                0x0000000000008b54                __i2b
 .text.__multiply
                0x0000000000008b80      0x160 /opt/gcc-arm-none-eabi-9-2020-q2-update/bin/../lib/gcc/arm-none-eabi/9.3.1/../../../../arm-none-eabi/lib/thumb/v7e-m+fp/hard/libc.a(lib_a-mprec.o)
                0x0000000000008b80                __multiply
 .text.__pow5mult
                0x0000000000008ce0       0x98 /opt/gcc-arm-none-eabi-9-2020-q2-update/bin/../lib/gcc/arm-none-eabi/9.3.1/../../../../arm-none-eabi/lib/thumb/v7e-m+fp/hard/libc.a(lib_a-mprec.o)
                0x0000000000008ce0                __pow5mult
 .text.__lshift
                0x0000000000008d78       0xe8 /opt/gcc-arm-none-eabi-9-2020-q2-update/bin/../lib/gcc/arm-none-eabi/9.3.1/../../../../arm-none-eabi/lib/thumb/v7e-m+fp/hard/libc.a(lib_a-mprec.o)
                0x0000000000008d78                __lshift
 .text.__mcmp   0x0000000000008e60       0x3c /opt/gcc-arm-none-eabi-9-2020-q2-update/bin/../lib/gcc/arm-none-eabi/9.3.1/../../../../arm-none-eabi/lib/thumb/v7e-m+fp/hard/libc.a(lib_a-mprec.o)
                0x0000000000008e60                __mcmp
 .text.__mdiff  0x0000000000008e9c      0x148 /opt/gcc-arm-none-eabi-9-2020-q2-update/bin/../lib/gcc/arm-none-eabi/9.3.1/../../../../arm-none-eabi/lib/thumb/v7e-m+fp/hard/libc.a(lib_a-mprec.o)
                0x0000000000008e9c                __mdiff
 .text.__d2b    0x0000000000008fe4       0xd0 /opt/gcc-arm-none-eabi-9-2020-q2-update/bin/../lib/gcc/arm-none-eabi/9.3.1/../../../../arm-none-eabi/lib/thumb/v7e-m+fp/hard/libc.a(lib_a-mprec.o)
                0x0000000000008fe4                __d2b
 .text._putc_r  0x00000000000090b4       0x74 /opt/gcc-arm-none-eabi-9-2020-q2-update/bin/../lib/gcc/arm-none-eabi/9.3.1/../../../../arm-none-eabi/lib/thumb/v7e-m+fp/hard/libc.a(lib_a-putc.o)
                0x00000000000090b4                _putc_r
 .text.frexp    0x0000000000009128       0x6c /opt/gcc-arm-none-eabi-9-2020-q2-update/bin/../lib/gcc/arm-none-eabi/9.3.1/../../../../arm-none-eabi/lib/thumb/v7e-m+fp/hard/libc.a(lib_a-s_frexp.o)
                0x0000000000009128                frexp
 .text._sbrk_r  0x0000000000009194       0x24 /opt/gcc-arm-none-eabi-9-2020-q2-update/bin/../lib/gcc/arm-none-eabi/9.3.1/../../../../arm-none-eabi/lib/thumb/v7e-m+fp/hard/libc.a(lib_a-sbrkr.o)
                0x0000000000009194                _sbrk_r
 .text.__sread  0x00000000000091b8       0x24 /opt/gcc-arm-none-eabi-9-2020-q2-update/bin/../lib/gcc/arm-none-eabi/9.3.1/../../../../arm-none-eabi/lib/thumb/v7e-m+fp/hard/libc.a(lib_a-stdio.o)
                0x00000000000091b8                __sread
 .text.__swrite
                0x00000000000091dc       0x40 /opt/gcc-arm-none-eabi-9-2020-q2-update/bin/../lib/gcc/arm-none-eabi/9.3.1/../../../../arm-none-eabi/lib/thumb/v7e-m+fp/hard/libc.a(lib_a-stdio.o)
                0x00000000000091dc                __swrite
 .text.__sseek  0x000000000000921c       0x20 /opt/gcc-arm-none-eabi-9-2020-q2-update/bin/../lib/gcc/arm-none-eabi/9.3.1/../../../../arm-none-eabi/lib/thumb/v7e-m+fp/hard/libc.a(lib_a-stdio.o)
                0x000000000000921c                __sseek
 .text.__sclose
                0x000000000000923c        0x8 /opt/gcc-arm-none-eabi-9-2020-q2-update/bin/../lib/gcc/arm-none-eabi/9.3.1/../../../../arm-none-eabi/lib/thumb/v7e-m+fp/hard/libc.a(lib_a-stdio.o)
                0x000000000000923c                __sclose
 .text.strncpy  0x0000000000009244       0x68 /opt/gcc-arm-none-eabi-9-2020-q2-update/bin/../lib/gcc/arm-none-eabi/9.3.1/../../../../arm-none-eabi/lib/thumb/v7e-m+fp/hard/libc.a(lib_a-strncpy.o)
                0x0000000000009244                strncpy
 .text.__sprint_r.part.0
                0x00000000000092ac       0x78 /opt/gcc-arm-none-eabi-9-2020-q2-update/bin/../lib/gcc/arm-none-eabi/9.3.1/../../../../arm-none-eabi/lib/thumb/v7e-m+fp/hard/libc.a(lib_a-vfiprintf.o)
 .text.__sprint_r
                0x0000000000009324       0x18 /opt/gcc-arm-none-eabi-9-2020-q2-update/bin/../lib/gcc/arm-none-eabi/9.3.1/../../../../arm-none-eabi/lib/thumb/v7e-m+fp/hard/libc.a(lib_a-vfiprintf.o)
                0x0000000000009324                __sprint_r
 .text._vfiprintf_r
                0x000000000000933c      0xd4c /opt/gcc-arm-none-eabi-9-2020-q2-update/bin/../lib/gcc/arm-none-eabi/9.3.1/../../../../arm-none-eabi/lib/thumb/v7e-m+fp/hard/libc.a(lib_a-vfiprintf.o)
                0x000000000000933c                _vfiprintf_r
 .text.__sbprintf
                0x000000000000a088       0x84 /opt/gcc-arm-none-eabi-9-2020-q2-update/bin/../lib/gcc/arm-none-eabi/9.3.1/../../../../arm-none-eabi/lib/thumb/v7e-m+fp/hard/libc.a(lib_a-vfiprintf.o)
 .text.__swbuf_r
                0x000000000000a10c       0xb0 /opt/gcc-arm-none-eabi-9-2020-q2-update/bin/../lib/gcc/arm-none-eabi/9.3.1/../../../../arm-none-eabi/lib/thumb/v7e-m+fp/hard/libc.a(lib_a-wbuf.o)
                0x000000000000a10c                __swbuf_r
 .text._write_r
                0x000000000000a1bc       0x2c /opt/gcc-arm-none-eabi-9-2020-q2-update/bin/../lib/gcc/arm-none-eabi/9.3.1/../../../../arm-none-eabi/lib/thumb/v7e-m+fp/hard/libc.a(lib_a-writer.o)
                0x000000000000a1bc                _write_r
 .text.__register_exitproc
                0x000000000000a1e8       0x8c /opt/gcc-arm-none-eabi-9-2020-q2-update/bin/../lib/gcc/arm-none-eabi/9.3.1/../../../../arm-none-eabi/lib/thumb/v7e-m+fp/hard/libc.a(lib_a-__atexit.o)
                0x000000000000a1e8                __register_exitproc
 .text.__assert_func
                0x000000000000a274       0x3c /opt/gcc-arm-none-eabi-9-2020-q2-update/bin/../lib/gcc/arm-none-eabi/9.3.1/../../../../arm-none-eabi/lib/thumb/v7e-m+fp/hard/libc.a(lib_a-assert.o)
                0x000000000000a274                __assert_func
 .text._calloc_r
                0x000000000000a2b0       0x60 /opt/gcc-arm-none-eabi-9-2020-q2-update/bin/../lib/gcc/arm-none-eabi/9.3.1/../../../../arm-none-eabi/lib/thumb/v7e-m+fp/hard/libc.a(lib_a-callocr.o)
                0x000000000000a2b0                _calloc_r
 .text._close_r
                0x000000000000a310       0x24 /opt/gcc-arm-none-eabi-9-2020-q2-update/bin/../lib/gcc/arm-none-eabi/9.3.1/../../../../arm-none-eabi/lib/thumb/v7e-m+fp/hard/libc.a(lib_a-closer.o)
                0x000000000000a310                _close_r
 .text._fclose_r
                0x000000000000a334       0xcc /opt/gcc-arm-none-eabi-9-2020-q2-update/bin/../lib/gcc/arm-none-eabi/9.3.1/../../../../arm-none-eabi/lib/thumb/v7e-m+fp/hard/libc.a(lib_a-fclose.o)
                0x000000000000a334                _fclose_r
 .text.fiprintf
                0x000000000000a400       0x28 /opt/gcc-arm-none-eabi-9-2020-q2-update/bin/../lib/gcc/arm-none-eabi/9.3.1/../../../../arm-none-eabi/lib/thumb/v7e-m+fp/hard/libc.a(lib_a-fiprintf.o)
                0x000000000000a400                fiprintf
 .text.__fputwc
                0x000000000000a428       0xa8 /opt/gcc-arm-none-eabi-9-2020-q2-update/bin/../lib/gcc/arm-none-eabi/9.3.1/../../../../arm-none-eabi/lib/thumb/v7e-m+fp/hard/libc.a(lib_a-fputwc.o)
                0x000000000000a428                __fputwc
 .text._fputwc_r
                0x000000000000a4d0       0x68 /opt/gcc-arm-none-eabi-9-2020-q2-update/bin/../lib/gcc/arm-none-eabi/9.3.1/../../../../arm-none-eabi/lib/thumb/v7e-m+fp/hard/libc.a(lib_a-fputwc.o)
                0x000000000000a4d0                _fputwc_r
 .text._fstat_r
                0x000000000000a538       0x2c /opt/gcc-arm-none-eabi-9-2020-q2-update/bin/../lib/gcc/arm-none-eabi/9.3.1/../../../../arm-none-eabi/lib/thumb/v7e-m+fp/hard/libc.a(lib_a-fstatr.o)
                0x000000000000a538                _fstat_r
 .text.__sfvwrite_r
                0x000000000000a564      0x2e0 /opt/gcc-arm-none-eabi-9-2020-q2-update/bin/../lib/gcc/arm-none-eabi/9.3.1/../../../../arm-none-eabi/lib/thumb/v7e-m+fp/hard/libc.a(lib_a-fvwrite.o)
                0x000000000000a564                __sfvwrite_r
 .text._isatty_r
                0x000000000000a844       0x24 /opt/gcc-arm-none-eabi-9-2020-q2-update/bin/../lib/gcc/arm-none-eabi/9.3.1/../../../../arm-none-eabi/lib/thumb/v7e-m+fp/hard/libc.a(lib_a-isattyr.o)
                0x000000000000a844                _isatty_r
 .text.__locale_mb_cur_max
                0x000000000000a868        0xc /opt/gcc-arm-none-eabi-9-2020-q2-update/bin/../lib/gcc/arm-none-eabi/9.3.1/../../../../arm-none-eabi/lib/thumb/v7e-m+fp/hard/libc.a(lib_a-locale.o)
                0x000000000000a868                __locale_mb_cur_max
 .text._lseek_r
                0x000000000000a874       0x2c /opt/gcc-arm-none-eabi-9-2020-q2-update/bin/../lib/gcc/arm-none-eabi/9.3.1/../../../../arm-none-eabi/lib/thumb/v7e-m+fp/hard/libc.a(lib_a-lseekr.o)
                0x000000000000a874                _lseek_r
 .text.__ascii_mbtowc
                0x000000000000a8a0       0x2c /opt/gcc-arm-none-eabi-9-2020-q2-update/bin/../lib/gcc/arm-none-eabi/9.3.1/../../../../arm-none-eabi/lib/thumb/v7e-m+fp/hard/libc.a(lib_a-mbtowc_r.o)
                0x000000000000a8a0                __ascii_mbtowc
 .text.memmove  0x000000000000a8cc       0xd8 /opt/gcc-arm-none-eabi-9-2020-q2-update/bin/../lib/gcc/arm-none-eabi/9.3.1/../../../../arm-none-eabi/lib/thumb/v7e-m+fp/hard/libc.a(lib_a-memmove.o)
                0x000000000000a8cc                memmove
 .text._read_r  0x000000000000a9a4       0x2c /opt/gcc-arm-none-eabi-9-2020-q2-update/bin/../lib/gcc/arm-none-eabi/9.3.1/../../../../arm-none-eabi/lib/thumb/v7e-m+fp/hard/libc.a(lib_a-readr.o)
                0x000000000000a9a4                _read_r
 .text._realloc_r
                0x000000000000a9d0      0x3e0 /opt/gcc-arm-none-eabi-9-2020-q2-update/bin/../lib/gcc/arm-none-eabi/9.3.1/../../../../arm-none-eabi/lib/thumb/v7e-m+fp/hard/libc.a(lib_a-reallocr.o)
                0x000000000000a9d0                _realloc_r
 .text._wcrtomb_r
                0x000000000000adb0       0x3c /opt/gcc-arm-none-eabi-9-2020-q2-update/bin/../lib/gcc/arm-none-eabi/9.3.1/../../../../arm-none-eabi/lib/thumb/v7e-m+fp/hard/libc.a(lib_a-wcrtomb.o)
                0x000000000000adb0                _wcrtomb_r
 .text.__ascii_wctomb
                0x000000000000adec       0x1c /opt/gcc-arm-none-eabi-9-2020-q2-update/bin/../lib/gcc/arm-none-eabi/9.3.1/../../../../arm-none-eabi/lib/thumb/v7e-m+fp/hard/libc.a(lib_a-wctomb_r.o)
                0x000000000000adec                __ascii_wctomb
 .text.abort    0x000000000000ae08       0x10 /opt/gcc-arm-none-eabi-9-2020-q2-update/bin/../lib/gcc/arm-none-eabi/9.3.1/../../../../arm-none-eabi/lib/thumb/v7e-m+fp/hard/libc.a(lib_a-abort.o)
                0x000000000000ae08                abort
 .text._raise_r
                0x000000000000ae18       0x58 /opt/gcc-arm-none-eabi-9-2020-q2-update/bin/../lib/gcc/arm-none-eabi/9.3.1/../../../../arm-none-eabi/lib/thumb/v7e-m+fp/hard/libc.a(lib_a-signal.o)
                0x000000000000ae18                _raise_r
 .text.raise    0x000000000000ae70       0x10 /opt/gcc-arm-none-eabi-9-2020-q2-update/bin/../lib/gcc/arm-none-eabi/9.3.1/../../../../arm-none-eabi/lib/thumb/v7e-m+fp/hard/libc.a(lib_a-signal.o)
                0x000000000000ae70                raise
 .text._kill_r  0x000000000000ae80       0x2c /opt/gcc-arm-none-eabi-9-2020-q2-update/bin/../lib/gcc/arm-none-eabi/9.3.1/../../../../arm-none-eabi/lib/thumb/v7e-m+fp/hard/libc.a(lib_a-signalr.o)
                0x000000000000ae80                _kill_r
 .text._getpid_r
                0x000000000000aeac        0x4 /opt/gcc-arm-none-eabi-9-2020-q2-update/bin/../lib/gcc/arm-none-eabi/9.3.1/../../../../arm-none-eabi/lib/thumb/v7e-m+fp/hard/libc.a(lib_a-signalr.o)
                0x000000000000aeac                _getpid_r
 .text._close   0x000000000000aeb0       0x10 /opt/gcc-arm-none-eabi-9-2020-q2-update/bin/../lib/gcc/arm-none-eabi/9.3.1/../../../../arm-none-eabi/lib/thumb/v7e-m+fp/hard/libnosys.a(close.o)
                0x000000000000aeb0                _close
 .text._fstat   0x000000000000aec0       0x10 /opt/gcc-arm-none-eabi-9-2020-q2-update/bin/../lib/gcc/arm-none-eabi/9.3.1/../../../../arm-none-eabi/lib/thumb/v7e-m+fp/hard/libnosys.a(fstat.o)
                0x000000000000aec0                _fstat
 .text._getpid  0x000000000000aed0       0x10 /opt/gcc-arm-none-eabi-9-2020-q2-update/bin/../lib/gcc/arm-none-eabi/9.3.1/../../../../arm-none-eabi/lib/thumb/v7e-m+fp/hard/libnosys.a(getpid.o)
                0x000000000000aed0                _getpid
 .text._isatty  0x000000000000aee0       0x10 /opt/gcc-arm-none-eabi-9-2020-q2-update/bin/../lib/gcc/arm-none-eabi/9.3.1/../../../../arm-none-eabi/lib/thumb/v7e-m+fp/hard/libnosys.a(isatty.o)
                0x000000000000aee0                _isatty
 .text._kill    0x000000000000aef0       0x10 /opt/gcc-arm-none-eabi-9-2020-q2-update/bin/../lib/gcc/arm-none-eabi/9.3.1/../../../../arm-none-eabi/lib/thumb/v7e-m+fp/hard/libnosys.a(kill.o)
                0x000000000000aef0                _kill
 .text._lseek   0x000000000000af00       0x10 /opt/gcc-arm-none-eabi-9-2020-q2-update/bin/../lib/gcc/arm-none-eabi/9.3.1/../../../../arm-none-eabi/lib/thumb/v7e-m+fp/hard/libnosys.a(lseek.o)
                0x000000000000af00                _lseek
 .text._sbrk    0x000000000000af10       0x1c /opt/gcc-arm-none-eabi-9-2020-q2-update/bin/../lib/gcc/arm-none-eabi/9.3.1/../../../../arm-none-eabi/lib/thumb/v7e-m+fp/hard/libnosys.a(sbrk.o)
                0x000000000000af10                _sbrk
 .text._exit    0x000000000000af2c        0x4 /opt/gcc-arm-none-eabi-9-2020-q2-update/bin/../lib/gcc/arm-none-eabi/9.3.1/../../../../arm-none-eabi/lib/thumb/v7e-m+fp/hard/libnosys.a(_exit.o)
                0x000000000000af2c                _exit
 .text          0x000000000000af30      0x378 /opt/gcc-arm-none-eabi-9-2020-q2-update/bin/../lib/gcc/arm-none-eabi/9.3.1/thumb/v7e-m+fp/hard/libgcc.a(_arm_addsubdf3.o)
                0x000000000000af30                __aeabi_drsub
                0x000000000000af38                __aeabi_dsub
                0x000000000000af38                __subdf3
                0x000000000000af3c                __adddf3
                0x000000000000af3c                __aeabi_dadd
                0x000000000000b1b4                __aeabi_ui2d
                0x000000000000b1b4                __floatunsidf
                0x000000000000b1d4                __floatsidf
                0x000000000000b1d4                __aeabi_i2d
                0x000000000000b1f8                __extendsfdf2
                0x000000000000b1f8                __aeabi_f2d
                0x000000000000b23c                __aeabi_ul2d
                0x000000000000b23c                __floatundidf
                0x000000000000b24c                __floatdidf
                0x000000000000b24c                __aeabi_l2d
 .text          0x000000000000b2a8      0x424 /opt/gcc-arm-none-eabi-9-2020-q2-update/bin/../lib/gcc/arm-none-eabi/9.3.1/thumb/v7e-m+fp/hard/libgcc.a(_arm_muldivdf3.o)
                0x000000000000b2a8                __aeabi_dmul
                0x000000000000b2a8                __muldf3
                0x000000000000b4fc                __aeabi_ddiv
                0x000000000000b4fc                __divdf3
 .text          0x000000000000b6cc      0x110 /opt/gcc-arm-none-eabi-9-2020-q2-update/bin/../lib/gcc/arm-none-eabi/9.3.1/thumb/v7e-m+fp/hard/libgcc.a(_arm_cmpdf2.o)
                0x000000000000b6cc                __gtdf2
                0x000000000000b6cc                __gedf2
                0x000000000000b6d4                __ltdf2
                0x000000000000b6d4                __ledf2
                0x000000000000b6dc                __cmpdf2
                0x000000000000b6dc                __eqdf2
                0x000000000000b6dc                __nedf2
                0x000000000000b758                __aeabi_cdrcmple
                0x000000000000b768                __aeabi_cdcmple
                0x000000000000b768                __aeabi_cdcmpeq
                0x000000000000b778                __aeabi_dcmpeq
                0x000000000000b78c                __aeabi_dcmplt
                0x000000000000b7a0                __aeabi_dcmple
                0x000000000000b7b4                __aeabi_dcmpge
                0x000000000000b7c8                __aeabi_dcmpgt
 .text          0x000000000000b7dc       0x2c /opt/gcc-arm-none-eabi-9-2020-q2-update/bin/../lib/gcc/arm-none-eabi/9.3.1/thumb/v7e-m+fp/hard/libgcc.a(_arm_unorddf2.o)
                0x000000000000b7dc                __aeabi_dcmpun
                0x000000000000b7dc                __unorddf2
 .text          0x000000000000b808       0x50 /opt/gcc-arm-none-eabi-9-2020-q2-update/bin/../lib/gcc/arm-none-eabi/9.3.1/thumb/v7e-m+fp/hard/libgcc.a(_arm_fixdfsi.o)
                0x000000000000b808                __fixdfsi
                0x000000000000b808                __aeabi_d2iz
 .text          0x000000000000b858       0x30 /opt/gcc-arm-none-eabi-9-2020-q2-update/bin/../lib/gcc/arm-none-eabi/9.3.1/thumb/v7e-m+fp/hard/libgcc.a(_aeabi_uldivmod.o)
                0x000000000000b858                __aeabi_uldivmod
 .text          0x000000000000b888      0x2c4 /opt/gcc-arm-none-eabi-9-2020-q2-update/bin/../lib/gcc/arm-none-eabi/9.3.1/thumb/v7e-m+fp/hard/libgcc.a(_udivmoddi4.o)
                0x000000000000b888                __udivmoddi4
 .text          0x000000000000bb4c        0x4 /opt/gcc-arm-none-eabi-9-2020-q2-update/bin/../lib/gcc/arm-none-eabi/9.3.1/thumb/v7e-m+fp/hard/libgcc.a(_dvmd_tls.o)
                0x000000000000bb4c                __aeabi_ldiv0
                0x000000000000bb4c                __aeabi_idiv0
 *(.init)
 .init          0x000000000000bb50        0x4 /opt/gcc-arm-none-eabi-9-2020-q2-update/bin/../lib/gcc/arm-none-eabi/9.3.1/thumb/v7e-m+fp/hard/crti.o
                0x000000000000bb50                _init
 .init          0x000000000000bb54        0x8 /opt/gcc-arm-none-eabi-9-2020-q2-update/bin/../lib/gcc/arm-none-eabi/9.3.1/thumb/v7e-m+fp/hard/crtn.o
 *(.fini)
 .fini          0x000000000000bb5c        0x4 /opt/gcc-arm-none-eabi-9-2020-q2-update/bin/../lib/gcc/arm-none-eabi/9.3.1/thumb/v7e-m+fp/hard/crti.o
                0x000000000000bb5c                _fini
 .fini          0x000000000000bb60        0x8 /opt/gcc-arm-none-eabi-9-2020-q2-update/bin/../lib/gcc/arm-none-eabi/9.3.1/thumb/v7e-m+fp/hard/crtn.o
 *crtbegin.o(.ctors)
 *crtbegin?.o(.ctors)
 *(EXCLUDE_FILE(*crtend.o *crtend?.o) .ctors)
 *(SORT_BY_NAME(.ctors.*))
 *(.ctors)
 *crtbegin.o(.dtors)
 *crtbegin?.o(.dtors)
 *(EXCLUDE_FILE(*crtend.o *crtend?.o) .dtors)
 *(SORT_BY_NAME(.dtors.*))
 *(.dtors)
 *(.rodata*)
 .rodata.init_button.str1.1
                0x000000000000bb68       0x43 _build/button.o
 .rodata        0x000000000000bbab        0x3 _build/button.o
 .rodata.main.str1.1
                0x000000000000bbae       0x12 _build/game_main.o
 .rodata        0x000000000000bbc0       0x10 _build/game_main.o
 .rodata.haptic_timer
                0x000000000000bbd0        0x4 _build/game_main.o
 .rodata.twi_mngr_instance
                0x000000000000bbd4       0x18 _build/game_main.o
 .rodata.haptic_init.str1.1
                0x000000000000bbec       0x2f _build/haptic.o
 .rodata.nrf_gpio_pin_port_decode.str1.1
                0x000000000000bc1b       0x43 _build/better_error_handling.o
 .rodata.app_error_fault_handler.str1.1
                0x000000000000bc1b       0x78 _build/better_error_handling.o
 .rodata.LED_COLS
                0x000000000000bc93        0x5 _build/better_error_handling.o
 .rodata.LED_ROWS
                0x000000000000bc98        0x5 _build/better_error_handling.o
 *fill*         0x000000000000bc9d        0x3 
 .rodata.delay_machine_code.8602
                0x000000000000bca0        0x6 _build/better_error_handling.o
 .rodata.called_first.str1.1
                0x000000000000bca6       0x61 _build/microbit_before_startup.o
 *fill*         0x000000000000bd07        0x9 
 .rodata.delay_machine_code.8590
                0x000000000000bd10        0x6 _build/microbit_before_startup.o
 .rodata.uart_init.constprop.0.str1.1
                0x000000000000bd16       0x67 _build/microbit_nrf_log_backend_uart.o
 *fill*         0x000000000000bd7d        0x3 
 .rodata        0x000000000000bd80       0x20 _build/microbit_nrf_log_backend_uart.o
 .rodata.nrf_log_backend_uart_api
                0x000000000000bda0        0xc _build/microbit_nrf_log_backend_uart.o
                0x000000000000bda0                nrf_log_backend_uart_api
 *fill*         0x000000000000bdac        0x4 
 .rodata.delay_machine_code.9248
                0x000000000000bdb0        0x6 _build/app_timer.o
 .rodata.app_util_critical_region_enter.str1.1
                0x000000000000bdb6       0x55 _build/app_util_platform.o
 .rodata.HardFault_c_handler.str1.1
                0x000000000000be0b      0x12e _build/hardfault_implementation.o
 .rodata.str1.1
                0x000000000000bf39      0x4c0 _build/hardfault_implementation.o
 *fill*         0x000000000000c3f9        0x3 
 .rodata.cfsr_msgs.9441
                0x000000000000c3fc       0x68 _build/hardfault_implementation.o
 .rodata.nrf_balloc_init.str1.1
                0x000000000000c464       0x50 _build/nrf_balloc.o
 .rodata.str1.1
                0x000000000000c4b4        0x6 _build/nrf_drv_clock.o
 .rodata.nrf_gpio_pin_port_decode.str1.1
                0x000000000000c4ba       0x43 _build/nrf_drv_twi.o
 *fill*         0x000000000000c4ba        0x6 
 .rodata.delay_machine_code.8590
                0x000000000000c4c0        0x6 _build/nrf_drv_twi.o
 .rodata.nrf_fprintf_buffer_flush.str1.1
                0x000000000000c4c6       0x46 _build/nrf_fprintf.o
 .rodata.nrf_fprintf_fmt.str1.1
                0x000000000000c50c       0x4d _build/nrf_fprintf_format.o
 .rodata._aV2C.7922
                0x000000000000c559       0x10 _build/nrf_fprintf_format.o
 .rodata.nrf_log_default_backends_init.str1.1
                0x000000000000c569       0x5f _build/nrf_log_default_backends.o
 .rodata.str1.1
                0x000000000000c5c8       0x11 _build/nrf_log_default_backends.o
 .rodata.buf_prealloc.str1.1
                0x000000000000c5d9       0x57 _build/nrf_log_frontend.o
 .rodata.nrf_log_frontend_dequeue.str1.1
                0x000000000000c630       0x11 _build/nrf_log_frontend.o
 .rodata.str1.1
                0x000000000000c641        0x4 _build/nrf_log_frontend.o
 *fill*         0x000000000000c645        0x3 
 .rodata.m_log_push_ringbuf
                0x000000000000c648        0xc _build/nrf_log_frontend.o
 .rodata.postfix_process.str1.1
                0x000000000000c654        0x8 _build/nrf_log_str_formatter.o
                                          0xb (size before relaxing)
 .rodata.prefix_process.str1.1
                0x000000000000c65c       0x2a _build/nrf_log_str_formatter.o
 .rodata.nrf_log_hexdump_entry_process.str1.1
                0x000000000000c686        0xf _build/nrf_log_str_formatter.o
                                         0x11 (size before relaxing)
 .rodata.str1.1
                0x000000000000c695       0x4b _build/nrf_log_str_formatter.o
                                         0x51 (size before relaxing)
 .rodata.m_colors
                0x000000000000c6e0       0x24 _build/nrf_log_str_formatter.o
 .rodata.severity_names
                0x000000000000c704       0x14 _build/nrf_log_str_formatter.o
 .rodata.memobj_op.str1.1
                0x000000000000c718       0x50 _build/nrf_memobj.o
 .rodata.str1.1
                0x000000000000c768        0x9 _build/nrf_pwr_mgmt.o
 .rodata.nrf_queue_next_idx.str1.1
                0x000000000000c771       0x4e _build/nrf_queue.o
 .rodata.str1.1
                0x000000000000c7bf      0x391 _build/nrf_strerror.o
 .rodata.m_unknown_str
                0x000000000000cb50       0x13 _build/nrf_strerror.o
 *fill*         0x000000000000cb63        0x1 
 .rodata.nrf_strerror_array
                0x000000000000cb64      0x118 _build/nrf_strerror.o
 .rodata.transaction_end_signal.str1.1
                0x000000000000cc7c       0x54 _build/nrf_twi_mngr.o
 .rodata.str1.1
                0x000000000000ccd0        0x6 _build/nrfx_clock.o
 .rodata.nrf_gpio_pin_port_decode.str1.1
                0x000000000000ccd6       0x43 _build/nrfx_gpiote.o
 .rodata.nrfx_gpiote_out_init.str1.1
                0x000000000000ccd6       0x4e _build/nrfx_gpiote.o
 .rodata.str1.1
                0x000000000000cd24        0x7 _build/nrfx_gpiote.o
 .rodata.UARTE0_UART0_IRQHandler.str1.1
                0x000000000000cd2b       0x4f _build/nrfx_prs.o
 .rodata.str1.1
                0x000000000000cd7a        0x4 _build/nrfx_prs.o
 .rodata.str1.1
                0x000000000000cd7e        0x4 _build/nrfx_pwm.o
 .rodata.str1.1
                0x000000000000cd82        0x6 _build/nrfx_saadc.o
 .rodata.nrf_gpio_pin_port_decode.str1.1
                0x000000000000cd88       0x43 _build/nrfx_spim.o
 .rodata.SPIM2_SPIS2_SPI2_IRQHandler.str1.1
                0x000000000000cd88       0x4c _build/nrfx_spim.o
 .rodata.str1.1
                0x000000000000cdd4        0x5 _build/nrfx_spim.o
 .rodata.str1.1
                0x000000000000cdd9        0x6 _build/nrfx_timer.o
 .rodata.nrf_gpio_pin_port_decode.str1.1
                0x000000000000cddf       0x43 _build/nrfx_twim.o
 .rodata.twim_irq_handler.str1.1
                0x000000000000cddf       0x4c _build/nrfx_twim.o
 .rodata.nrfx_twim_init.str1.1
                0x000000000000ce2b       0x44 _build/nrfx_twim.o
 .rodata.str1.1
                0x000000000000ce6f        0x5 _build/nrfx_twim.o
 .rodata.irq_handlers.9618
                0x000000000000ce74        0x8 _build/nrfx_twim.o
 .rodata.nrf_gpio_pin_port_decode.str1.1
                0x000000000000ce7c       0x43 _build/nrfx_uart.o
 .rodata.nrfx_uart_init.str1.1
                0x000000000000ce7c       0x4c _build/nrfx_uart.o
                                         0x90 (size before relaxing)
 .rodata.str1.1
                0x000000000000cec8        0x5 _build/nrfx_uart.o
 .rodata.nrf_gpio_pin_port_decode.str1.1
                0x000000000000cecd       0x43 _build/nrfx_uarte.o
 .rodata.nrfx_uarte_init.str1.1
                0x000000000000cecd       0x4d _build/nrfx_uarte.o
                                         0x91 (size before relaxing)
 .rodata.str1.1
                0x000000000000cf1a        0x6 _build/nrfx_uarte.o
 .rodata._ctype_
                0x000000000000cf20      0x101 /opt/gcc-arm-none-eabi-9-2020-q2-update/bin/../lib/gcc/arm-none-eabi/9.3.1/../../../../arm-none-eabi/lib/thumb/v7e-m+fp/hard/libc.a(lib_a-ctype_.o)
                0x000000000000cf20                _ctype_
 *fill*         0x000000000000d021        0x3 
 .rodata._global_impure_ptr
                0x000000000000d024        0x4 /opt/gcc-arm-none-eabi-9-2020-q2-update/bin/../lib/gcc/arm-none-eabi/9.3.1/../../../../arm-none-eabi/lib/thumb/v7e-m+fp/hard/libc.a(lib_a-impure.o)
                0x000000000000d024                _global_impure_ptr
 .rodata._vfprintf_r.str1.4
                0x000000000000d028       0x42 /opt/gcc-arm-none-eabi-9-2020-q2-update/bin/../lib/gcc/arm-none-eabi/9.3.1/../../../../arm-none-eabi/lib/thumb/v7e-m+fp/hard/libc.a(lib_a-vfprintf.o)
 *fill*         0x000000000000d06a        0x2 
 .rodata.blanks.8713
                0x000000000000d06c       0x10 /opt/gcc-arm-none-eabi-9-2020-q2-update/bin/../lib/gcc/arm-none-eabi/9.3.1/../../../../arm-none-eabi/lib/thumb/v7e-m+fp/hard/libc.a(lib_a-vfprintf.o)
 .rodata.zeroes.8714
                0x000000000000d07c       0x10 /opt/gcc-arm-none-eabi-9-2020-q2-update/bin/../lib/gcc/arm-none-eabi/9.3.1/../../../../arm-none-eabi/lib/thumb/v7e-m+fp/hard/libc.a(lib_a-vfprintf.o)
 .rodata._dtoa_r.str1.4
                0x000000000000d08c       0xa0 /opt/gcc-arm-none-eabi-9-2020-q2-update/bin/../lib/gcc/arm-none-eabi/9.3.1/../../../../arm-none-eabi/lib/thumb/v7e-m+fp/hard/libc.a(lib_a-dtoa.o)
                                         0xa4 (size before relaxing)
 .rodata.__multadd.str1.4
                0x000000000000d12c       0x7d /opt/gcc-arm-none-eabi-9-2020-q2-update/bin/../lib/gcc/arm-none-eabi/9.3.1/../../../../arm-none-eabi/lib/thumb/v7e-m+fp/hard/libc.a(lib_a-mprec.o)
                                         0x91 (size before relaxing)
 *fill*         0x000000000000d1a9        0x7 
 .rodata.__mprec_bigtens
                0x000000000000d1b0       0x28 /opt/gcc-arm-none-eabi-9-2020-q2-update/bin/../lib/gcc/arm-none-eabi/9.3.1/../../../../arm-none-eabi/lib/thumb/v7e-m+fp/hard/libc.a(lib_a-mprec.o)
                0x000000000000d1b0                __mprec_bigtens
 .rodata.__mprec_tens
                0x000000000000d1d8       0xc8 /opt/gcc-arm-none-eabi-9-2020-q2-update/bin/../lib/gcc/arm-none-eabi/9.3.1/../../../../arm-none-eabi/lib/thumb/v7e-m+fp/hard/libc.a(lib_a-mprec.o)
                0x000000000000d1d8                __mprec_tens
 .rodata.p05.7485
                0x000000000000d2a0        0xc /opt/gcc-arm-none-eabi-9-2020-q2-update/bin/../lib/gcc/arm-none-eabi/9.3.1/../../../../arm-none-eabi/lib/thumb/v7e-m+fp/hard/libc.a(lib_a-mprec.o)
 .rodata._vfiprintf_r.str1.4
                0x000000000000d2ac       0x2f /opt/gcc-arm-none-eabi-9-2020-q2-update/bin/../lib/gcc/arm-none-eabi/9.3.1/../../../../arm-none-eabi/lib/thumb/v7e-m+fp/hard/libc.a(lib_a-vfiprintf.o)
 .rodata.blanks.8691
                0x000000000000d2ac       0x10 /opt/gcc-arm-none-eabi-9-2020-q2-update/bin/../lib/gcc/arm-none-eabi/9.3.1/../../../../arm-none-eabi/lib/thumb/v7e-m+fp/hard/libc.a(lib_a-vfiprintf.o)
 .rodata.zeroes.8692
                0x000000000000d2bc       0x10 /opt/gcc-arm-none-eabi-9-2020-q2-update/bin/../lib/gcc/arm-none-eabi/9.3.1/../../../../arm-none-eabi/lib/thumb/v7e-m+fp/hard/libc.a(lib_a-vfiprintf.o)
 .rodata.__assert_func.str1.4
                0x000000000000d2cc       0x3f /opt/gcc-arm-none-eabi-9-2020-q2-update/bin/../lib/gcc/arm-none-eabi/9.3.1/../../../../arm-none-eabi/lib/thumb/v7e-m+fp/hard/libc.a(lib_a-assert.o)
                                         0x43 (size before relaxing)
 *fill*         0x000000000000d30b        0x1 
 .rodata._setlocale_r.str1.4
                0x000000000000d30c        0xa /opt/gcc-arm-none-eabi-9-2020-q2-update/bin/../lib/gcc/arm-none-eabi/9.3.1/../../../../arm-none-eabi/lib/thumb/v7e-m+fp/hard/libc.a(lib_a-locale.o)
                                          0xd (size before relaxing)
 *fill*         0x000000000000d316        0x2 
 .rodata.str1.4
                0x000000000000d318        0x2 /opt/gcc-arm-none-eabi-9-2020-q2-update/bin/../lib/gcc/arm-none-eabi/9.3.1/../../../../arm-none-eabi/lib/thumb/v7e-m+fp/hard/libc.a(lib_a-locale.o)
 *(.eh_frame*)
 *fill*         0x000000000000d31a        0x2 
 .eh_frame      0x000000000000d31c        0x0 /opt/gcc-arm-none-eabi-9-2020-q2-update/bin/../lib/gcc/arm-none-eabi/9.3.1/thumb/v7e-m+fp/hard/crtbegin.o
 .eh_frame      0x000000000000d31c        0x4 /opt/gcc-arm-none-eabi-9-2020-q2-update/bin/../lib/gcc/arm-none-eabi/9.3.1/thumb/v7e-m+fp/hard/crtend.o

.glue_7         0x000000000000d320        0x0
 .glue_7        0x000000000000d320        0x0 linker stubs

.glue_7t        0x000000000000d320        0x0
 .glue_7t       0x000000000000d320        0x0 linker stubs

.vfp11_veneer   0x000000000000d320        0x0
 .vfp11_veneer  0x000000000000d320        0x0 linker stubs

.v4_bx          0x000000000000d320        0x0
 .v4_bx         0x000000000000d320        0x0 linker stubs

.iplt           0x000000000000d320        0x0
 .iplt          0x000000000000d320        0x0 /opt/gcc-arm-none-eabi-9-2020-q2-update/bin/../lib/gcc/arm-none-eabi/9.3.1/thumb/v7e-m+fp/hard/crtbegin.o

.pwr_mgmt_data  0x000000000000d320        0x0
                0x000000000000d320                PROVIDE (__start_pwr_mgmt_data = .)
 *(SORT_BY_NAME(.pwr_mgmt_data*))
                0x000000000000d320                PROVIDE (__stop_pwr_mgmt_data = .)

.log_const_data
                0x000000000000d320       0x70
                0x000000000000d320                PROVIDE (__start_log_const_data = .)
 *(SORT_BY_NAME(.log_const_data*))
 .log_const_data_CLOCK
                0x000000000000d320        0x8 _build/nrfx_clock.o
                0x000000000000d320                m_nrf_log_CLOCK_logs_data_const
 .log_const_data_GPIOTE
                0x000000000000d328        0x8 _build/nrfx_gpiote.o
                0x000000000000d328                m_nrf_log_GPIOTE_logs_data_const
 .log_const_data_PRS
                0x000000000000d330        0x8 _build/nrfx_prs.o
                0x000000000000d330                m_nrf_log_PRS_logs_data_const
 .log_const_data_PWM
                0x000000000000d338        0x8 _build/nrfx_pwm.o
                0x000000000000d338                m_nrf_log_PWM_logs_data_const
 .log_const_data_SAADC
                0x000000000000d340        0x8 _build/nrfx_saadc.o
                0x000000000000d340                m_nrf_log_SAADC_logs_data_const
 .log_const_data_SPIM
                0x000000000000d348        0x8 _build/nrfx_spim.o
                0x000000000000d348                m_nrf_log_SPIM_logs_data_const
 .log_const_data_TIMER
                0x000000000000d350        0x8 _build/nrfx_timer.o
                0x000000000000d350                m_nrf_log_TIMER_logs_data_const
 .log_const_data_TWIM
                0x000000000000d358        0x8 _build/nrfx_twim.o
                0x000000000000d358                m_nrf_log_TWIM_logs_data_const
 .log_const_data_UART
                0x000000000000d360        0x8 _build/nrfx_uart.o
                0x000000000000d360                m_nrf_log_UART_logs_data_const
 .log_const_data_UARTE
                0x000000000000d368        0x8 _build/nrfx_uarte.o
                0x000000000000d368                m_nrf_log_UARTE_logs_data_const
 .log_const_data_app
                0x000000000000d370        0x8 _build/nrf_log_frontend.o
                0x000000000000d370                m_nrf_log_app_logs_data_const
 .log_const_data_clock
                0x000000000000d378        0x8 _build/nrf_drv_clock.o
                0x000000000000d378                m_nrf_log_clock_logs_data_const
 .log_const_data_hardfault
                0x000000000000d380        0x8 _build/hardfault_implementation.o
                0x000000000000d380                m_nrf_log_hardfault_logs_data_const
 .log_const_data_pwr_mgmt
                0x000000000000d388        0x8 _build/nrf_pwr_mgmt.o
                0x000000000000d388                m_nrf_log_pwr_mgmt_logs_data_const
                0x000000000000d390                PROVIDE (__stop_log_const_data = .)

.nrf_balloc     0x000000000000d390       0x14
                [!provide]                        PROVIDE (__start_nrf_balloc = .)
 *(.nrf_balloc)
 .nrf_balloc    0x000000000000d390       0x14 _build/nrf_log_frontend.o
                0x000000000000d390                log_mempool
                [!provide]                        PROVIDE (__stop_nrf_balloc = .)

.nrf_queue      0x000000000000d3a4       0x14
                [!provide]                        PROVIDE (__start_nrf_queue = .)
 *(.nrf_queue)
 .nrf_queue     0x000000000000d3a4       0x14 _build/game_main.o
                0x000000000000d3a4                twi_mngr_instance_queue
                [!provide]                        PROVIDE (__stop_nrf_queue = .)

.log_backends   0x000000000000d3b8       0x10
 .log_backends  0x000000000000d3b8       0x10 _build/nrf_log_default_backends.o

.cli_command    0x000000000000d3c8        0x0
                [!provide]                        PROVIDE (__start_cli_command = .)
 *(.cli_command)
                [!provide]                        PROVIDE (__stop_cli_command = .)

.sdh_stack_observers
                0x000000000000d3c8        0x0
                [!provide]                        PROVIDE (__start_sdh_stack_observers = .)
 *(SORT_BY_NAME(.sdh_stack_observers*))
                [!provide]                        PROVIDE (__stop_sdh_stack_observers = .)

.sdh_req_observers
                0x000000000000d3c8        0x0
                [!provide]                        PROVIDE (__start_sdh_req_observers = .)
 *(SORT_BY_NAME(.sdh_req_observers*))
                [!provide]                        PROVIDE (__stop_sdh_req_observers = .)

.sdh_state_observers
                0x000000000000d3c8        0x0
                [!provide]                        PROVIDE (__start_sdh_state_observers = .)
 *(SORT_BY_NAME(.sdh_state_observers*))
                [!provide]                        PROVIDE (__stop_sdh_state_observers = .)

.sdh_ant_observers
                0x000000000000d3c8        0x0
                [!provide]                        PROVIDE (__start_sdh_ant_observers = .)
 *(SORT_BY_NAME(.sdh_ant_observers*))
                [!provide]                        PROVIDE (__stop_sdh_ant_observers = .)

.sdh_ble_observers
                0x000000000000d3c8        0x0
                [!provide]                        PROVIDE (__start_sdh_ble_observers = .)
 *(SORT_BY_NAME(.sdh_ble_observers*))
                [!provide]                        PROVIDE (__stop_sdh_ble_observers = .)

.sdh_soc_observers
                0x000000000000d3c8        0x0
                [!provide]                        PROVIDE (__start_sdh_soc_observers = .)
 *(SORT_BY_NAME(.sdh_soc_observers*))
                [!provide]                        PROVIDE (__stop_sdh_soc_observers = .)

.crypto_data    0x000000000000d3c8        0x0
                [!provide]                        PROVIDE (__start_crypto_data = .)
 *(SORT_BY_NAME(.crypto_data*))
                [!provide]                        PROVIDE (__stop_crypto_data = .)

.ARM.extab
 *(.ARM.extab* .gnu.linkonce.armextab.*)
                0x000000000000d3c8                __exidx_start = .

.ARM.exidx      0x000000000000d3c8        0x8
 *(.ARM.exidx* .gnu.linkonce.armexidx.*)
 .ARM.exidx     0x000000000000d3c8        0x8 /opt/gcc-arm-none-eabi-9-2020-q2-update/bin/../lib/gcc/arm-none-eabi/9.3.1/../../../../arm-none-eabi/lib/thumb/v7e-m+fp/hard/crt0.o
                                         0x10 (size before relaxing)
 .ARM.exidx     0x000000000000d3d0        0x0 /opt/gcc-arm-none-eabi-9-2020-q2-update/bin/../lib/gcc/arm-none-eabi/9.3.1/thumb/v7e-m+fp/hard/libgcc.a(_udivmoddi4.o)
                                          0x8 (size before relaxing)
                0x000000000000d3d0                __exidx_end = .
                0x000000000000d3d0                __etext = .

.rel.dyn        0x000000000000d3d0        0x0
 .rel.iplt      0x000000000000d3d0        0x0 /opt/gcc-arm-none-eabi-9-2020-q2-update/bin/../lib/gcc/arm-none-eabi/9.3.1/thumb/v7e-m+fp/hard/crtbegin.o

.data           0x0000000020000000      0x9f0 load address 0x000000000000d3d0
                0x0000000020000000                __data_start__ = .
 *(vtable)
 *(.data*)
 .data.buttons  0x0000000020000000        0x4 _build/game_main.o
                0x0000000020000000                buttons
 .data.num_buttons
                0x0000000020000004        0x4 _build/game_main.o
                0x0000000020000004                num_buttons
 .data.high_accuracy
                0x0000000020000008        0x1 _build/joystick.o
                0x0000000020000008                high_accuracy
 *fill*         0x0000000020000009        0x3 
 .data.time     0x000000002000000c        0x4 _build/joystick.o
                0x000000002000000c                time
 .data.m_uart   0x0000000020000010       0x14 _build/microbit_nrf_log_backend_uart.o
                0x0000000020000010                m_uart
 .data.log_backend_cb_uart_log_backend
                0x0000000020000024        0x8 _build/nrf_log_default_backends.o
 .data.SystemCoreClock
                0x000000002000002c        0x4 _build/system_nrf52833.o
                0x000000002000002c                SystemCoreClock
 .data._impure_ptr
                0x0000000020000030        0x4 /opt/gcc-arm-none-eabi-9-2020-q2-update/bin/../lib/gcc/arm-none-eabi/9.3.1/../../../../arm-none-eabi/lib/thumb/v7e-m+fp/hard/libc.a(lib_a-impure.o)
                0x0000000020000030                _impure_ptr
 *fill*         0x0000000020000034        0x4 
 .data.impure_data
                0x0000000020000038      0x428 /opt/gcc-arm-none-eabi-9-2020-q2-update/bin/../lib/gcc/arm-none-eabi/9.3.1/../../../../arm-none-eabi/lib/thumb/v7e-m+fp/hard/libc.a(lib_a-impure.o)
 .data.__atexit_recursive_mutex
                0x0000000020000460        0x4 /opt/gcc-arm-none-eabi-9-2020-q2-update/bin/../lib/gcc/arm-none-eabi/9.3.1/../../../../arm-none-eabi/lib/thumb/v7e-m+fp/hard/libc.a(lib_a-__call_atexit.o)
                0x0000000020000460                __atexit_recursive_mutex
 .data.__malloc_av_
                0x0000000020000464      0x408 /opt/gcc-arm-none-eabi-9-2020-q2-update/bin/../lib/gcc/arm-none-eabi/9.3.1/../../../../arm-none-eabi/lib/thumb/v7e-m+fp/hard/libc.a(lib_a-mallocr.o)
                0x0000000020000464                __malloc_av_
 .data.__malloc_sbrk_base
                0x000000002000086c        0x4 /opt/gcc-arm-none-eabi-9-2020-q2-update/bin/../lib/gcc/arm-none-eabi/9.3.1/../../../../arm-none-eabi/lib/thumb/v7e-m+fp/hard/libc.a(lib_a-mallocr.o)
                0x000000002000086c                __malloc_sbrk_base
 .data.__malloc_trim_threshold
                0x0000000020000870        0x4 /opt/gcc-arm-none-eabi-9-2020-q2-update/bin/../lib/gcc/arm-none-eabi/9.3.1/../../../../arm-none-eabi/lib/thumb/v7e-m+fp/hard/libc.a(lib_a-mallocr.o)
                0x0000000020000870                __malloc_trim_threshold
 .data.__global_locale
                0x0000000020000874      0x16c /opt/gcc-arm-none-eabi-9-2020-q2-update/bin/../lib/gcc/arm-none-eabi/9.3.1/../../../../arm-none-eabi/lib/thumb/v7e-m+fp/hard/libc.a(lib_a-locale.o)
                0x0000000020000874                __global_locale
                0x00000000200009e0                . = ALIGN (0x4)
                0x00000000200009e0                PROVIDE (__preinit_array_start = .)
 *(.preinit_array)
                0x00000000200009e0                PROVIDE (__preinit_array_end = .)
                0x00000000200009e0                . = ALIGN (0x4)
                0x00000000200009e0                PROVIDE (__init_array_start = .)
 *(SORT_BY_NAME(.init_array.*))
 .init_array.00000
                0x00000000200009e0        0x4 /opt/gcc-arm-none-eabi-9-2020-q2-update/bin/../lib/gcc/arm-none-eabi/9.3.1/../../../../arm-none-eabi/lib/thumb/v7e-m+fp/hard/libc.a(lib_a-__call_atexit.o)
 *(.init_array)
 .init_array    0x00000000200009e4        0x4 /opt/gcc-arm-none-eabi-9-2020-q2-update/bin/../lib/gcc/arm-none-eabi/9.3.1/thumb/v7e-m+fp/hard/crtbegin.o
 .init_array    0x00000000200009e8        0x4 _build/microbit_before_startup.o
                0x00000000200009ec                PROVIDE (__init_array_end = .)
                0x00000000200009ec                . = ALIGN (0x4)
                0x00000000200009ec                PROVIDE (__fini_array_start = .)
 *(SORT_BY_NAME(.fini_array.*))
 *(.fini_array)
 .fini_array    0x00000000200009ec        0x4 /opt/gcc-arm-none-eabi-9-2020-q2-update/bin/../lib/gcc/arm-none-eabi/9.3.1/thumb/v7e-m+fp/hard/crtbegin.o
                0x00000000200009f0                PROVIDE (__fini_array_end = .)
 *(.jcr*)
                0x00000000200009f0                . = ALIGN (0x4)
                0x00000000200009f0                __data_end__ = .
LOAD /opt/gcc-arm-none-eabi-9-2020-q2-update/bin/../lib/gcc/arm-none-eabi/9.3.1/thumb/v7e-m+fp/hard/crti.o
LOAD /opt/gcc-arm-none-eabi-9-2020-q2-update/bin/../lib/gcc/arm-none-eabi/9.3.1/thumb/v7e-m+fp/hard/crtbegin.o
LOAD /opt/gcc-arm-none-eabi-9-2020-q2-update/bin/../lib/gcc/arm-none-eabi/9.3.1/../../../../arm-none-eabi/lib/thumb/v7e-m+fp/hard/crt0.o
START GROUP
LOAD _build/button.o
LOAD _build/game_main.o
LOAD _build/haptic.o
LOAD _build/i2c_lib.o
LOAD _build/joystick.o
LOAD _build/better_error_handling.o
LOAD _build/microbit_before_startup.o
LOAD _build/microbit_nrf_log_backend_uart.o
LOAD _build/microbit_retarget.o
LOAD _build/app_error_handler_gcc.o
LOAD _build/app_fifo.o
LOAD _build/app_scheduler.o
LOAD _build/app_timer.o
LOAD _build/app_uart_fifo.o
LOAD _build/app_util_platform.o
LOAD _build/hardfault_handler_gcc.o
LOAD _build/hardfault_implementation.o
LOAD _build/nrf_assert.o
LOAD _build/nrf_atomic.o
LOAD _build/nrf_balloc.o
LOAD _build/nrf_drv_clock.o
LOAD _build/nrf_drv_twi.o
LOAD _build/nrf_drv_uart.o
LOAD _build/nrf_fprintf.o
LOAD _build/nrf_fprintf_format.o
LOAD _build/nrf_log_backend_rtt.o
LOAD _build/nrf_log_backend_serial.o
LOAD _build/nrf_log_default_backends.o
LOAD _build/nrf_log_frontend.o
LOAD _build/nrf_log_str_formatter.o
LOAD _build/nrf_memobj.o
LOAD _build/nrf_nvmc.o
LOAD _build/nrf_pwr_mgmt.o
LOAD _build/nrf_queue.o
LOAD _build/nrf_ringbuf.o
LOAD _build/nrf_sdh.o
LOAD _build/nrf_section_iter.o
LOAD _build/nrf_serial.o
LOAD _build/nrf_strerror.o
LOAD _build/nrf_twi_mngr.o
LOAD _build/nrfx_clock.o
LOAD _build/nrfx_gpiote.o
LOAD _build/nrfx_ppi.o
LOAD _build/nrfx_prs.o
LOAD _build/nrfx_pwm.o
LOAD _build/nrfx_saadc.o
LOAD _build/nrfx_spim.o
LOAD _build/nrfx_timer.o
LOAD _build/nrfx_twi.o
LOAD _build/nrfx_twim.o
LOAD _build/nrfx_uart.o
LOAD _build/nrfx_uarte.o
LOAD _build/system_nrf52833.o
LOAD _build/app_error_weak.o
LOAD _build/gcc_startup_nrf52833.os
LOAD /opt/gcc-arm-none-eabi-9-2020-q2-update/bin/../lib/gcc/arm-none-eabi/9.3.1/../../../../arm-none-eabi/lib/thumb/v7e-m+fp/hard/libc.a
LOAD /opt/gcc-arm-none-eabi-9-2020-q2-update/bin/../lib/gcc/arm-none-eabi/9.3.1/../../../../arm-none-eabi/lib/thumb/v7e-m+fp/hard/libnosys.a
LOAD /opt/gcc-arm-none-eabi-9-2020-q2-update/bin/../lib/gcc/arm-none-eabi/9.3.1/../../../../arm-none-eabi/lib/thumb/v7e-m+fp/hard/libm.a
LOAD /opt/gcc-arm-none-eabi-9-2020-q2-update/bin/../lib/gcc/arm-none-eabi/9.3.1/../../../../arm-none-eabi/lib/thumb/v7e-m+fp/hard/libstdc++.a
END GROUP
START GROUP
LOAD /opt/gcc-arm-none-eabi-9-2020-q2-update/bin/../lib/gcc/arm-none-eabi/9.3.1/thumb/v7e-m+fp/hard/libgcc.a
LOAD /opt/gcc-arm-none-eabi-9-2020-q2-update/bin/../lib/gcc/arm-none-eabi/9.3.1/../../../../arm-none-eabi/lib/thumb/v7e-m+fp/hard/libc.a
END GROUP
LOAD /opt/gcc-arm-none-eabi-9-2020-q2-update/bin/../lib/gcc/arm-none-eabi/9.3.1/thumb/v7e-m+fp/hard/crtend.o
LOAD /opt/gcc-arm-none-eabi-9-2020-q2-update/bin/../lib/gcc/arm-none-eabi/9.3.1/thumb/v7e-m+fp/hard/crtn.o
START GROUP
LOAD /opt/gcc-arm-none-eabi-9-2020-q2-update/bin/../lib/gcc/arm-none-eabi/9.3.1/thumb/v7e-m+fp/hard/libgcc.a
LOAD /opt/gcc-arm-none-eabi-9-2020-q2-update/bin/../lib/gcc/arm-none-eabi/9.3.1/../../../../arm-none-eabi/lib/thumb/v7e-m+fp/hard/libc.a
LOAD /opt/gcc-arm-none-eabi-9-2020-q2-update/bin/../lib/gcc/arm-none-eabi/9.3.1/../../../../arm-none-eabi/lib/thumb/v7e-m+fp/hard/libnosys.a
END GROUP
                0x0000000000001000                FLASH_PAGE_SIZE = 0x1000
                0x0000000000000004                FLASH_DATA_PAGES_USED = 0x4

.igot.plt       0x00000000200009f0        0x0 load address 0x000000000000ddc0
 .igot.plt      0x00000000200009f0        0x0 /opt/gcc-arm-none-eabi-9-2020-q2-update/bin/../lib/gcc/arm-none-eabi/9.3.1/thumb/v7e-m+fp/hard/crtbegin.o
                0x00000000200009f0                . = ALIGN (0x4)

.svc_data       0x00000000200009f0        0x0
                [!provide]                        PROVIDE (__start_svc_data = .)
 *(.svc_data)
                [!provide]                        PROVIDE (__stop_svc_data = .)

.fs_data        0x00000000200009f0        0x0
                [!provide]                        PROVIDE (__start_fs_data = .)
 *(.fs_data)
                [!provide]                        PROVIDE (__stop_fs_data = .)

.log_dynamic_data
                0x00000000200009f0        0x0
                0x00000000200009f0                PROVIDE (__start_log_dynamic_data = .)
 *(SORT_BY_NAME(.log_dynamic_data*))
                [!provide]                        PROVIDE (__stop_log_dynamic_data = .)

.cli_sorted_cmd_ptrs
                0x00000000200009f0        0x0
                [!provide]                        PROVIDE (__start_cli_sorted_cmd_ptrs = .)
 *(.cli_sorted_cmd_ptrs)
                [!provide]                        PROVIDE (__stop_cli_sorted_cmd_ptrs = .)

.bss            0x00000000200009f0      0x9b8 load address 0x000000000000ddc0
                0x00000000200009f0                . = ALIGN (0x4)
                0x00000000200009f0                __bss_start__ = .
 *(.bss*)
 .bss           0x00000000200009f0       0x1c /opt/gcc-arm-none-eabi-9-2020-q2-update/bin/../lib/gcc/arm-none-eabi/9.3.1/thumb/v7e-m+fp/hard/crtbegin.o
 .bss.dev_values
                0x0000000020000a0c        0x6 _build/game_main.o
                0x0000000020000a0c                dev_values
 *fill*         0x0000000020000a12        0x2 
 .bss.haptic_timer_data
                0x0000000020000a14       0x20 _build/game_main.o
 .bss.twi_mngr_instance_cb
                0x0000000020000a34       0x1c _build/game_main.o
 .bss.twi_mngr_instance_queue_nrf_queue_buffer
                0x0000000020000a50        0x8 _build/game_main.o
 .bss.twi_mngr_instance_queue_nrf_queue_cb
                0x0000000020000a58        0xc _build/game_main.o
 .bss.last_val  0x0000000020000a64        0x4 _build/joystick.o
                0x0000000020000a64                last_val
 .bss.m_async_mode
                0x0000000020000a68        0x1 _build/microbit_nrf_log_backend_uart.o
 .bss.m_string_buff
                0x0000000020000a69       0x40 _build/microbit_nrf_log_backend_uart.o
 .bss.m_xfer_done
                0x0000000020000aa9        0x1 _build/microbit_nrf_log_backend_uart.o
 *fill*         0x0000000020000aaa        0x2 
 .bss.m_op_queue
                0x0000000020000aac      0x10c _build/app_timer.o
 .bss.m_rtc1_reset
                0x0000000020000bb8        0x1 _build/app_timer.o
 .bss.m_rtc1_running
                0x0000000020000bb9        0x1 _build/app_timer.o
 *fill*         0x0000000020000bba        0x2 
 .bss.m_ticks_elapsed
                0x0000000020000bbc        0x8 _build/app_timer.o
 .bss.m_ticks_elapsed_q_read_ind
                0x0000000020000bc4        0x1 _build/app_timer.o
 .bss.m_ticks_elapsed_q_write_ind
                0x0000000020000bc5        0x1 _build/app_timer.o
 *fill*         0x0000000020000bc6        0x2 
 .bss.m_ticks_latest
                0x0000000020000bc8        0x4 _build/app_timer.o
 .bss.mp_timer_id_head
                0x0000000020000bcc        0x4 _build/app_timer.o
 .bss.m_in_critical_region
                0x0000000020000bd0        0x4 _build/app_util_platform.o
 .bss.m_contexts
                0x0000000020000bd4        0x8 _build/nrf_drv_twi.o
 .bss.m_handlers
                0x0000000020000bdc        0x8 _build/nrf_drv_twi.o
 .bss.m_contexts
                0x0000000020000be4        0x8 _build/nrf_drv_uart.o
 .bss.m_handlers
                0x0000000020000bec        0x8 _build/nrf_drv_uart.o
 .bss.log_mempool_nrf_balloc_cb
                0x0000000020000bf4        0x8 _build/nrf_log_frontend.o
 .bss.log_mempool_nrf_balloc_pool_mem
                0x0000000020000bfc       0xc0 _build/nrf_log_frontend.o
 .bss.log_mempool_nrf_balloc_pool_stack
                0x0000000020000cbc        0x8 _build/nrf_log_frontend.o
 .bss.m_log_data
                0x0000000020000cc4      0x424 _build/nrf_log_frontend.o
 .bss.m_log_push_ringbuf_buf
                0x00000000200010e8       0x80 _build/nrf_log_frontend.o
 .bss.m_log_push_ringbuf_cb
                0x0000000020001168       0x18 _build/nrf_log_frontend.o
 .bss.m_clock_cb
                0x0000000020001180        0x8 _build/nrfx_clock.o
 .bss.m_cb      0x0000000020001188       0x68 _build/nrfx_gpiote.o
 .bss.m_prs_box_4
                0x00000000200011f0        0x8 _build/nrfx_prs.o
 .bss.m_cb      0x00000000200011f8        0x8 _build/nrfx_pwm.o
 .bss.m_cb      0x0000000020001200       0x30 _build/nrfx_saadc.o
 .bss.m_cb      0x0000000020001230       0x24 _build/nrfx_spim.o
 .bss.m_cb      0x0000000020001254       0x18 _build/nrfx_timer.o
 .bss.m_cb      0x000000002000126c       0x68 _build/nrfx_twim.o
 .bss.m_cb      0x00000000200012d4       0x2c _build/nrfx_uart.o
 .bss.m_cb      0x0000000020001300       0x24 _build/nrfx_uarte.o
 .bss.__malloc_current_mallinfo
                0x0000000020001324       0x28 /opt/gcc-arm-none-eabi-9-2020-q2-update/bin/../lib/gcc/arm-none-eabi/9.3.1/../../../../arm-none-eabi/lib/thumb/v7e-m+fp/hard/libc.a(lib_a-mallocr.o)
                0x0000000020001324                __malloc_current_mallinfo
 .bss.__malloc_max_sbrked_mem
                0x000000002000134c        0x4 /opt/gcc-arm-none-eabi-9-2020-q2-update/bin/../lib/gcc/arm-none-eabi/9.3.1/../../../../arm-none-eabi/lib/thumb/v7e-m+fp/hard/libc.a(lib_a-mallocr.o)
                0x000000002000134c                __malloc_max_sbrked_mem
 .bss.__malloc_max_total_mem
                0x0000000020001350        0x4 /opt/gcc-arm-none-eabi-9-2020-q2-update/bin/../lib/gcc/arm-none-eabi/9.3.1/../../../../arm-none-eabi/lib/thumb/v7e-m+fp/hard/libc.a(lib_a-mallocr.o)
                0x0000000020001350                __malloc_max_total_mem
 .bss.__malloc_top_pad
                0x0000000020001354        0x4 /opt/gcc-arm-none-eabi-9-2020-q2-update/bin/../lib/gcc/arm-none-eabi/9.3.1/../../../../arm-none-eabi/lib/thumb/v7e-m+fp/hard/libc.a(lib_a-mallocr.o)
                0x0000000020001354                __malloc_top_pad
 .bss.heap_end.5507
                0x0000000020001358        0x4 /opt/gcc-arm-none-eabi-9-2020-q2-update/bin/../lib/gcc/arm-none-eabi/9.3.1/../../../../arm-none-eabi/lib/thumb/v7e-m+fp/hard/libnosys.a(sbrk.o)
 *(COMMON)