Archive member included to satisfy reference by file (symbol)

/opt/gcc-arm-none-eabi-9-2020-q2-update/bin/../lib/gcc/arm-none-eabi/9.3.1/../../../../arm-none-eabi/lib/thumb/v7e-m+fp/hard/libc.a(lib_a-ctype_.o)
                              _build/nrf_log_str_formatter.o (_ctype_)
/opt/gcc-arm-none-eabi-9-2020-q2-update/bin/../lib/gcc/arm-none-eabi/9.3.1/../../../../arm-none-eabi/lib/thumb/v7e-m+fp/hard/libc.a(lib_a-exit.o)
                              /opt/gcc-arm-none-eabi-9-2020-q2-update/bin/../lib/gcc/arm-none-eabi/9.3.1/../../../../arm-none-eabi/lib/thumb/v7e-m+fp/hard/crt0.o (exit)
/opt/gcc-arm-none-eabi-9-2020-q2-update/bin/../lib/gcc/arm-none-eabi/9.3.1/../../../../arm-none-eabi/lib/thumb/v7e-m+fp/hard/libc.a(lib_a-impure.o)
                              /opt/gcc-arm-none-eabi-9-2020-q2-update/bin/../lib/gcc/arm-none-eabi/9.3.1/../../../../arm-none-eabi/lib/thumb/v7e-m+fp/hard/libc.a(lib_a-exit.o) (_global_impure_ptr)
/opt/gcc-arm-none-eabi-9-2020-q2-update/bin/../lib/gcc/arm-none-eabi/9.3.1/../../../../arm-none-eabi/lib/thumb/v7e-m+fp/hard/libc.a(lib_a-init.o)
                              /opt/gcc-arm-none-eabi-9-2020-q2-update/bin/../lib/gcc/arm-none-eabi/9.3.1/../../../../arm-none-eabi/lib/thumb/v7e-m+fp/hard/crt0.o (__libc_init_array)
/opt/gcc-arm-none-eabi-9-2020-q2-update/bin/../lib/gcc/arm-none-eabi/9.3.1/../../../../arm-none-eabi/lib/thumb/v7e-m+fp/hard/libc.a(lib_a-memcpy.o)
                              _build/nrf_log_frontend.o (memcpy)
/opt/gcc-arm-none-eabi-9-2020-q2-update/bin/../lib/gcc/arm-none-eabi/9.3.1/../../../../arm-none-eabi/lib/thumb/v7e-m+fp/hard/libc.a(lib_a-memset.o)
                              /opt/gcc-arm-none-eabi-9-2020-q2-update/bin/../lib/gcc/arm-none-eabi/9.3.1/../../../../arm-none-eabi/lib/thumb/v7e-m+fp/hard/crt0.o (memset)
/opt/gcc-arm-none-eabi-9-2020-q2-update/bin/../lib/gcc/arm-none-eabi/9.3.1/../../../../arm-none-eabi/lib/thumb/v7e-m+fp/hard/libc.a(lib_a-printf.o)
                              _build/main.o (printf)
/opt/gcc-arm-none-eabi-9-2020-q2-update/bin/../lib/gcc/arm-none-eabi/9.3.1/../../../../arm-none-eabi/lib/thumb/v7e-m+fp/hard/libc.a(lib_a-setbuf.o)
                              _build/microbit_before_startup.o (setbuf)
/opt/gcc-arm-none-eabi-9-2020-q2-update/bin/../lib/gcc/arm-none-eabi/9.3.1/../../../../arm-none-eabi/lib/thumb/v7e-m+fp/hard/libc.a(lib_a-setvbuf.o)
                              /opt/gcc-arm-none-eabi-9-2020-q2-update/bin/../lib/gcc/arm-none-eabi/9.3.1/../../../../arm-none-eabi/lib/thumb/v7e-m+fp/hard/libc.a(lib_a-setbuf.o) (setvbuf)
/opt/gcc-arm-none-eabi-9-2020-q2-update/bin/../lib/gcc/arm-none-eabi/9.3.1/../../../../arm-none-eabi/lib/thumb/v7e-m+fp/hard/libc.a(lib_a-strlen.o)
                              _build/nrf_fprintf_format.o (strlen)
/opt/gcc-arm-none-eabi-9-2020-q2-update/bin/../lib/gcc/arm-none-eabi/9.3.1/../../../../arm-none-eabi/lib/thumb/v7e-m+fp/hard/libc.a(lib_a-vfprintf.o)
                              /opt/gcc-arm-none-eabi-9-2020-q2-update/bin/../lib/gcc/arm-none-eabi/9.3.1/../../../../arm-none-eabi/lib/thumb/v7e-m+fp/hard/libc.a(lib_a-printf.o) (_vfprintf_r)
/opt/gcc-arm-none-eabi-9-2020-q2-update/bin/../lib/gcc/arm-none-eabi/9.3.1/../../../../arm-none-eabi/lib/thumb/v7e-m+fp/hard/libc.a(lib_a-wsetup.o)
                              /opt/gcc-arm-none-eabi-9-2020-q2-update/bin/../lib/gcc/arm-none-eabi/9.3.1/../../../../arm-none-eabi/lib/thumb/v7e-m+fp/hard/libc.a(lib_a-vfprintf.o) (__swsetup_r)
/opt/gcc-arm-none-eabi-9-2020-q2-update/bin/../lib/gcc/arm-none-eabi/9.3.1/../../../../arm-none-eabi/lib/thumb/v7e-m+fp/hard/libc.a(lib_a-__call_atexit.o)
                              /opt/gcc-arm-none-eabi-9-2020-q2-update/bin/../lib/gcc/arm-none-eabi/9.3.1/../../../../arm-none-eabi/lib/thumb/v7e-m+fp/hard/libc.a(lib_a-exit.o) (__call_exitprocs)
/opt/gcc-arm-none-eabi-9-2020-q2-update/bin/../lib/gcc/arm-none-eabi/9.3.1/../../../../arm-none-eabi/lib/thumb/v7e-m+fp/hard/libc.a(lib_a-atexit.o)
                              /opt/gcc-arm-none-eabi-9-2020-q2-update/bin/../lib/gcc/arm-none-eabi/9.3.1/../../../../arm-none-eabi/lib/thumb/v7e-m+fp/hard/libc.a(lib_a-__call_atexit.o) (atexit)
/opt/gcc-arm-none-eabi-9-2020-q2-update/bin/../lib/gcc/arm-none-eabi/9.3.1/../../../../arm-none-eabi/lib/thumb/v7e-m+fp/hard/libc.a(lib_a-dtoa.o)
                              /opt/gcc-arm-none-eabi-9-2020-q2-update/bin/../lib/gcc/arm-none-eabi/9.3.1/../../../../arm-none-eabi/lib/thumb/v7e-m+fp/hard/libc.a(lib_a-vfprintf.o) (_dtoa_r)
/opt/gcc-arm-none-eabi-9-2020-q2-update/bin/../lib/gcc/arm-none-eabi/9.3.1/../../../../arm-none-eabi/lib/thumb/v7e-m+fp/hard/libc.a(lib_a-fflush.o)
                              /opt/gcc-arm-none-eabi-9-2020-q2-update/bin/../lib/gcc/arm-none-eabi/9.3.1/../../../../arm-none-eabi/lib/thumb/v7e-m+fp/hard/libc.a(lib_a-setvbuf.o) (_fflush_r)
/opt/gcc-arm-none-eabi-9-2020-q2-update/bin/../lib/gcc/arm-none-eabi/9.3.1/../../../../arm-none-eabi/lib/thumb/v7e-m+fp/hard/libc.a(lib_a-findfp.o)
[...]
Memory Configuration

Name             Origin             Length             Attributes
FLASH            0x0000000000000000 0x0000000000080000 xr
RAM              0x0000000020000000 0x0000000000020000 xrw
*default*        0x0000000000000000 0xffffffffffffffff

Linker script and memory map

                0x000000000007f000                __stop_ot_flash_data = ((ORIGIN (FLASH) + LENGTH (FLASH)) - FLASH_PAGE_SIZE)
                0x000000000007b000                __start_ot_flash_data = (__stop_ot_flash_data - (FLASH_PAGE_SIZE * FLASH_DATA_PAGES_USED))
                0x0000000000000001                ASSERT ((__start_ot_flash_data >= (__etext + SIZEOF (.data))), Error: Code overlaps flash data area.)

.text           0x0000000000000000     0xb250
 *(.isr_vector)
 .isr_vector    0x0000000000000000      0x200 _build/gcc_startup_nrf52833.os
                0x0000000000000000                __isr_vector
 *(.text*)
 .text          0x0000000000000200       0x40 /opt/gcc-arm-none-eabi-9-2020-q2-update/bin/../lib/gcc/arm-none-eabi/9.3.1/thumb/v7e-m+fp/hard/crtbegin.o
 .text          0x0000000000000240       0x7c /opt/gcc-arm-none-eabi-9-2020-q2-update/bin/../lib/gcc/arm-none-eabi/9.3.1/../../../../arm-none-eabi/lib/thumb/v7e-m+fp/hard/crt0.o
                0x0000000000000240                _stack_init
                0x0000000000000248                _mainCRTStartup
                0x0000000000000248                _start
 .text.startup.main
                0x00000000000002bc       0x5c _build/main.o
                0x00000000000002bc                main
 .text.TEMP_IRQHandler
                0x0000000000000318       0x30 _build/temperature.o
                0x0000000000000318                TEMP_IRQHandler
 .text.start_temperature_sample
                0x0000000000000348       0x2c _build/temperature.o
                0x0000000000000348                start_temperature_sample
 .text.is_temperature_ready
                0x0000000000000374        0xc _build/temperature.o
                0x0000000000000374                is_temperature_ready
 .text.get_temperature_sample
                0x0000000000000380        0xc _build/temperature.o
                0x0000000000000380                get_temperature_sample
 .text.nrf_gpio_pin_port_decode
                0x000000000000038c       0x30 _build/better_error_handling.o
 .text.nrf_gpio_pin_clear
                0x00000000000003bc       0x1a _build/better_error_handling.o
 .text.nrf_gpio_pin_set
                0x00000000000003d6       0x1a _build/better_error_handling.o
 .text.nrf_delay_ms.part.0
                0x00000000000003f0       0x1c _build/better_error_handling.o
 .text.error_blink_pattern
                0x000000000000040c      0x104 _build/better_error_handling.o
 .text.app_error_fault_handler
                0x0000000000000510       0x74 _build/better_error_handling.o
                0x0000000000000510                app_error_fault_handler
 .text.HardFault_process
                0x0000000000000584        0x6 _build/better_error_handling.o
                0x0000000000000584                HardFault_process
 *fill*         0x000000000000058a        0x2 
 .text.startup.called_first
                0x000000000000058c       0x48 _build/microbit_before_startup.o
                0x000000000000058c                called_first
 .text.nrf_log_backend_uart_flush
                0x00000000000005d4        0x2 _build/microbit_nrf_log_backend_uart.o
 *fill*         0x00000000000005d6        0x2 
 .text.nrf_log_backend_uart_put
                0x00000000000005d8       0x1c _build/microbit_nrf_log_backend_uart.o
 .text.uart_init.constprop.0
                0x00000000000005f4       0x5c _build/microbit_nrf_log_backend_uart.o
 .text.serial_tx
                0x0000000000000650       0x50 _build/microbit_nrf_log_backend_uart.o
 .text.nrf_log_backend_uart_panic_set
                0x00000000000006a0       0x2c _build/microbit_nrf_log_backend_uart.o
 .text.nrf_log_backend_uart_init
                0x00000000000006cc        0x4 _build/microbit_nrf_log_backend_uart.o
                0x00000000000006cc                nrf_log_backend_uart_init
 .text._write   0x00000000000006d0       0x2c _build/microbit_retarget.o
                0x00000000000006d0                _write
 .text._read    0x00000000000006fc       0x30 _build/microbit_retarget.o
                0x00000000000006fc                _read
 .text.app_error_handler
                0x000000000000072c       0x1a _build/app_error_handler_gcc.o
                0x000000000000072c                app_error_handler
 *fill*         0x0000000000000746        0x2 
 .text.app_util_disable_irq
                0x0000000000000748       0x10 _build/app_util_platform.o
                0x0000000000000748                app_util_disable_irq
 .text.app_util_enable_irq
                0x0000000000000758       0x14 _build/app_util_platform.o
                0x0000000000000758                app_util_enable_irq
 .text.privilege_level_get
                0x000000000000076c       0x1a _build/app_util_platform.o
                0x000000000000076c                privilege_level_get
 *fill*         0x0000000000000786        0x2 
 .text.app_util_critical_region_enter
                0x0000000000000788       0x20 _build/app_util_platform.o
                0x0000000000000788                app_util_critical_region_enter
 .text.app_util_critical_region_exit
                0x00000000000007a8       0x20 _build/app_util_platform.o
                0x00000000000007a8                app_util_critical_region_exit
 .text.HardFault_Handler
                0x00000000000007c8       0x34 _build/hardfault_handler_gcc.o
                0x00000000000007c8                HardFault_Handler
 .text.HardFault_c_handler
                0x00000000000007fc      0x104 _build/hardfault_implementation.o
                0x00000000000007fc                HardFault_c_handler
 .text.assert_nrf_callback
                0x0000000000000900       0x1a _build/nrf_assert.o
                0x0000000000000900                assert_nrf_callback
 .text.nrf_atomic_u32_fetch_store
                0x000000000000091a       0x16 _build/nrf_atomic.o
                0x000000000000091a                nrf_atomic_u32_fetch_store
 .text.nrf_atomic_u32_or
                0x0000000000000930       0x18 _build/nrf_atomic.o
                0x0000000000000930                nrf_atomic_u32_or
 .text.nrf_atomic_u32_fetch_and
                0x0000000000000948       0x18 _build/nrf_atomic.o
                0x0000000000000948                nrf_atomic_u32_fetch_and
 .text.nrf_atomic_u32_add
                0x0000000000000960       0x18 _build/nrf_atomic.o
                0x0000000000000960                nrf_atomic_u32_add
 .text.nrf_atomic_u32_sub
                0x0000000000000978       0x18 _build/nrf_atomic.o
                0x0000000000000978                nrf_atomic_u32_sub
 .text.nrf_atomic_flag_set
                0x0000000000000990        0x6 _build/nrf_atomic.o
                0x0000000000000990                nrf_atomic_flag_set
 .text.nrf_atomic_flag_clear_fetch
                0x0000000000000996        0x6 _build/nrf_atomic.o
                0x0000000000000996                nrf_atomic_flag_clear_fetch
 .text.nrf_balloc_init
                0x000000000000099c       0x7c _build/nrf_balloc.o
                0x000000000000099c                nrf_balloc_init
 .text.nrf_balloc_alloc
                0x0000000000000a18       0x54 _build/nrf_balloc.o
                0x0000000000000a18                nrf_balloc_alloc
 .text.nrf_balloc_free
                0x0000000000000a6c       0x48 _build/nrf_balloc.o
                0x0000000000000a6c                nrf_balloc_free
 .text.uarte_evt_handler
                0x0000000000000ab4       0x34 _build/nrf_drv_uart.o
 .text.uart_evt_handler
                0x0000000000000ae8       0x34 _build/nrf_drv_uart.o
 .text.nrf_drv_uart_init
                0x0000000000000b1c       0x7c _build/nrf_drv_uart.o
                0x0000000000000b1c                nrf_drv_uart_init
 .text.nrf_fprintf_buffer_flush
                0x0000000000000b98       0x24 _build/nrf_fprintf.o
                0x0000000000000b98                nrf_fprintf_buffer_flush
 .text.nrf_fprintf
                0x0000000000000bbc       0x54 _build/nrf_fprintf.o
                0x0000000000000bbc                nrf_fprintf
 .text.buffer_add
                0x0000000000000c10       0x1e _build/nrf_fprintf_format.o
 *fill*         0x0000000000000c2e        0x2 
 .text.unsigned_print
                0x0000000000000c30       0xb4 _build/nrf_fprintf_format.o
 .text.nrf_fprintf_fmt
                0x0000000000000ce4      0x2d8 _build/nrf_fprintf_format.o
                0x0000000000000ce4                nrf_fprintf_fmt
 .text.nrf_log_backend_serial_put
                0x0000000000000fbc       0xc2 _build/nrf_log_backend_serial.o
                0x0000000000000fbc                nrf_log_backend_serial_put
 *fill*         0x000000000000107e        0x2 
 .text.nrf_log_default_backends_init
                0x0000000000001080       0x30 _build/nrf_log_default_backends.o
                0x0000000000001080                nrf_log_default_backends_init
 .text.invalid_packets_omit
                0x00000000000010b0       0x3a _build/nrf_log_frontend.o
 *fill*         0x00000000000010ea        0x2 
 .text.buf_prealloc
                0x00000000000010ec      0x144 _build/nrf_log_frontend.o
 .text.nrf_log_init
                0x0000000000001230       0x3c _build/nrf_log_frontend.o
                0x0000000000001230                nrf_log_init
 .text.nrf_log_module_name_get
                0x000000000000126c       0x38 _build/nrf_log_frontend.o
                0x000000000000126c                nrf_log_module_name_get
 .text.nrf_log_color_id_get
                0x00000000000012a4       0x2c _build/nrf_log_frontend.o
                0x00000000000012a4                nrf_log_color_id_get
 .text.buffer_is_empty
                0x00000000000012d0       0x14 _build/nrf_log_frontend.o
                0x00000000000012d0                buffer_is_empty
 .text.nrf_log_frontend_dequeue
                0x00000000000012e4      0x218 _build/nrf_log_frontend.o
                0x00000000000012e4                nrf_log_frontend_dequeue
 .text.std_n    0x00000000000014fc       0xb8 _build/nrf_log_frontend.o
 .text.nrf_log_frontend_std_0
                0x00000000000015b4        0x8 _build/nrf_log_frontend.o
                0x00000000000015b4                nrf_log_frontend_std_0
 .text.nrf_log_frontend_std_1
                0x00000000000015bc       0x12 _build/nrf_log_frontend.o
                0x00000000000015bc                nrf_log_frontend_std_1
 .text.nrf_log_frontend_std_3
                0x00000000000015ce       0x18 _build/nrf_log_frontend.o
                0x00000000000015ce                nrf_log_frontend_std_3
 .text.nrf_log_frontend_std_4
                0x00000000000015e6       0x1c _build/nrf_log_frontend.o
                0x00000000000015e6                nrf_log_frontend_std_4
 *fill*         0x0000000000001602        0x2 
 .text.nrf_log_backend_add
                0x0000000000001604       0x54 _build/nrf_log_frontend.o
                0x0000000000001604                nrf_log_backend_add
 .text.nrf_log_panic
                0x0000000000001658       0x2c _build/nrf_log_frontend.o
                0x0000000000001658                nrf_log_panic
 .text.postfix_process
                0x0000000000001684       0x44 _build/nrf_log_str_formatter.o
 .text.prefix_process
                0x00000000000016c8       0x7c _build/nrf_log_str_formatter.o
 .text.nrf_log_std_entry_process
                0x0000000000001744       0xc8 _build/nrf_log_str_formatter.o
                0x0000000000001744                nrf_log_std_entry_process
 .text.nrf_log_hexdump_entry_process
                0x000000000000180c       0xbc _build/nrf_log_str_formatter.o
                0x000000000000180c                nrf_log_hexdump_entry_process
 .text.memobj_op
                0x00000000000018c8       0xa8 _build/nrf_memobj.o
 .text.nrf_memobj_pool_init
                0x0000000000001970        0x4 _build/nrf_memobj.o
                0x0000000000001970                nrf_memobj_pool_init
 .text.nrf_memobj_free
                0x0000000000001974       0x2c _build/nrf_memobj.o
                0x0000000000001974                nrf_memobj_free
 .text.nrf_memobj_alloc
                0x00000000000019a0       0x5e _build/nrf_memobj.o
                0x00000000000019a0                nrf_memobj_alloc
 .text.nrf_memobj_get
                0x00000000000019fe        0x8 _build/nrf_memobj.o
                0x00000000000019fe                nrf_memobj_get
 .text.nrf_memobj_put
                0x0000000000001a06       0x1e _build/nrf_memobj.o
                0x0000000000001a06                nrf_memobj_put
 .text.nrf_memobj_write
                0x0000000000001a24       0x28 _build/nrf_memobj.o
                0x0000000000001a24                nrf_memobj_write
 .text.nrf_memobj_read
                0x0000000000001a4c       0x28 _build/nrf_memobj.o
                0x0000000000001a4c                nrf_memobj_read
 .text.nrf_ringbuf_init
                0x0000000000001a74       0x1c _build/nrf_ringbuf.o
                0x0000000000001a74                nrf_ringbuf_init
 .text.nrf_strerror_find
                0x0000000000001a90       0x3c _build/nrf_strerror.o
                0x0000000000001a90                nrf_strerror_find
 .text.nrf_strerror_get
                0x0000000000001acc       0x14 _build/nrf_strerror.o
                0x0000000000001acc                nrf_strerror_get
 .text.UARTE0_UART0_IRQHandler
                0x0000000000001ae0       0x20 _build/nrfx_prs.o
                0x0000000000001ae0                UARTE0_UART0_IRQHandler
 .text.nrfx_prs_acquire
                0x0000000000001b00       0x44 _build/nrfx_prs.o
                0x0000000000001b00                nrfx_prs_acquire
 .text.nrfx_prs_release
                0x0000000000001b44       0x28 _build/nrfx_prs.o
                0x0000000000001b44                nrfx_prs_release
 .text.nrf_uart_event_clear
                0x0000000000001b6c       0x10 _build/nrfx_uart.o
 .text.tx_byte  0x0000000000001b7c       0x1e _build/nrfx_uart.o
 *fill*         0x0000000000001b9a        0x2 
 .text.nrf_gpio_pin_port_decode
                0x0000000000001b9c       0x30 _build/nrfx_uart.o
 .text.nrf_gpio_cfg_default
                0x0000000000001bcc       0x1c _build/nrfx_uart.o
 .text.rx_enable.isra.0
                0x0000000000001be8       0x20 _build/nrfx_uart.o
 .text.rx_byte  0x0000000000001c08       0x2c _build/nrfx_uart.o
 .text.rx_done_event.constprop.0
                0x0000000000001c34       0x20 _build/nrfx_uart.o
 .text.nrfx_uart_0_irq_handler
                0x0000000000001c54      0x13c _build/nrfx_uart.o
                0x0000000000001c54                nrfx_uart_0_irq_handler
 .text.nrfx_uart_init
                0x0000000000001d90      0x1e4 _build/nrfx_uart.o
                0x0000000000001d90                nrfx_uart_init
 .text.nrfx_uart_uninit
                0x0000000000001f74       0xc0 _build/nrfx_uart.o
                0x0000000000001f74                nrfx_uart_uninit
 .text.nrfx_uart_tx
                0x0000000000002034       0xe0 _build/nrfx_uart.o
                0x0000000000002034                nrfx_uart_tx
 .text.nrfx_uart_rx
                0x0000000000002114      0x130 _build/nrfx_uart.o
                0x0000000000002114                nrfx_uart_rx
 .text.nrf_uarte_event_clear
                0x0000000000002244       0x10 _build/nrfx_uarte.o
 .text.nrf_gpio_pin_port_decode
                0x0000000000002254       0x30 _build/nrfx_uarte.o
 .text.nrf_gpio_cfg_default
                0x0000000000002284       0x1c _build/nrfx_uarte.o
 .text.rx_done_event.constprop.0
                0x00000000000022a0       0x20 _build/nrfx_uarte.o
 .text.nrfx_uarte_0_irq_handler
                0x00000000000022c0      0x118 _build/nrfx_uarte.o
                0x00000000000022c0                nrfx_uarte_0_irq_handler
 .text.nrfx_uarte_init
                0x00000000000023d8      0x1f8 _build/nrfx_uarte.o
                0x00000000000023d8                nrfx_uarte_init
 .text.nrfx_uarte_uninit
                0x00000000000025d0       0xec _build/nrfx_uarte.o
                0x00000000000025d0                nrfx_uarte_uninit
 .text.nrfx_uarte_tx
                0x00000000000026bc       0xf4 _build/nrfx_uarte.o
                0x00000000000026bc                nrfx_uarte_tx
 .text.nrfx_uarte_rx
                0x00000000000027b0      0x130 _build/nrfx_uarte.o
                0x00000000000027b0                nrfx_uarte_rx
 .text.errata_36
                0x00000000000028e0       0x20 _build/system_nrf52833.o
 .text.SystemInit
                0x0000000000002900      0x174 _build/system_nrf52833.o
                0x0000000000002900                SystemInit
 .text          0x0000000000002a74       0x3c _build/gcc_startup_nrf52833.os
                0x0000000000002a74                Reset_Handler
                0x0000000000002a9c                NMI_Handler
                0x0000000000002aa0                MemoryManagement_Handler
                0x0000000000002aa2                BusFault_Handler
                0x0000000000002aa4                UsageFault_Handler
                0x0000000000002aa6                SVC_Handler
                0x0000000000002aa8                DebugMon_Handler
                0x0000000000002aaa                PendSV_Handler
                0x0000000000002aac                SysTick_Handler
                0x0000000000002aae                TIMER2_IRQHandler
                0x0000000000002aae                RTC0_IRQHandler
                0x0000000000002aae                SWI0_EGU0_IRQHandler
                0x0000000000002aae                SWI2_EGU2_IRQHandler
                0x0000000000002aae                GPIOTE_IRQHandler
                0x0000000000002aae                PWM1_IRQHandler
                0x0000000000002aae                POWER_CLOCK_IRQHandler
                0x0000000000002aae                RADIO_IRQHandler
                0x0000000000002aae                PDM_IRQHandler
                0x0000000000002aae                QDEC_IRQHandler
                0x0000000000002aae                TIMER3_IRQHandler
                0x0000000000002aae                PWM3_IRQHandler
                0x0000000000002aae                FPU_IRQHandler
                0x0000000000002aae                USBD_IRQHandler
                0x0000000000002aae                SPIM0_SPIS0_TWIM0_TWIS0_SPI0_TWI0_IRQHandler
                0x0000000000002aae                TIMER4_IRQHandler
                0x0000000000002aae                I2S_IRQHandler
                0x0000000000002aae                SWI4_EGU4_IRQHandler
                0x0000000000002aae                TIMER0_IRQHandler
                0x0000000000002aae                UARTE1_IRQHandler
                0x0000000000002aae                TIMER1_IRQHandler
                0x0000000000002aae                SPIM3_IRQHandler
                0x0000000000002aae                PWM2_IRQHandler
                0x0000000000002aae                ECB_IRQHandler
                0x0000000000002aae                SPIM1_SPIS1_TWIM1_TWIS1_SPI1_TWI1_IRQHandler
                0x0000000000002aae                Default_Handler
                0x0000000000002aae                SAADC_IRQHandler
                0x0000000000002aae                CCM_AAR_IRQHandler
                0x0000000000002aae                WDT_IRQHandler
                0x0000000000002aae                SWI5_EGU5_IRQHandler
                0x0000000000002aae                RNG_IRQHandler
                0x0000000000002aae                RTC2_IRQHandler
                0x0000000000002aae                PWM0_IRQHandler
                0x0000000000002aae                SWI3_EGU3_IRQHandler
                0x0000000000002aae                RTC1_IRQHandler
                0x0000000000002aae                SWI1_EGU1_IRQHandler
                0x0000000000002aae                SPIM2_SPIS2_SPI2_IRQHandler
                0x0000000000002aae                NFCT_IRQHandler
                0x0000000000002aae                MWU_IRQHandler
                0x0000000000002aae                COMP_LPCOMP_IRQHandler
 .text.exit     0x0000000000002ab0       0x20 /opt/gcc-arm-none-eabi-9-2020-q2-update/bin/../lib/gcc/arm-none-eabi/9.3.1/../../../../arm-none-eabi/lib/thumb/v7e-m+fp/hard/libc.a(lib_a-exit.o)
                0x0000000000002ab0                exit
 .text.__libc_init_array
                0x0000000000002ad0       0x48 /opt/gcc-arm-none-eabi-9-2020-q2-update/bin/../lib/gcc/arm-none-eabi/9.3.1/../../../../arm-none-eabi/lib/thumb/v7e-m+fp/hard/libc.a(lib_a-init.o)
                0x0000000000002ad0                __libc_init_array
 .text          0x0000000000002b18      0x134 /opt/gcc-arm-none-eabi-9-2020-q2-update/bin/../lib/gcc/arm-none-eabi/9.3.1/../../../../arm-none-eabi/lib/thumb/v7e-m+fp/hard/libc.a(lib_a-memcpy.o)
                0x0000000000002b18                memcpy
 .text.memset   0x0000000000002c4c       0xa0 /opt/gcc-arm-none-eabi-9-2020-q2-update/bin/../lib/gcc/arm-none-eabi/9.3.1/../../../../arm-none-eabi/lib/thumb/v7e-m+fp/hard/libc.a(lib_a-memset.o)
                0x0000000000002c4c                memset
 .text.printf   0x0000000000002cec       0x28 /opt/gcc-arm-none-eabi-9-2020-q2-update/bin/../lib/gcc/arm-none-eabi/9.3.1/../../../../arm-none-eabi/lib/thumb/v7e-m+fp/hard/libc.a(lib_a-printf.o)
                0x0000000000002cec                printf
 .text.setbuf   0x0000000000002d14       0x10 /opt/gcc-arm-none-eabi-9-2020-q2-update/bin/../lib/gcc/arm-none-eabi/9.3.1/../../../../arm-none-eabi/lib/thumb/v7e-m+fp/hard/libc.a(lib_a-setbuf.o)
                0x0000000000002d14                setbuf
 .text.setvbuf  0x0000000000002d24      0x1a0 /opt/gcc-arm-none-eabi-9-2020-q2-update/bin/../lib/gcc/arm-none-eabi/9.3.1/../../../../arm-none-eabi/lib/thumb/v7e-m+fp/hard/libc.a(lib_a-setvbuf.o)
                0x0000000000002d24                setvbuf
 *fill*         0x0000000000002ec4       0x3c 
 .text          0x0000000000002f00       0xdc /opt/gcc-arm-none-eabi-9-2020-q2-update/bin/../lib/gcc/arm-none-eabi/9.3.1/../../../../arm-none-eabi/lib/thumb/v7e-m+fp/hard/libc.a(lib_a-strlen.o)
                0x0000000000002f00                strlen
 *fill*         0x0000000000002fdc        0x4 
 .text._vfprintf_r
                0x0000000000002fe0     0x1be0 /opt/gcc-arm-none-eabi-9-2020-q2-update/bin/../lib/gcc/arm-none-eabi/9.3.1/../../../../arm-none-eabi/lib/thumb/v7e-m+fp/hard/libc.a(lib_a-vfprintf.o)
                0x0000000000002fe0                _vfprintf_r
 .text.__sbprintf
                0x0000000000004bc0       0x84 /opt/gcc-arm-none-eabi-9-2020-q2-update/bin/../lib/gcc/arm-none-eabi/9.3.1/../../../../arm-none-eabi/lib/thumb/v7e-m+fp/hard/libc.a(lib_a-vfprintf.o)
 .text.__swsetup_r
                0x0000000000004c44       0xd0 /opt/gcc-arm-none-eabi-9-2020-q2-update/bin/../lib/gcc/arm-none-eabi/9.3.1/../../../../arm-none-eabi/lib/thumb/v7e-m+fp/hard/libc.a(lib_a-wsetup.o)
                0x0000000000004c44                __swsetup_r
 .text.startup.register_fini
                0x0000000000004d14       0x14 /opt/gcc-arm-none-eabi-9-2020-q2-update/bin/../lib/gcc/arm-none-eabi/9.3.1/../../../../arm-none-eabi/lib/thumb/v7e-m+fp/hard/libc.a(lib_a-__call_atexit.o)
 .text.__call_exitprocs
                0x0000000000004d28       0xcc /opt/gcc-arm-none-eabi-9-2020-q2-update/bin/../lib/gcc/arm-none-eabi/9.3.1/../../../../arm-none-eabi/lib/thumb/v7e-m+fp/hard/libc.a(lib_a-__call_atexit.o)
                0x0000000000004d28                __call_exitprocs
 .text.atexit   0x0000000000004df4        0xc /opt/gcc-arm-none-eabi-9-2020-q2-update/bin/../lib/gcc/arm-none-eabi/9.3.1/../../../../arm-none-eabi/lib/thumb/v7e-m+fp/hard/libc.a(lib_a-atexit.o)
                0x0000000000004df4                atexit
 .text.quorem   0x0000000000004e00      0x11c /opt/gcc-arm-none-eabi-9-2020-q2-update/bin/../lib/gcc/arm-none-eabi/9.3.1/../../../../arm-none-eabi/lib/thumb/v7e-m+fp/hard/libc.a(lib_a-dtoa.o)
 *fill*         0x0000000000004f1c        0x4 
 .text._dtoa_r  0x0000000000004f20      0xf44 /opt/gcc-arm-none-eabi-9-2020-q2-update/bin/../lib/gcc/arm-none-eabi/9.3.1/../../../../arm-none-eabi/lib/thumb/v7e-m+fp/hard/libc.a(lib_a-dtoa.o)
                0x0000000000004f20                _dtoa_r
 .text.__sflush_r
                0x0000000000005e64      0x130 /opt/gcc-arm-none-eabi-9-2020-q2-update/bin/../lib/gcc/arm-none-eabi/9.3.1/../../../../arm-none-eabi/lib/thumb/v7e-m+fp/hard/libc.a(lib_a-fflush.o)
                0x0000000000005e64                __sflush_r
 .text._fflush_r
                0x0000000000005f94       0x5c /opt/gcc-arm-none-eabi-9-2020-q2-update/bin/../lib/gcc/arm-none-eabi/9.3.1/../../../../arm-none-eabi/lib/thumb/v7e-m+fp/hard/libc.a(lib_a-fflush.o)
                0x0000000000005f94                _fflush_r
 .text.std      0x0000000000005ff0       0x50 /opt/gcc-arm-none-eabi-9-2020-q2-update/bin/../lib/gcc/arm-none-eabi/9.3.1/../../../../arm-none-eabi/lib/thumb/v7e-m+fp/hard/libc.a(lib_a-findfp.o)
 .text._cleanup_r
                0x0000000000006040        0xc /opt/gcc-arm-none-eabi-9-2020-q2-update/bin/../lib/gcc/arm-none-eabi/9.3.1/../../../../arm-none-eabi/lib/thumb/v7e-m+fp/hard/libc.a(lib_a-findfp.o)
                0x0000000000006040                _cleanup_r
 .text.__sinit  0x000000000000604c       0x54 /opt/gcc-arm-none-eabi-9-2020-q2-update/bin/../lib/gcc/arm-none-eabi/9.3.1/../../../../arm-none-eabi/lib/thumb/v7e-m+fp/hard/libc.a(lib_a-findfp.o)
                0x000000000000604c                __sinit
 .text.__sfp_lock_acquire
                0x00000000000060a0        0xc /opt/gcc-arm-none-eabi-9-2020-q2-update/bin/../lib/gcc/arm-none-eabi/9.3.1/../../../../arm-none-eabi/lib/thumb/v7e-m+fp/hard/libc.a(lib_a-findfp.o)
                0x00000000000060a0                __sfp_lock_acquire
 .text.__sfp_lock_release
                0x00000000000060ac        0xc /opt/gcc-arm-none-eabi-9-2020-q2-update/bin/../lib/gcc/arm-none-eabi/9.3.1/../../../../arm-none-eabi/lib/thumb/v7e-m+fp/hard/libc.a(lib_a-findfp.o)
                0x00000000000060ac                __sfp_lock_release
 .text.__libc_fini_array
                0x00000000000060b8       0x2c /opt/gcc-arm-none-eabi-9-2020-q2-update/bin/../lib/gcc/arm-none-eabi/9.3.1/../../../../arm-none-eabi/lib/thumb/v7e-m+fp/hard/libc.a(lib_a-fini.o)
                0x00000000000060b8                __libc_fini_array
 .text._malloc_trim_r
                0x00000000000060e4       0xa0 /opt/gcc-arm-none-eabi-9-2020-q2-update/bin/../lib/gcc/arm-none-eabi/9.3.1/../../../../arm-none-eabi/lib/thumb/v7e-m+fp/hard/libc.a(lib_a-freer.o)
                0x00000000000060e4                _malloc_trim_r
 .text._free_r  0x0000000000006184      0x208 /opt/gcc-arm-none-eabi-9-2020-q2-update/bin/../lib/gcc/arm-none-eabi/9.3.1/../../../../arm-none-eabi/lib/thumb/v7e-m+fp/hard/libc.a(lib_a-freer.o)
                0x0000000000006184                _free_r
 .text._fwalk_reent
                0x000000000000638c       0x48 /opt/gcc-arm-none-eabi-9-2020-q2-update/bin/../lib/gcc/arm-none-eabi/9.3.1/../../../../arm-none-eabi/lib/thumb/v7e-m+fp/hard/libc.a(lib_a-fwalk.o)
                0x000000000000638c                _fwalk_reent
 .text._localeconv_r
                0x00000000000063d4        0x8 /opt/gcc-arm-none-eabi-9-2020-q2-update/bin/../lib/gcc/arm-none-eabi/9.3.1/../../../../arm-none-eabi/lib/thumb/v7e-m+fp/hard/libc.a(lib_a-localeconv.o)
                0x00000000000063d4                _localeconv_r
 .text.__retarget_lock_init_recursive
                0x00000000000063dc        0x4 /opt/gcc-arm-none-eabi-9-2020-q2-update/bin/../lib/gcc/arm-none-eabi/9.3.1/../../../../arm-none-eabi/lib/thumb/v7e-m+fp/hard/libc.a(lib_a-lock.o)
                0x00000000000063dc                __retarget_lock_init_recursive
 .text.__retarget_lock_close_recursive
                0x00000000000063e0        0x4 /opt/gcc-arm-none-eabi-9-2020-q2-update/bin/../lib/gcc/arm-none-eabi/9.3.1/../../../../arm-none-eabi/lib/thumb/v7e-m+fp/hard/libc.a(lib_a-lock.o)
                0x00000000000063e0                __retarget_lock_close_recursive
 .text.__retarget_lock_acquire_recursive
                0x00000000000063e4        0x4 /opt/gcc-arm-none-eabi-9-2020-q2-update/bin/../lib/gcc/arm-none-eabi/9.3.1/../../../../arm-none-eabi/lib/thumb/v7e-m+fp/hard/libc.a(lib_a-lock.o)
                0x00000000000063e4                __retarget_lock_acquire_recursive
 .text.__retarget_lock_release_recursive
                0x00000000000063e8        0x4 /opt/gcc-arm-none-eabi-9-2020-q2-update/bin/../lib/gcc/arm-none-eabi/9.3.1/../../../../arm-none-eabi/lib/thumb/v7e-m+fp/hard/libc.a(lib_a-lock.o)
                0x00000000000063e8                __retarget_lock_release_recursive
 .text.__swhatbuf_r
                0x00000000000063ec       0x5c /opt/gcc-arm-none-eabi-9-2020-q2-update/bin/../lib/gcc/arm-none-eabi/9.3.1/../../../../arm-none-eabi/lib/thumb/v7e-m+fp/hard/libc.a(lib_a-makebuf.o)
                0x00000000000063ec                __swhatbuf_r
 .text.__smakebuf_r
                0x0000000000006448       0x98 /opt/gcc-arm-none-eabi-9-2020-q2-update/bin/../lib/gcc/arm-none-eabi/9.3.1/../../../../arm-none-eabi/lib/thumb/v7e-m+fp/hard/libc.a(lib_a-makebuf.o)
                0x0000000000006448                __smakebuf_r
 .text.malloc   0x00000000000064e0       0x10 /opt/gcc-arm-none-eabi-9-2020-q2-update/bin/../lib/gcc/arm-none-eabi/9.3.1/../../../../arm-none-eabi/lib/thumb/v7e-m+fp/hard/libc.a(lib_a-malloc.o)
                0x00000000000064e0                malloc
 .text._malloc_r
                0x00000000000064f0      0x574 /opt/gcc-arm-none-eabi-9-2020-q2-update/bin/../lib/gcc/arm-none-eabi/9.3.1/../../../../arm-none-eabi/lib/thumb/v7e-m+fp/hard/libc.a(lib_a-mallocr.o)
                0x00000000000064f0                _malloc_r
 *fill*         0x0000000000006a64        0xc 
 .text          0x0000000000006a70       0xa0 /opt/gcc-arm-none-eabi-9-2020-q2-update/bin/../lib/gcc/arm-none-eabi/9.3.1/../../../../arm-none-eabi/lib/thumb/v7e-m+fp/hard/libc.a(lib_a-memchr.o)
                0x0000000000006a70                memchr
 .text.__malloc_lock
                0x0000000000006b10        0xc /opt/gcc-arm-none-eabi-9-2020-q2-update/bin/../lib/gcc/arm-none-eabi/9.3.1/../../../../arm-none-eabi/lib/thumb/v7e-m+fp/hard/libc.a(lib_a-mlock.o)
                0x0000000000006b10                __malloc_lock
 .text.__malloc_unlock
                0x0000000000006b1c        0xc /opt/gcc-arm-none-eabi-9-2020-q2-update/bin/../lib/gcc/arm-none-eabi/9.3.1/../../../../arm-none-eabi/lib/thumb/v7e-m+fp/hard/libc.a(lib_a-mlock.o)
                0x0000000000006b1c                __malloc_unlock
 .text._Balloc  0x0000000000006b28       0x4c /opt/gcc-arm-none-eabi-9-2020-q2-update/bin/../lib/gcc/arm-none-eabi/9.3.1/../../../../arm-none-eabi/lib/thumb/v7e-m+fp/hard/libc.a(lib_a-mprec.o)
                0x0000000000006b28                _Balloc
 .text._Bfree   0x0000000000006b74       0x14 /opt/gcc-arm-none-eabi-9-2020-q2-update/bin/../lib/gcc/arm-none-eabi/9.3.1/../../../../arm-none-eabi/lib/thumb/v7e-m+fp/hard/libc.a(lib_a-mprec.o)
                0x0000000000006b74                _Bfree
 .text.__multadd
                0x0000000000006b88       0xac /opt/gcc-arm-none-eabi-9-2020-q2-update/bin/../lib/gcc/arm-none-eabi/9.3.1/../../../../arm-none-eabi/lib/thumb/v7e-m+fp/hard/libc.a(lib_a-mprec.o)
                0x0000000000006b88                __multadd
 .text.__hi0bits
                0x0000000000006c34       0x40 /opt/gcc-arm-none-eabi-9-2020-q2-update/bin/../lib/gcc/arm-none-eabi/9.3.1/../../../../arm-none-eabi/lib/thumb/v7e-m+fp/hard/libc.a(lib_a-mprec.o)
                0x0000000000006c34                __hi0bits
 .text.__lo0bits
                0x0000000000006c74       0x60 /opt/gcc-arm-none-eabi-9-2020-q2-update/bin/../lib/gcc/arm-none-eabi/9.3.1/../../../../arm-none-eabi/lib/thumb/v7e-m+fp/hard/libc.a(lib_a-mprec.o)
                0x0000000000006c74                __lo0bits
 .text.__i2b    0x0000000000006cd4       0x2c /opt/gcc-arm-none-eabi-9-2020-q2-update/bin/../lib/gcc/arm-none-eabi/9.3.1/../../../../arm-none-eabi/lib/thumb/v7e-m+fp/hard/libc.a(lib_a-mprec.o)
                0x0000000000006cd4                __i2b
 .text.__multiply
                0x0000000000006d00      0x160 /opt/gcc-arm-none-eabi-9-2020-q2-update/bin/../lib/gcc/arm-none-eabi/9.3.1/../../../../arm-none-eabi/lib/thumb/v7e-m+fp/hard/libc.a(lib_a-mprec.o)
                0x0000000000006d00                __multiply
 .text.__pow5mult
                0x0000000000006e60       0x98 /opt/gcc-arm-none-eabi-9-2020-q2-update/bin/../lib/gcc/arm-none-eabi/9.3.1/../../../../arm-none-eabi/lib/thumb/v7e-m+fp/hard/libc.a(lib_a-mprec.o)
                0x0000000000006e60                __pow5mult
 .text.__lshift
                0x0000000000006ef8       0xe8 /opt/gcc-arm-none-eabi-9-2020-q2-update/bin/../lib/gcc/arm-none-eabi/9.3.1/../../../../arm-none-eabi/lib/thumb/v7e-m+fp/hard/libc.a(lib_a-mprec.o)
                0x0000000000006ef8                __lshift
 .text.__mcmp   0x0000000000006fe0       0x3c /opt/gcc-arm-none-eabi-9-2020-q2-update/bin/../lib/gcc/arm-none-eabi/9.3.1/../../../../arm-none-eabi/lib/thumb/v7e-m+fp/hard/libc.a(lib_a-mprec.o)
                0x0000000000006fe0                __mcmp
 .text.__mdiff  0x000000000000701c      0x148 /opt/gcc-arm-none-eabi-9-2020-q2-update/bin/../lib/gcc/arm-none-eabi/9.3.1/../../../../arm-none-eabi/lib/thumb/v7e-m+fp/hard/libc.a(lib_a-mprec.o)
                0x000000000000701c                __mdiff
 .text.__d2b    0x0000000000007164       0xd0 /opt/gcc-arm-none-eabi-9-2020-q2-update/bin/../lib/gcc/arm-none-eabi/9.3.1/../../../../arm-none-eabi/lib/thumb/v7e-m+fp/hard/libc.a(lib_a-mprec.o)
                0x0000000000007164                __d2b
 .text.frexp    0x0000000000007234       0x6c /opt/gcc-arm-none-eabi-9-2020-q2-update/bin/../lib/gcc/arm-none-eabi/9.3.1/../../../../arm-none-eabi/lib/thumb/v7e-m+fp/hard/libc.a(lib_a-s_frexp.o)
                0x0000000000007234                frexp
 .text._sbrk_r  0x00000000000072a0       0x24 /opt/gcc-arm-none-eabi-9-2020-q2-update/bin/../lib/gcc/arm-none-eabi/9.3.1/../../../../arm-none-eabi/lib/thumb/v7e-m+fp/hard/libc.a(lib_a-sbrkr.o)
                0x00000000000072a0                _sbrk_r
 .text.__sread  0x00000000000072c4       0x24 /opt/gcc-arm-none-eabi-9-2020-q2-update/bin/../lib/gcc/arm-none-eabi/9.3.1/../../../../arm-none-eabi/lib/thumb/v7e-m+fp/hard/libc.a(lib_a-stdio.o)
                0x00000000000072c4                __sread
 .text.__swrite
                0x00000000000072e8       0x40 /opt/gcc-arm-none-eabi-9-2020-q2-update/bin/../lib/gcc/arm-none-eabi/9.3.1/../../../../arm-none-eabi/lib/thumb/v7e-m+fp/hard/libc.a(lib_a-stdio.o)
                0x00000000000072e8                __swrite
 .text.__sseek  0x0000000000007328       0x20 /opt/gcc-arm-none-eabi-9-2020-q2-update/bin/../lib/gcc/arm-none-eabi/9.3.1/../../../../arm-none-eabi/lib/thumb/v7e-m+fp/hard/libc.a(lib_a-stdio.o)
                0x0000000000007328                __sseek
 .text.__sclose
                0x0000000000007348        0x8 /opt/gcc-arm-none-eabi-9-2020-q2-update/bin/../lib/gcc/arm-none-eabi/9.3.1/../../../../arm-none-eabi/lib/thumb/v7e-m+fp/hard/libc.a(lib_a-stdio.o)
                0x0000000000007348                __sclose
 .text.strncpy  0x0000000000007350       0x68 /opt/gcc-arm-none-eabi-9-2020-q2-update/bin/../lib/gcc/arm-none-eabi/9.3.1/../../../../arm-none-eabi/lib/thumb/v7e-m+fp/hard/libc.a(lib_a-strncpy.o)
                0x0000000000007350                strncpy
 .text.__sprint_r.part.0
                0x00000000000073b8       0x78 /opt/gcc-arm-none-eabi-9-2020-q2-update/bin/../lib/gcc/arm-none-eabi/9.3.1/../../../../arm-none-eabi/lib/thumb/v7e-m+fp/hard/libc.a(lib_a-vfiprintf.o)
 .text.__sprint_r
                0x0000000000007430       0x18 /opt/gcc-arm-none-eabi-9-2020-q2-update/bin/../lib/gcc/arm-none-eabi/9.3.1/../../../../arm-none-eabi/lib/thumb/v7e-m+fp/hard/libc.a(lib_a-vfiprintf.o)
                0x0000000000007430                __sprint_r
 .text._vfiprintf_r
                0x0000000000007448      0xd4c /opt/gcc-arm-none-eabi-9-2020-q2-update/bin/../lib/gcc/arm-none-eabi/9.3.1/../../../../arm-none-eabi/lib/thumb/v7e-m+fp/hard/libc.a(lib_a-vfiprintf.o)
                0x0000000000007448                _vfiprintf_r
 .text.__sbprintf
                0x0000000000008194       0x84 /opt/gcc-arm-none-eabi-9-2020-q2-update/bin/../lib/gcc/arm-none-eabi/9.3.1/../../../../arm-none-eabi/lib/thumb/v7e-m+fp/hard/libc.a(lib_a-vfiprintf.o)
 .text._write_r
                0x0000000000008218       0x2c /opt/gcc-arm-none-eabi-9-2020-q2-update/bin/../lib/gcc/arm-none-eabi/9.3.1/../../../../arm-none-eabi/lib/thumb/v7e-m+fp/hard/libc.a(lib_a-writer.o)
                0x0000000000008218                _write_r
 .text.__register_exitproc
                0x0000000000008244       0x8c /opt/gcc-arm-none-eabi-9-2020-q2-update/bin/../lib/gcc/arm-none-eabi/9.3.1/../../../../arm-none-eabi/lib/thumb/v7e-m+fp/hard/libc.a(lib_a-__atexit.o)
                0x0000000000008244                __register_exitproc
 .text.__assert_func
                0x00000000000082d0       0x3c /opt/gcc-arm-none-eabi-9-2020-q2-update/bin/../lib/gcc/arm-none-eabi/9.3.1/../../../../arm-none-eabi/lib/thumb/v7e-m+fp/hard/libc.a(lib_a-assert.o)
                0x00000000000082d0                __assert_func
 .text._calloc_r
                0x000000000000830c       0x60 /opt/gcc-arm-none-eabi-9-2020-q2-update/bin/../lib/gcc/arm-none-eabi/9.3.1/../../../../arm-none-eabi/lib/thumb/v7e-m+fp/hard/libc.a(lib_a-callocr.o)
                0x000000000000830c                _calloc_r
 .text._close_r
                0x000000000000836c       0x24 /opt/gcc-arm-none-eabi-9-2020-q2-update/bin/../lib/gcc/arm-none-eabi/9.3.1/../../../../arm-none-eabi/lib/thumb/v7e-m+fp/hard/libc.a(lib_a-closer.o)
                0x000000000000836c                _close_r
 .text._fclose_r
                0x0000000000008390       0xcc /opt/gcc-arm-none-eabi-9-2020-q2-update/bin/../lib/gcc/arm-none-eabi/9.3.1/../../../../arm-none-eabi/lib/thumb/v7e-m+fp/hard/libc.a(lib_a-fclose.o)
                0x0000000000008390                _fclose_r
 .text.fiprintf
                0x000000000000845c       0x28 /opt/gcc-arm-none-eabi-9-2020-q2-update/bin/../lib/gcc/arm-none-eabi/9.3.1/../../../../arm-none-eabi/lib/thumb/v7e-m+fp/hard/libc.a(lib_a-fiprintf.o)
                0x000000000000845c                fiprintf
 .text.__fputwc
                0x0000000000008484       0xa8 /opt/gcc-arm-none-eabi-9-2020-q2-update/bin/../lib/gcc/arm-none-eabi/9.3.1/../../../../arm-none-eabi/lib/thumb/v7e-m+fp/hard/libc.a(lib_a-fputwc.o)
                0x0000000000008484                __fputwc
 .text._fputwc_r
                0x000000000000852c       0x68 /opt/gcc-arm-none-eabi-9-2020-q2-update/bin/../lib/gcc/arm-none-eabi/9.3.1/../../../../arm-none-eabi/lib/thumb/v7e-m+fp/hard/libc.a(lib_a-fputwc.o)
                0x000000000000852c                _fputwc_r
 .text._fstat_r
                0x0000000000008594       0x2c /opt/gcc-arm-none-eabi-9-2020-q2-update/bin/../lib/gcc/arm-none-eabi/9.3.1/../../../../arm-none-eabi/lib/thumb/v7e-m+fp/hard/libc.a(lib_a-fstatr.o)
                0x0000000000008594                _fstat_r
 .text.__sfvwrite_r
                0x00000000000085c0      0x2e0 /opt/gcc-arm-none-eabi-9-2020-q2-update/bin/../lib/gcc/arm-none-eabi/9.3.1/../../../../arm-none-eabi/lib/thumb/v7e-m+fp/hard/libc.a(lib_a-fvwrite.o)
                0x00000000000085c0                __sfvwrite_r
 .text._isatty_r
                0x00000000000088a0       0x24 /opt/gcc-arm-none-eabi-9-2020-q2-update/bin/../lib/gcc/arm-none-eabi/9.3.1/../../../../arm-none-eabi/lib/thumb/v7e-m+fp/hard/libc.a(lib_a-isattyr.o)
                0x00000000000088a0                _isatty_r
 .text.__locale_mb_cur_max
                0x00000000000088c4        0xc /opt/gcc-arm-none-eabi-9-2020-q2-update/bin/../lib/gcc/arm-none-eabi/9.3.1/../../../../arm-none-eabi/lib/thumb/v7e-m+fp/hard/libc.a(lib_a-locale.o)
                0x00000000000088c4                __locale_mb_cur_max
 .text._lseek_r
                0x00000000000088d0       0x2c /opt/gcc-arm-none-eabi-9-2020-q2-update/bin/../lib/gcc/arm-none-eabi/9.3.1/../../../../arm-none-eabi/lib/thumb/v7e-m+fp/hard/libc.a(lib_a-lseekr.o)
                0x00000000000088d0                _lseek_r
 .text.__ascii_mbtowc
                0x00000000000088fc       0x2c /opt/gcc-arm-none-eabi-9-2020-q2-update/bin/../lib/gcc/arm-none-eabi/9.3.1/../../../../arm-none-eabi/lib/thumb/v7e-m+fp/hard/libc.a(lib_a-mbtowc_r.o)
                0x00000000000088fc                __ascii_mbtowc
 .text.memmove  0x0000000000008928       0xd8 /opt/gcc-arm-none-eabi-9-2020-q2-update/bin/../lib/gcc/arm-none-eabi/9.3.1/../../../../arm-none-eabi/lib/thumb/v7e-m+fp/hard/libc.a(lib_a-memmove.o)
                0x0000000000008928                memmove
 .text._read_r  0x0000000000008a00       0x2c /opt/gcc-arm-none-eabi-9-2020-q2-update/bin/../lib/gcc/arm-none-eabi/9.3.1/../../../../arm-none-eabi/lib/thumb/v7e-m+fp/hard/libc.a(lib_a-readr.o)
                0x0000000000008a00                _read_r
 .text._realloc_r
                0x0000000000008a2c      0x3e0 /opt/gcc-arm-none-eabi-9-2020-q2-update/bin/../lib/gcc/arm-none-eabi/9.3.1/../../../../arm-none-eabi/lib/thumb/v7e-m+fp/hard/libc.a(lib_a-reallocr.o)
                0x0000000000008a2c                _realloc_r
 .text.__swbuf_r
                0x0000000000008e0c       0xb0 /opt/gcc-arm-none-eabi-9-2020-q2-update/bin/../lib/gcc/arm-none-eabi/9.3.1/../../../../arm-none-eabi/lib/thumb/v7e-m+fp/hard/libc.a(lib_a-wbuf.o)
                0x0000000000008e0c                __swbuf_r
 .text._wcrtomb_r
                0x0000000000008ebc       0x3c /opt/gcc-arm-none-eabi-9-2020-q2-update/bin/../lib/gcc/arm-none-eabi/9.3.1/../../../../arm-none-eabi/lib/thumb/v7e-m+fp/hard/libc.a(lib_a-wcrtomb.o)
                0x0000000000008ebc                _wcrtomb_r
 .text.__ascii_wctomb
                0x0000000000008ef8       0x1c /opt/gcc-arm-none-eabi-9-2020-q2-update/bin/../lib/gcc/arm-none-eabi/9.3.1/../../../../arm-none-eabi/lib/thumb/v7e-m+fp/hard/libc.a(lib_a-wctomb_r.o)
                0x0000000000008ef8                __ascii_wctomb
 .text.abort    0x0000000000008f14       0x10 /opt/gcc-arm-none-eabi-9-2020-q2-update/bin/../lib/gcc/arm-none-eabi/9.3.1/../../../../arm-none-eabi/lib/thumb/v7e-m+fp/hard/libc.a(lib_a-abort.o)
                0x0000000000008f14                abort
 .text._raise_r
                0x0000000000008f24       0x58 /opt/gcc-arm-none-eabi-9-2020-q2-update/bin/../lib/gcc/arm-none-eabi/9.3.1/../../../../arm-none-eabi/lib/thumb/v7e-m+fp/hard/libc.a(lib_a-signal.o)
                0x0000000000008f24                _raise_r
 .text.raise    0x0000000000008f7c       0x10 /opt/gcc-arm-none-eabi-9-2020-q2-update/bin/../lib/gcc/arm-none-eabi/9.3.1/../../../../arm-none-eabi/lib/thumb/v7e-m+fp/hard/libc.a(lib_a-signal.o)
                0x0000000000008f7c                raise
 .text._kill_r  0x0000000000008f8c       0x2c /opt/gcc-arm-none-eabi-9-2020-q2-update/bin/../lib/gcc/arm-none-eabi/9.3.1/../../../../arm-none-eabi/lib/thumb/v7e-m+fp/hard/libc.a(lib_a-signalr.o)
                0x0000000000008f8c                _kill_r
 .text._getpid_r
                0x0000000000008fb8        0x4 /opt/gcc-arm-none-eabi-9-2020-q2-update/bin/../lib/gcc/arm-none-eabi/9.3.1/../../../../arm-none-eabi/lib/thumb/v7e-m+fp/hard/libc.a(lib_a-signalr.o)
                0x0000000000008fb8                _getpid_r
 .text._close   0x0000000000008fbc       0x10 /opt/gcc-arm-none-eabi-9-2020-q2-update/bin/../lib/gcc/arm-none-eabi/9.3.1/../../../../arm-none-eabi/lib/thumb/v7e-m+fp/hard/libnosys.a(close.o)
                0x0000000000008fbc                _close
 .text._fstat   0x0000000000008fcc       0x10 /opt/gcc-arm-none-eabi-9-2020-q2-update/bin/../lib/gcc/arm-none-eabi/9.3.1/../../../../arm-none-eabi/lib/thumb/v7e-m+fp/hard/libnosys.a(fstat.o)
                0x0000000000008fcc                _fstat
 .text._getpid  0x0000000000008fdc       0x10 /opt/gcc-arm-none-eabi-9-2020-q2-update/bin/../lib/gcc/arm-none-eabi/9.3.1/../../../../arm-none-eabi/lib/thumb/v7e-m+fp/hard/libnosys.a(getpid.o)
                0x0000000000008fdc                _getpid
 .text._isatty  0x0000000000008fec       0x10 /opt/gcc-arm-none-eabi-9-2020-q2-update/bin/../lib/gcc/arm-none-eabi/9.3.1/../../../../arm-none-eabi/lib/thumb/v7e-m+fp/hard/libnosys.a(isatty.o)
                0x0000000000008fec                _isatty
 .text._kill    0x0000000000008ffc       0x10 /opt/gcc-arm-none-eabi-9-2020-q2-update/bin/../lib/gcc/arm-none-eabi/9.3.1/../../../../arm-none-eabi/lib/thumb/v7e-m+fp/hard/libnosys.a(kill.o)
                0x0000000000008ffc                _kill
 .text._lseek   0x000000000000900c       0x10 /opt/gcc-arm-none-eabi-9-2020-q2-update/bin/../lib/gcc/arm-none-eabi/9.3.1/../../../../arm-none-eabi/lib/thumb/v7e-m+fp/hard/libnosys.a(lseek.o)
                0x000000000000900c                _lseek
 .text._sbrk    0x000000000000901c       0x1c /opt/gcc-arm-none-eabi-9-2020-q2-update/bin/../lib/gcc/arm-none-eabi/9.3.1/../../../../arm-none-eabi/lib/thumb/v7e-m+fp/hard/libnosys.a(sbrk.o)
                0x000000000000901c                _sbrk
 .text._exit    0x0000000000009038        0x4 /opt/gcc-arm-none-eabi-9-2020-q2-update/bin/../lib/gcc/arm-none-eabi/9.3.1/../../../../arm-none-eabi/lib/thumb/v7e-m+fp/hard/libnosys.a(_exit.o)
                0x0000000000009038                _exit
 .text          0x000000000000903c      0x378 /opt/gcc-arm-none-eabi-9-2020-q2-update/bin/../lib/gcc/arm-none-eabi/9.3.1/thumb/v7e-m+fp/hard/libgcc.a(_arm_addsubdf3.o)
                0x000000000000903c                __aeabi_drsub
                0x0000000000009044                __aeabi_dsub
                0x0000000000009044                __subdf3
                0x0000000000009048                __adddf3
                0x0000000000009048                __aeabi_dadd
                0x00000000000092c0                __aeabi_ui2d
                0x00000000000092c0                __floatunsidf
                0x00000000000092e0                __floatsidf
                0x00000000000092e0                __aeabi_i2d
                0x0000000000009304                __extendsfdf2
                0x0000000000009304                __aeabi_f2d
                0x0000000000009348                __aeabi_ul2d
                0x0000000000009348                __floatundidf
                0x0000000000009358                __floatdidf
                0x0000000000009358                __aeabi_l2d
 .text          0x00000000000093b4      0x424 /opt/gcc-arm-none-eabi-9-2020-q2-update/bin/../lib/gcc/arm-none-eabi/9.3.1/thumb/v7e-m+fp/hard/libgcc.a(_arm_muldivdf3.o)
                0x00000000000093b4                __aeabi_dmul
                0x00000000000093b4                __muldf3
                0x0000000000009608                __aeabi_ddiv
                0x0000000000009608                __divdf3
 .text          0x00000000000097d8      0x110 /opt/gcc-arm-none-eabi-9-2020-q2-update/bin/../lib/gcc/arm-none-eabi/9.3.1/thumb/v7e-m+fp/hard/libgcc.a(_arm_cmpdf2.o)
                0x00000000000097d8                __gtdf2
                0x00000000000097d8                __gedf2
                0x00000000000097e0                __ltdf2
                0x00000000000097e0                __ledf2
                0x00000000000097e8                __cmpdf2
                0x00000000000097e8                __eqdf2
                0x00000000000097e8                __nedf2
                0x0000000000009864                __aeabi_cdrcmple
                0x0000000000009874                __aeabi_cdcmple
                0x0000000000009874                __aeabi_cdcmpeq
                0x0000000000009884                __aeabi_dcmpeq
                0x0000000000009898                __aeabi_dcmplt
                0x00000000000098ac                __aeabi_dcmple
                0x00000000000098c0                __aeabi_dcmpge
                0x00000000000098d4                __aeabi_dcmpgt
 .text          0x00000000000098e8       0x2c /opt/gcc-arm-none-eabi-9-2020-q2-update/bin/../lib/gcc/arm-none-eabi/9.3.1/thumb/v7e-m+fp/hard/libgcc.a(_arm_unorddf2.o)
                0x00000000000098e8                __aeabi_dcmpun
                0x00000000000098e8                __unorddf2
 .text          0x0000000000009914       0x50 /opt/gcc-arm-none-eabi-9-2020-q2-update/bin/../lib/gcc/arm-none-eabi/9.3.1/thumb/v7e-m+fp/hard/libgcc.a(_arm_fixdfsi.o)
                0x0000000000009914                __fixdfsi
                0x0000000000009914                __aeabi_d2iz
 .text          0x0000000000009964       0x30 /opt/gcc-arm-none-eabi-9-2020-q2-update/bin/../lib/gcc/arm-none-eabi/9.3.1/thumb/v7e-m+fp/hard/libgcc.a(_aeabi_uldivmod.o)
                0x0000000000009964                __aeabi_uldivmod
 .text          0x0000000000009994      0x2c4 /opt/gcc-arm-none-eabi-9-2020-q2-update/bin/../lib/gcc/arm-none-eabi/9.3.1/thumb/v7e-m+fp/hard/libgcc.a(_udivmoddi4.o)
                0x0000000000009994                __udivmoddi4
 .text          0x0000000000009c58        0x4 /opt/gcc-arm-none-eabi-9-2020-q2-update/bin/../lib/gcc/arm-none-eabi/9.3.1/thumb/v7e-m+fp/hard/libgcc.a(_dvmd_tls.o)
                0x0000000000009c58                __aeabi_ldiv0
                0x0000000000009c58                __aeabi_idiv0
 *(.init)
 .init          0x0000000000009c5c        0x4 /opt/gcc-arm-none-eabi-9-2020-q2-update/bin/../lib/gcc/arm-none-eabi/9.3.1/thumb/v7e-m+fp/hard/crti.o
                0x0000000000009c5c                _init
 .init          0x0000000000009c60        0x8 /opt/gcc-arm-none-eabi-9-2020-q2-update/bin/../lib/gcc/arm-none-eabi/9.3.1/thumb/v7e-m+fp/hard/crtn.o
 *(.fini)
 .fini          0x0000000000009c68        0x4 /opt/gcc-arm-none-eabi-9-2020-q2-update/bin/../lib/gcc/arm-none-eabi/9.3.1/thumb/v7e-m+fp/hard/crti.o
                0x0000000000009c68                _fini
 .fini          0x0000000000009c6c        0x8 /opt/gcc-arm-none-eabi-9-2020-q2-update/bin/../lib/gcc/arm-none-eabi/9.3.1/thumb/v7e-m+fp/hard/crtn.o
 *crtbegin.o(.ctors)
 *crtbegin?.o(.ctors)
 *(EXCLUDE_FILE(*crtend.o *crtend?.o) .ctors)
 *(SORT_BY_NAME(.ctors.*))
 *(.ctors)
 *crtbegin.o(.dtors)
 *crtbegin?.o(.dtors)
 *(EXCLUDE_FILE(*crtend.o *crtend?.o) .dtors)
 *(SORT_BY_NAME(.dtors.*))
 *(.dtors)
 *(.rodata*)
 .rodata.main.str1.1
                0x0000000000009c74       0x31 _build/main.o
 *fill*         0x0000000000009ca5        0xb 
 .rodata.delay_machine_code.8590
                0x0000000000009cb0        0x6 _build/main.o
 .rodata.nrf_gpio_pin_port_decode.str1.1
                0x0000000000009cb6       0x43 _build/better_error_handling.o
 .rodata.app_error_fault_handler.str1.1
                0x0000000000009cf9       0x78 _build/better_error_handling.o
 .rodata.LED_COLS
                0x0000000000009d71        0x5 _build/better_error_handling.o
 .rodata.LED_ROWS
                0x0000000000009d76        0x5 _build/better_error_handling.o
 *fill*         0x0000000000009d7b        0x5 
 .rodata.delay_machine_code.8602
                0x0000000000009d80        0x6 _build/better_error_handling.o
 .rodata.called_first.str1.1
                0x0000000000009d86       0x78 _build/microbit_before_startup.o
 *fill*         0x0000000000009dfe        0x2 
 .rodata.delay_machine_code.8590
                0x0000000000009e00        0x6 _build/microbit_before_startup.o
 .rodata.uart_init.constprop.0.str1.1
                0x0000000000009e06       0x7e _build/microbit_nrf_log_backend_uart.o
 .rodata        0x0000000000009e84       0x20 _build/microbit_nrf_log_backend_uart.o
 .rodata.nrf_log_backend_uart_api
                0x0000000000009ea4        0xc _build/microbit_nrf_log_backend_uart.o
                0x0000000000009ea4                nrf_log_backend_uart_api
 .rodata.app_util_critical_region_enter.str1.1
                0x0000000000009eb0       0x55 _build/app_util_platform.o
 .rodata.HardFault_c_handler.str1.1
                0x0000000000009f05      0x12e _build/hardfault_implementation.o
 .rodata.str1.1
                0x000000000000a033      0x4c0 _build/hardfault_implementation.o
 *fill*         0x000000000000a4f3        0x1 
 .rodata.cfsr_msgs.9441
                0x000000000000a4f4       0x68 _build/hardfault_implementation.o
 .rodata.nrf_balloc_init.str1.1
                0x000000000000a55c       0x50 _build/nrf_balloc.o
 .rodata.nrf_fprintf_buffer_flush.str1.1
                0x000000000000a5ac       0x46 _build/nrf_fprintf.o
 .rodata.nrf_fprintf_fmt.str1.1
                0x000000000000a5f2       0x4d _build/nrf_fprintf_format.o
 .rodata._aV2C.7922
                0x000000000000a63f       0x10 _build/nrf_fprintf_format.o
 .rodata.nrf_log_default_backends_init.str1.1
                0x000000000000a64f       0x5f _build/nrf_log_default_backends.o
 .rodata.str1.1
                0x000000000000a6ae       0x11 _build/nrf_log_default_backends.o
 .rodata.buf_prealloc.str1.1
                0x000000000000a6bf       0x57 _build/nrf_log_frontend.o
 .rodata.nrf_log_frontend_dequeue.str1.1
                0x000000000000a716       0x11 _build/nrf_log_frontend.o
 .rodata.str1.1
                0x000000000000a727        0x4 _build/nrf_log_frontend.o
 *fill*         0x000000000000a72b        0x1 
 .rodata.m_log_push_ringbuf
                0x000000000000a72c        0xc _build/nrf_log_frontend.o
 .rodata.postfix_process.str1.1
                0x000000000000a738        0x8 _build/nrf_log_str_formatter.o
                                          0xb (size before relaxing)
 .rodata.prefix_process.str1.1
                0x000000000000a740       0x2a _build/nrf_log_str_formatter.o
 .rodata.nrf_log_hexdump_entry_process.str1.1
                0x000000000000a76a        0xf _build/nrf_log_str_formatter.o
                                         0x11 (size before relaxing)
 .rodata.str1.1
                0x000000000000a779       0x4b _build/nrf_log_str_formatter.o
                                         0x51 (size before relaxing)
 .rodata.m_colors
                0x000000000000a7c4       0x24 _build/nrf_log_str_formatter.o
 .rodata.severity_names
                0x000000000000a7e8       0x14 _build/nrf_log_str_formatter.o
 .rodata.str1.1
                0x000000000000a7fc        0x9 _build/nrf_pwr_mgmt.o
 .rodata.memobj_op.str1.1
                0x000000000000a805       0x50 _build/nrf_memobj.o
 .rodata.str1.1
                0x000000000000a855      0x391 _build/nrf_strerror.o
 .rodata.m_unknown_str
                0x000000000000abe6       0x13 _build/nrf_strerror.o
 *fill*         0x000000000000abf9        0x3 
 .rodata.nrf_strerror_array
                0x000000000000abfc      0x118 _build/nrf_strerror.o
 .rodata.UARTE0_UART0_IRQHandler.str1.1
                0x000000000000ad14       0x4f _build/nrfx_prs.o
 .rodata.str1.1
                0x000000000000ad63        0x4 _build/nrfx_prs.o
 .rodata.nrf_gpio_pin_port_decode.str1.1
                0x000000000000ad67       0x43 _build/nrfx_uart.o
 .rodata.nrfx_uart_init.str1.1
                0x000000000000ad67       0x90 _build/nrfx_uart.o
 .rodata.str1.1
                0x000000000000adf7        0x5 _build/nrfx_uart.o
 .rodata.nrf_gpio_pin_port_decode.str1.1
                0x000000000000adfc       0x43 _build/nrfx_uarte.o
 .rodata.nrfx_uarte_init.str1.1
                0x000000000000adfc       0x4d _build/nrfx_uarte.o
                                         0x91 (size before relaxing)
 .rodata.str1.1
                0x000000000000ae49        0x6 _build/nrfx_uarte.o
 *fill*         0x000000000000ae4f        0x1 
 .rodata._ctype_
                0x000000000000ae50      0x101 /opt/gcc-arm-none-eabi-9-2020-q2-update/bin/../lib/gcc/arm-none-eabi/9.3.1/../../../../arm-none-eabi/lib/thumb/v7e-m+fp/hard/libc.a(lib_a-ctype_.o)
                0x000000000000ae50                _ctype_
 *fill*         0x000000000000af51        0x3 
 .rodata._global_impure_ptr
                0x000000000000af54        0x4 /opt/gcc-arm-none-eabi-9-2020-q2-update/bin/../lib/gcc/arm-none-eabi/9.3.1/../../../../arm-none-eabi/lib/thumb/v7e-m+fp/hard/libc.a(lib_a-impure.o)
                0x000000000000af54                _global_impure_ptr
 .rodata._vfprintf_r.str1.4
                0x000000000000af58       0x42 /opt/gcc-arm-none-eabi-9-2020-q2-update/bin/../lib/gcc/arm-none-eabi/9.3.1/../../../../arm-none-eabi/lib/thumb/v7e-m+fp/hard/libc.a(lib_a-vfprintf.o)
 *fill*         0x000000000000af9a        0x2 
 .rodata.blanks.8713
                0x000000000000af9c       0x10 /opt/gcc-arm-none-eabi-9-2020-q2-update/bin/../lib/gcc/arm-none-eabi/9.3.1/../../../../arm-none-eabi/lib/thumb/v7e-m+fp/hard/libc.a(lib_a-vfprintf.o)
 .rodata.zeroes.8714
                0x000000000000afac       0x10 /opt/gcc-arm-none-eabi-9-2020-q2-update/bin/../lib/gcc/arm-none-eabi/9.3.1/../../../../arm-none-eabi/lib/thumb/v7e-m+fp/hard/libc.a(lib_a-vfprintf.o)
 .rodata._dtoa_r.str1.4
                0x000000000000afbc       0xa0 /opt/gcc-arm-none-eabi-9-2020-q2-update/bin/../lib/gcc/arm-none-eabi/9.3.1/../../../../arm-none-eabi/lib/thumb/v7e-m+fp/hard/libc.a(lib_a-dtoa.o)
                                         0xa4 (size before relaxing)
 .rodata.__multadd.str1.4
                0x000000000000b05c       0x7d /opt/gcc-arm-none-eabi-9-2020-q2-update/bin/../lib/gcc/arm-none-eabi/9.3.1/../../../../arm-none-eabi/lib/thumb/v7e-m+fp/hard/libc.a(lib_a-mprec.o)
                                         0x91 (size before relaxing)
 *fill*         0x000000000000b0d9        0x7 
 .rodata.__mprec_bigtens
                0x000000000000b0e0       0x28 /opt/gcc-arm-none-eabi-9-2020-q2-update/bin/../lib/gcc/arm-none-eabi/9.3.1/../../../../arm-none-eabi/lib/thumb/v7e-m+fp/hard/libc.a(lib_a-mprec.o)
                0x000000000000b0e0                __mprec_bigtens
 .rodata.__mprec_tens
                0x000000000000b108       0xc8 /opt/gcc-arm-none-eabi-9-2020-q2-update/bin/../lib/gcc/arm-none-eabi/9.3.1/../../../../arm-none-eabi/lib/thumb/v7e-m+fp/hard/libc.a(lib_a-mprec.o)
                0x000000000000b108                __mprec_tens
 .rodata.p05.7485
                0x000000000000b1d0        0xc /opt/gcc-arm-none-eabi-9-2020-q2-update/bin/../lib/gcc/arm-none-eabi/9.3.1/../../../../arm-none-eabi/lib/thumb/v7e-m+fp/hard/libc.a(lib_a-mprec.o)
 .rodata._vfiprintf_r.str1.4
                0x000000000000b1dc       0x2f /opt/gcc-arm-none-eabi-9-2020-q2-update/bin/../lib/gcc/arm-none-eabi/9.3.1/../../../../arm-none-eabi/lib/thumb/v7e-m+fp/hard/libc.a(lib_a-vfiprintf.o)
 .rodata.blanks.8691
                0x000000000000b1dc       0x10 /opt/gcc-arm-none-eabi-9-2020-q2-update/bin/../lib/gcc/arm-none-eabi/9.3.1/../../../../arm-none-eabi/lib/thumb/v7e-m+fp/hard/libc.a(lib_a-vfiprintf.o)
 .rodata.zeroes.8692
                0x000000000000b1ec       0x10 /opt/gcc-arm-none-eabi-9-2020-q2-update/bin/../lib/gcc/arm-none-eabi/9.3.1/../../../../arm-none-eabi/lib/thumb/v7e-m+fp/hard/libc.a(lib_a-vfiprintf.o)
 .rodata.__assert_func.str1.4
                0x000000000000b1fc       0x3f /opt/gcc-arm-none-eabi-9-2020-q2-update/bin/../lib/gcc/arm-none-eabi/9.3.1/../../../../arm-none-eabi/lib/thumb/v7e-m+fp/hard/libc.a(lib_a-assert.o)
                                         0x43 (size before relaxing)
 *fill*         0x000000000000b23b        0x1 
 .rodata._setlocale_r.str1.4
                0x000000000000b23c        0xa /opt/gcc-arm-none-eabi-9-2020-q2-update/bin/../lib/gcc/arm-none-eabi/9.3.1/../../../../arm-none-eabi/lib/thumb/v7e-m+fp/hard/libc.a(lib_a-locale.o)
                                          0xd (size before relaxing)
 *fill*         0x000000000000b246        0x2 
 .rodata.str1.4
                0x000000000000b248        0x2 /opt/gcc-arm-none-eabi-9-2020-q2-update/bin/../lib/gcc/arm-none-eabi/9.3.1/../../../../arm-none-eabi/lib/thumb/v7e-m+fp/hard/libc.a(lib_a-locale.o)
 *(.eh_frame*)
 *fill*         0x000000000000b24a        0x2 
 .eh_frame      0x000000000000b24c        0x0 /opt/gcc-arm-none-eabi-9-2020-q2-update/bin/../lib/gcc/arm-none-eabi/9.3.1/thumb/v7e-m+fp/hard/crtbegin.o
 .eh_frame      0x000000000000b24c        0x4 /opt/gcc-arm-none-eabi-9-2020-q2-update/bin/../lib/gcc/arm-none-eabi/9.3.1/thumb/v7e-m+fp/hard/crtend.o

.glue_7         0x000000000000b250        0x0
 .glue_7        0x000000000000b250        0x0 linker stubs

.glue_7t        0x000000000000b250        0x0
 .glue_7t       0x000000000000b250        0x0 linker stubs

.vfp11_veneer   0x000000000000b250        0x0
 .vfp11_veneer  0x000000000000b250        0x0 linker stubs

.v4_bx          0x000000000000b250        0x0
 .v4_bx         0x000000000000b250        0x0 linker stubs

.iplt           0x000000000000b250        0x0
 .iplt          0x000000000000b250        0x0 /opt/gcc-arm-none-eabi-9-2020-q2-update/bin/../lib/gcc/arm-none-eabi/9.3.1/thumb/v7e-m+fp/hard/crtbegin.o

.pwr_mgmt_data  0x000000000000b250        0x0
                0x000000000000b250                PROVIDE (__start_pwr_mgmt_data = .)
 *(SORT_BY_NAME(.pwr_mgmt_data*))
                0x000000000000b250                PROVIDE (__stop_pwr_mgmt_data = .)

.log_const_data
                0x000000000000b250       0x30
                0x000000000000b250                PROVIDE (__start_log_const_data = .)
 *(SORT_BY_NAME(.log_const_data*))
 .log_const_data_PRS
                0x000000000000b250        0x8 _build/nrfx_prs.o
                0x000000000000b250                m_nrf_log_PRS_logs_data_const
 .log_const_data_UART
                0x000000000000b258        0x8 _build/nrfx_uart.o
                0x000000000000b258                m_nrf_log_UART_logs_data_const
 .log_const_data_UARTE
                0x000000000000b260        0x8 _build/nrfx_uarte.o
                0x000000000000b260                m_nrf_log_UARTE_logs_data_const
 .log_const_data_app
                0x000000000000b268        0x8 _build/nrf_log_frontend.o
                0x000000000000b268                m_nrf_log_app_logs_data_const
 .log_const_data_hardfault
                0x000000000000b270        0x8 _build/hardfault_implementation.o
                0x000000000000b270                m_nrf_log_hardfault_logs_data_const
 .log_const_data_pwr_mgmt
                0x000000000000b278        0x8 _build/nrf_pwr_mgmt.o
                0x000000000000b278                m_nrf_log_pwr_mgmt_logs_data_const
                0x000000000000b280                PROVIDE (__stop_log_const_data = .)

.nrf_balloc     0x000000000000b280       0x14
                [!provide]                        PROVIDE (__start_nrf_balloc = .)
 *(.nrf_balloc)
 .nrf_balloc    0x000000000000b280       0x14 _build/nrf_log_frontend.o
                0x000000000000b280                log_mempool
                [!provide]                        PROVIDE (__stop_nrf_balloc = .)

.log_backends   0x000000000000b294       0x10
 .log_backends  0x000000000000b294       0x10 _build/nrf_log_default_backends.o

.nrf_queue      0x000000000000b2a4        0x0
                [!provide]                        PROVIDE (__start_nrf_queue = .)
 *(.nrf_queue)
                [!provide]                        PROVIDE (__stop_nrf_queue = .)

.cli_command    0x000000000000b2a4        0x0
                [!provide]                        PROVIDE (__start_cli_command = .)
 *(.cli_command)
                [!provide]                        PROVIDE (__stop_cli_command = .)

.sdh_stack_observers
                0x000000000000b2a4        0x0
                [!provide]                        PROVIDE (__start_sdh_stack_observers = .)
 *(SORT_BY_NAME(.sdh_stack_observers*))
                [!provide]                        PROVIDE (__stop_sdh_stack_observers = .)

.sdh_req_observers
                0x000000000000b2a4        0x0
                [!provide]                        PROVIDE (__start_sdh_req_observers = .)
 *(SORT_BY_NAME(.sdh_req_observers*))
                [!provide]                        PROVIDE (__stop_sdh_req_observers = .)

.sdh_state_observers
                0x000000000000b2a4        0x0
                [!provide]                        PROVIDE (__start_sdh_state_observers = .)
 *(SORT_BY_NAME(.sdh_state_observers*))
                [!provide]                        PROVIDE (__stop_sdh_state_observers = .)

.sdh_ant_observers
                0x000000000000b2a4        0x0
                [!provide]                        PROVIDE (__start_sdh_ant_observers = .)
 *(SORT_BY_NAME(.sdh_ant_observers*))
                [!provide]                        PROVIDE (__stop_sdh_ant_observers = .)

.sdh_ble_observers
                0x000000000000b2a4        0x0
                [!provide]                        PROVIDE (__start_sdh_ble_observers = .)
 *(SORT_BY_NAME(.sdh_ble_observers*))
                [!provide]                        PROVIDE (__stop_sdh_ble_observers = .)

.sdh_soc_observers
                0x000000000000b2a4        0x0
                [!provide]                        PROVIDE (__start_sdh_soc_observers = .)
 *(SORT_BY_NAME(.sdh_soc_observers*))
                [!provide]                        PROVIDE (__stop_sdh_soc_observers = .)

.crypto_data    0x000000000000b2a4        0x0
                [!provide]                        PROVIDE (__start_crypto_data = .)
 *(SORT_BY_NAME(.crypto_data*))
                [!provide]                        PROVIDE (__stop_crypto_data = .)

.ARM.extab
 *(.ARM.extab* .gnu.linkonce.armextab.*)
                0x000000000000b2a4                __exidx_start = .

.ARM.exidx      0x000000000000b2a4        0x8
 *(.ARM.exidx* .gnu.linkonce.armexidx.*)
 .ARM.exidx     0x000000000000b2a4        0x8 /opt/gcc-arm-none-eabi-9-2020-q2-update/bin/../lib/gcc/arm-none-eabi/9.3.1/../../../../arm-none-eabi/lib/thumb/v7e-m+fp/hard/crt0.o
                                         0x10 (size before relaxing)
 .ARM.exidx     0x000000000000b2ac        0x0 /opt/gcc-arm-none-eabi-9-2020-q2-update/bin/../lib/gcc/arm-none-eabi/9.3.1/thumb/v7e-m+fp/hard/libgcc.a(_udivmoddi4.o)
                                          0x8 (size before relaxing)
                0x000000000000b2ac                __exidx_end = .
                0x000000000000b2ac                __etext = .

.rel.dyn        0x000000000000b2ac        0x0
 .rel.iplt      0x000000000000b2ac        0x0 /opt/gcc-arm-none-eabi-9-2020-q2-update/bin/../lib/gcc/arm-none-eabi/9.3.1/thumb/v7e-m+fp/hard/crtbegin.o

.data           0x0000000020000000      0x9e0 load address 0x000000000000b2ac
                0x0000000020000000                __data_start__ = .
 *(vtable)
 *(.data*)
 .data.m_uart   0x0000000020000000       0x14 _build/microbit_nrf_log_backend_uart.o
                0x0000000020000000                m_uart
 .data.log_backend_cb_uart_log_backend
                0x0000000020000014        0x8 _build/nrf_log_default_backends.o
 .data.SystemCoreClock
                0x000000002000001c        0x4 _build/system_nrf52833.o
                0x000000002000001c                SystemCoreClock
 .data._impure_ptr
                0x0000000020000020        0x4 /opt/gcc-arm-none-eabi-9-2020-q2-update/bin/../lib/gcc/arm-none-eabi/9.3.1/../../../../arm-none-eabi/lib/thumb/v7e-m+fp/hard/libc.a(lib_a-impure.o)
                0x0000000020000020                _impure_ptr
 *fill*         0x0000000020000024        0x4 
 .data.impure_data
                0x0000000020000028      0x428 /opt/gcc-arm-none-eabi-9-2020-q2-update/bin/../lib/gcc/arm-none-eabi/9.3.1/../../../../arm-none-eabi/lib/thumb/v7e-m+fp/hard/libc.a(lib_a-impure.o)
 .data.__atexit_recursive_mutex
                0x0000000020000450        0x4 /opt/gcc-arm-none-eabi-9-2020-q2-update/bin/../lib/gcc/arm-none-eabi/9.3.1/../../../../arm-none-eabi/lib/thumb/v7e-m+fp/hard/libc.a(lib_a-__call_atexit.o)
                0x0000000020000450                __atexit_recursive_mutex
 .data.__malloc_av_
                0x0000000020000454      0x408 /opt/gcc-arm-none-eabi-9-2020-q2-update/bin/../lib/gcc/arm-none-eabi/9.3.1/../../../../arm-none-eabi/lib/thumb/v7e-m+fp/hard/libc.a(lib_a-mallocr.o)
                0x0000000020000454                __malloc_av_
 .data.__malloc_sbrk_base
                0x000000002000085c        0x4 /opt/gcc-arm-none-eabi-9-2020-q2-update/bin/../lib/gcc/arm-none-eabi/9.3.1/../../../../arm-none-eabi/lib/thumb/v7e-m+fp/hard/libc.a(lib_a-mallocr.o)
                0x000000002000085c                __malloc_sbrk_base
 .data.__malloc_trim_threshold
                0x0000000020000860        0x4 /opt/gcc-arm-none-eabi-9-2020-q2-update/bin/../lib/gcc/arm-none-eabi/9.3.1/../../../../arm-none-eabi/lib/thumb/v7e-m+fp/hard/libc.a(lib_a-mallocr.o)
                0x0000000020000860                __malloc_trim_threshold
 .data.__global_locale
                0x0000000020000864      0x16c /opt/gcc-arm-none-eabi-9-2020-q2-update/bin/../lib/gcc/arm-none-eabi/9.3.1/../../../../arm-none-eabi/lib/thumb/v7e-m+fp/hard/libc.a(lib_a-locale.o)
                0x0000000020000864                __global_locale
                0x00000000200009d0                . = ALIGN (0x4)
                0x00000000200009d0                PROVIDE (__preinit_array_start = .)
 *(.preinit_array)
                0x00000000200009d0                PROVIDE (__preinit_array_end = .)
                0x00000000200009d0                . = ALIGN (0x4)
                0x00000000200009d0                PROVIDE (__init_array_start = .)
 *(SORT_BY_NAME(.init_array.*))
 .init_array.00000
                0x00000000200009d0        0x4 /opt/gcc-arm-none-eabi-9-2020-q2-update/bin/../lib/gcc/arm-none-eabi/9.3.1/../../../../arm-none-eabi/lib/thumb/v7e-m+fp/hard/libc.a(lib_a-__call_atexit.o)
 *(.init_array)
 .init_array    0x00000000200009d4        0x4 /opt/gcc-arm-none-eabi-9-2020-q2-update/bin/../lib/gcc/arm-none-eabi/9.3.1/thumb/v7e-m+fp/hard/crtbegin.o
 .init_array    0x00000000200009d8        0x4 _build/microbit_before_startup.o
                0x00000000200009dc                PROVIDE (__init_array_end = .)
                0x00000000200009dc                . = ALIGN (0x4)
                0x00000000200009dc                PROVIDE (__fini_array_start = .)
 *(SORT_BY_NAME(.fini_array.*))
 *(.fini_array)
 .fini_array    0x00000000200009dc        0x4 /opt/gcc-arm-none-eabi-9-2020-q2-update/bin/../lib/gcc/arm-none-eabi/9.3.1/thumb/v7e-m+fp/hard/crtbegin.o
                0x00000000200009e0                PROVIDE (__fini_array_end = .)
 *(.jcr*)
                0x00000000200009e0                . = ALIGN (0x4)
                0x00000000200009e0                __data_end__ = .
LOAD /opt/gcc-arm-none-eabi-9-2020-q2-update/bin/../lib/gcc/arm-none-eabi/9.3.1/thumb/v7e-m+fp/hard/crti.o
LOAD /opt/gcc-arm-none-eabi-9-2020-q2-update/bin/../lib/gcc/arm-none-eabi/9.3.1/thumb/v7e-m+fp/hard/crtbegin.o
LOAD /opt/gcc-arm-none-eabi-9-2020-q2-update/bin/../lib/gcc/arm-none-eabi/9.3.1/../../../../arm-none-eabi/lib/thumb/v7e-m+fp/hard/crt0.o
START GROUP
LOAD _build/main.o
LOAD _build/temperature.o
LOAD _build/better_error_handling.o
LOAD _build/microbit_before_startup.o
LOAD _build/microbit_nrf_log_backend_uart.o
LOAD _build/microbit_retarget.o
LOAD _build/app_error_handler_gcc.o
LOAD _build/app_util_platform.o
LOAD _build/hardfault_handler_gcc.o
LOAD _build/hardfault_implementation.o
LOAD _build/nrf_assert.o
LOAD _build/nrf_atomic.o
LOAD _build/nrf_balloc.o
LOAD _build/nrf_drv_uart.o
LOAD _build/nrf_fprintf.o
LOAD _build/nrf_fprintf_format.o
LOAD _build/nrf_log_backend_rtt.o
LOAD _build/nrf_log_backend_serial.o
LOAD _build/nrf_log_default_backends.o
LOAD _build/nrf_log_frontend.o
LOAD _build/nrf_log_str_formatter.o
LOAD _build/nrf_pwr_mgmt.o
LOAD _build/nrf_memobj.o
LOAD _build/nrf_ringbuf.o
LOAD _build/nrf_strerror.o
LOAD _build/nrfx_prs.o
LOAD _build/nrfx_uart.o
LOAD _build/nrfx_uarte.o
LOAD _build/app_fifo.o
LOAD _build/app_uart_fifo.o
LOAD _build/system_nrf52833.o
LOAD _build/app_error_weak.o
LOAD _build/gcc_startup_nrf52833.os
LOAD /opt/gcc-arm-none-eabi-9-2020-q2-update/bin/../lib/gcc/arm-none-eabi/9.3.1/../../../../arm-none-eabi/lib/thumb/v7e-m+fp/hard/libc.a
LOAD /opt/gcc-arm-none-eabi-9-2020-q2-update/bin/../lib/gcc/arm-none-eabi/9.3.1/../../../../arm-none-eabi/lib/thumb/v7e-m+fp/hard/libnosys.a
LOAD /opt/gcc-arm-none-eabi-9-2020-q2-update/bin/../lib/gcc/arm-none-eabi/9.3.1/../../../../arm-none-eabi/lib/thumb/v7e-m+fp/hard/libm.a
LOAD /opt/gcc-arm-none-eabi-9-2020-q2-update/bin/../lib/gcc/arm-none-eabi/9.3.1/../../../../arm-none-eabi/lib/thumb/v7e-m+fp/hard/libstdc++.a
END GROUP
START GROUP
LOAD /opt/gcc-arm-none-eabi-9-2020-q2-update/bin/../lib/gcc/arm-none-eabi/9.3.1/thumb/v7e-m+fp/hard/libgcc.a
LOAD /opt/gcc-arm-none-eabi-9-2020-q2-update/bin/../lib/gcc/arm-none-eabi/9.3.1/../../../../arm-none-eabi/lib/thumb/v7e-m+fp/hard/libc.a
END GROUP
LOAD /opt/gcc-arm-none-eabi-9-2020-q2-update/bin/../lib/gcc/arm-none-eabi/9.3.1/thumb/v7e-m+fp/hard/crtend.o
LOAD /opt/gcc-arm-none-eabi-9-2020-q2-update/bin/../lib/gcc/arm-none-eabi/9.3.1/thumb/v7e-m+fp/hard/crtn.o
START GROUP
LOAD /opt/gcc-arm-none-eabi-9-2020-q2-update/bin/../lib/gcc/arm-none-eabi/9.3.1/thumb/v7e-m+fp/hard/libgcc.a
LOAD /opt/gcc-arm-none-eabi-9-2020-q2-update/bin/../lib/gcc/arm-none-eabi/9.3.1/../../../../arm-none-eabi/lib/thumb/v7e-m+fp/hard/libc.a
LOAD /opt/gcc-arm-none-eabi-9-2020-q2-update/bin/../lib/gcc/arm-none-eabi/9.3.1/../../../../arm-none-eabi/lib/thumb/v7e-m+fp/hard/libnosys.a
END GROUP
                0x0000000000001000                FLASH_PAGE_SIZE = 0x1000
                0x0000000000000004                FLASH_DATA_PAGES_USED = 0x4

.igot.plt       0x00000000200009e0        0x0 load address 0x000000000000bc8c
 .igot.plt      0x00000000200009e0        0x0 /opt/gcc-arm-none-eabi-9-2020-q2-update/bin/../lib/gcc/arm-none-eabi/9.3.1/thumb/v7e-m+fp/hard/crtbegin.o
                0x00000000200009e0                . = ALIGN (0x4)

.svc_data       0x00000000200009e0        0x0
                [!provide]                        PROVIDE (__start_svc_data = .)
 *(.svc_data)
                [!provide]                        PROVIDE (__stop_svc_data = .)

.fs_data        0x00000000200009e0        0x0
                [!provide]                        PROVIDE (__start_fs_data = .)
 *(.fs_data)
                [!provide]                        PROVIDE (__stop_fs_data = .)

.log_dynamic_data
                0x00000000200009e0        0x0
                0x00000000200009e0                PROVIDE (__start_log_dynamic_data = .)
 *(SORT_BY_NAME(.log_dynamic_data*))
                [!provide]                        PROVIDE (__stop_log_dynamic_data = .)

.cli_sorted_cmd_ptrs
                0x00000000200009e0        0x0
                [!provide]                        PROVIDE (__start_cli_sorted_cmd_ptrs = .)
 *(.cli_sorted_cmd_ptrs)
                [!provide]                        PROVIDE (__stop_cli_sorted_cmd_ptrs = .)

.bss            0x00000000200009e0      0x6c4 load address 0x000000000000bc8c
                0x00000000200009e0                . = ALIGN (0x4)
                0x00000000200009e0                __bss_start__ = .
 *(.bss*)
 .bss           0x00000000200009e0       0x1c /opt/gcc-arm-none-eabi-9-2020-q2-update/bin/../lib/gcc/arm-none-eabi/9.3.1/thumb/v7e-m+fp/hard/crtbegin.o
 .bss.sample_ready
                0x00000000200009fc        0x1 _build/temperature.o
 *fill*         0x00000000200009fd        0x3 
 .bss.temp_value
                0x0000000020000a00        0x4 _build/temperature.o
 .bss.m_async_mode
                0x0000000020000a04        0x1 _build/microbit_nrf_log_backend_uart.o
 .bss.m_string_buff
                0x0000000020000a05       0x40 _build/microbit_nrf_log_backend_uart.o
 .bss.m_xfer_done
                0x0000000020000a45        0x1 _build/microbit_nrf_log_backend_uart.o
 *fill*         0x0000000020000a46        0x2 
 .bss.m_in_critical_region
                0x0000000020000a48        0x4 _build/app_util_platform.o
 .bss.m_contexts
                0x0000000020000a4c        0x8 _build/nrf_drv_uart.o
 .bss.m_handlers
                0x0000000020000a54        0x8 _build/nrf_drv_uart.o
 .bss.log_mempool_nrf_balloc_cb
                0x0000000020000a5c        0x8 _build/nrf_log_frontend.o
 .bss.log_mempool_nrf_balloc_pool_mem
                0x0000000020000a64       0xc0 _build/nrf_log_frontend.o
 .bss.log_mempool_nrf_balloc_pool_stack
                0x0000000020000b24        0x8 _build/nrf_log_frontend.o
 .bss.m_log_data
                0x0000000020000b2c      0x424 _build/nrf_log_frontend.o
 .bss.m_log_push_ringbuf_buf
                0x0000000020000f50       0x80 _build/nrf_log_frontend.o
 .bss.m_log_push_ringbuf_cb
                0x0000000020000fd0       0x18 _build/nrf_log_frontend.o
 .bss.m_prs_box_4
                0x0000000020000fe8        0x8 _build/nrfx_prs.o
 .bss.m_cb      0x0000000020000ff0       0x2c _build/nrfx_uart.o
 .bss.m_cb      0x000000002000101c       0x24 _build/nrfx_uarte.o
 .bss.__malloc_current_mallinfo
                0x0000000020001040       0x28 /opt/gcc-arm-none-eabi-9-2020-q2-update/bin/../lib/gcc/arm-none-eabi/9.3.1/../../../../arm-none-eabi/lib/thumb/v7e-m+fp/hard/libc.a(lib_a-mallocr.o)
                0x0000000020001040                __malloc_current_mallinfo
 .bss.__malloc_max_sbrked_mem
                0x0000000020001068        0x4 /opt/gcc-arm-none-eabi-9-2020-q2-update/bin/../lib/gcc/arm-none-eabi/9.3.1/../../../../arm-none-eabi/lib/thumb/v7e-m+fp/hard/libc.a(lib_a-mallocr.o)
                0x0000000020001068                __malloc_max_sbrked_mem
 .bss.__malloc_max_total_mem
                0x000000002000106c        0x4 /opt/gcc-arm-none-eabi-9-2020-q2-update/bin/../lib/gcc/arm-none-eabi/9.3.1/../../../../arm-none-eabi/lib/thumb/v7e-m+fp/hard/libc.a(lib_a-mallocr.o)
                0x000000002000106c                __malloc_max_total_mem
 .bss.__malloc_top_pad
                0x0000000020001070        0x4 /opt/gcc-arm-none-eabi-9-2020-q2-update/bin/../lib/gcc/arm-none-eabi/9.3.1/../../../../arm-none-eabi/lib/thumb/v7e-m+fp/hard/libc.a(lib_a-mallocr.o)
                0x0000000020001070                __malloc_top_pad
 .bss.heap_end.5507
                0x0000000020001074        0x4 /opt/gcc-arm-none-eabi-9-2020-q2-update/bin/../lib/gcc/arm-none-eabi/9.3.1/../../../../arm-none-eabi/lib/thumb/v7e-m+fp/hard/libnosys.a(sbrk.o)
 *(COMMON)
 COMMON         0x0000000020001078        0x2 _build/nrf_drv_uart.o
                0x0000000020001078                nrf_drv_uart_use_easy_dma
 *fill*         0x000000002000107a        0x2 
 COMMON         0x000000002000107c       0x21 /opt/gcc-arm-none-eabi-9-2020-q2-update/bin/../lib/gcc/arm-none-eabi/9.3.1/../../../../arm-none-eabi/lib/thumb/v7e-m+fp/hard/libc.a(lib_a-lock.o)
                0x000000002000107c                __lock___atexit_recursive_mutex
                0x0000000020001080                __lock___arc4random_mutex
                0x0000000020001084                __lock___env_recursive_mutex
                0x0000000020001088                __lock___sinit_recursive_mutex
                0x000000002000108c                __lock___malloc_recursive_mutex
                0x0000000020001090                __lock___at_quick_exit_mutex
                0x0000000020001094                __lock___dd_hash_mutex
                0x0000000020001098                __lock___tz_mutex
                0x000000002000109c                __lock___sfp_recursive_mutex
 *fill*         0x000000002000109d        0x3 
 COMMON         0x00000000200010a0        0x4 /opt/gcc-arm-none-eabi-9-2020-q2-update/bin/../lib/gcc/arm-none-eabi/9.3.1/../../../../arm-none-eabi/lib/thumb/v7e-m+fp/hard/libc.a(lib_a-reent.o)
                0x00000000200010a0                errno
                0x00000000200010a4                . = ALIGN (0x4)
                0x00000000200010a4                __bss_end__ = .

.heap           0x00000000200010a8     0x2000
                0x00000000200010a8                __HeapBase = .
                0x00000000200010a8                __end__ = .
                0x00000000200010a8                PROVIDE (end = .)
 *(.heap*)
 .heap          0x00000000200010a8     0x2000 _build/gcc_startup_nrf52833.os
                0x00000000200030a8                __HeapLimit = .

.stack_dummy    0x00000000200010a8     0x2000
 *(.stack*)
 .stack         0x00000000200010a8     0x2000 _build/gcc_startup_nrf52833.os
                0x0000000020020000                __StackTop = (ORIGIN (RAM) + LENGTH (RAM))
                0x000000002001e000                __StackLimit = (__StackTop - SIZEOF (.stack_dummy))
                0x0000000020020000                PROVIDE (__stack = __StackTop)
                0x0000000000000001                ASSERT ((__StackLimit >= __HeapLimit), region RAM overflowed with stack)
                0x00000000000009e0                DataInitFlashUsed = (__bss_start__ - __data_start__)
                0x000000000000b2ac                CodeFlashUsed = (__etext - ORIGIN (FLASH))
                0x000000000000bc8c                TotalFlashUsed = (CodeFlashUsed + DataInitFlashUsed)
                0x0000000000000001                ASSERT ((TotalFlashUsed <= LENGTH (FLASH)), region FLASH overflowed with .data and user data)
OUTPUT(_build/temp_event_loop_sdk16_blank.elf elf32-littlearm)
LOAD linker stubs

.ARM.attributes
                0x0000000000000000       0x30
 .ARM.attributes
                0x0000000000000000       0x1e /opt/gcc-arm-none-eabi-9-2020-q2-update/bin/../lib/gcc/arm-none-eabi/9.3.1/thumb/v7e-m+fp/hard/crti.o
 .ARM.attributes
                0x000000000000001e       0x34 /opt/gcc-arm-none-eabi-9-2020-q2-update/bin/../lib/gcc/arm-none-eabi/9.3.1/thumb/v7e-m+fp/hard/crtbegin.o
 .ARM.attributes
                0x0000000000000052       0x1c /opt/gcc-arm-none-eabi-9-2020-q2-update/bin/../lib/gcc/arm-none-eabi/9.3.1/../../../../arm-none-eabi/lib/thumb/v7e-m+fp/hard/crt0.o
 .ARM.attributes
                0x000000000000006e       0x34 _build/main.o
 .ARM.attributes
                0x00000000000000a2       0x34 _build/temperature.o
 .ARM.attributes
                0x00000000000000d6       0x34 _build/better_error_handling.o
 .ARM.attributes
                0x000000000000010a       0x34 _build/microbit_before_startup.o
 .ARM.attributes
                0x000000000000013e       0x34 _build/microbit_nrf_log_backend_uart.o
 .ARM.attributes
                0x0000000000000172       0x34 _build/microbit_retarget.o
 .ARM.attributes
                0x00000000000001a6       0x34 _build/app_error_handler_gcc.o
 .ARM.attributes
                0x00000000000001da       0x34 _build/app_util_platform.o
 .ARM.attributes
                0x000000000000020e       0x34 _build/hardfault_handler_gcc.o
 .ARM.attributes
                0x0000000000000242       0x34 _build/hardfault_implementation.o
 .ARM.attributes
                0x0000000000000276       0x34 _build/nrf_assert.o
 .ARM.attributes
                0x00000000000002aa       0x34 _build/nrf_atomic.o
 .ARM.attributes
                0x00000000000002de       0x34 _build/nrf_balloc.o
 .ARM.attributes
                0x0000000000000312       0x34 _build/nrf_drv_uart.o
 .ARM.attributes
                0x0000000000000346       0x34 _build/nrf_fprintf.o
 .ARM.attributes
                0x000000000000037a       0x34 _build/nrf_fprintf_format.o
 .ARM.attributes
                0x00000000000003ae       0x34 _build/nrf_log_backend_serial.o
 .ARM.attributes
                0x00000000000003e2       0x34 _build/nrf_log_default_backends.o
 .ARM.attributes
                0x0000000000000416       0x34 _build/nrf_log_frontend.o
 .ARM.attributes
                0x000000000000044a       0x34 _build/nrf_log_str_formatter.o
 .ARM.attributes
                0x000000000000047e       0x34 _build/nrf_pwr_mgmt.o
 .ARM.attributes
                0x00000000000004b2       0x34 _build/nrf_memobj.o
 .ARM.attributes
                0x00000000000004e6       0x34 _build/nrf_ringbuf.o
 .ARM.attributes
                0x000000000000051a       0x34 _build/nrf_strerror.o
 .ARM.attributes
                0x000000000000054e       0x34 _build/nrfx_prs.o
 .ARM.attributes
                0x0000000000000582       0x34 _build/nrfx_uart.o
 .ARM.attributes
                0x00000000000005b6       0x34 _build/nrfx_uarte.o
 .ARM.attributes
                0x00000000000005ea       0x34 _build/system_nrf52833.o
 .ARM.attributes
                0x000000000000061e       0x1c _build/gcc_startup_nrf52833.os
 .ARM.attributes
                0x000000000000063a       0x32 /opt/gcc-arm-none-eabi-9-2020-q2-update/bin/../lib/gcc/arm-none-eabi/9.3.1/../../../../arm-none-eabi/lib/thumb/v7e-m+fp/hard/libc.a(lib_a-ctype_.o)
 .ARM.attributes
                0x000000000000066c       0x34 /opt/gcc-arm-none-eabi-9-2020-q2-update/bin/../lib/gcc/arm-none-eabi/9.3.1/../../../../arm-none-eabi/lib/thumb/v7e-m+fp/hard/libc.a(lib_a-exit.o)
 .ARM.attributes
                0x00000000000006a0       0x32 /opt/gcc-arm-none-eabi-9-2020-q2-update/bin/../lib/gcc/arm-none-eabi/9.3.1/../../../../arm-none-eabi/lib/thumb/v7e-m+fp/hard/libc.a(lib_a-impure.o)
 .ARM.attributes
                0x00000000000006d2       0x34 /opt/gcc-arm-none-eabi-9-2020-q2-update/bin/../lib/gcc/arm-none-eabi/9.3.1/../../../../arm-none-eabi/lib/thumb/v7e-m+fp/hard/libc.a(lib_a-init.o)
 .ARM.attributes
                0x0000000000000706       0x1c /opt/gcc-arm-none-eabi-9-2020-q2-update/bin/../lib/gcc/arm-none-eabi/9.3.1/../../../../arm-none-eabi/lib/thumb/v7e-m+fp/hard/libc.a(lib_a-memcpy.o)
 .ARM.attributes
                0x0000000000000722       0x34 /opt/gcc-arm-none-eabi-9-2020-q2-update/bin/../lib/gcc/arm-none-eabi/9.3.1/../../../../arm-none-eabi/lib/thumb/v7e-m+fp/hard/libc.a(lib_a-memset.o)
 .ARM.attributes
                0x0000000000000756       0x34 /opt/gcc-arm-none-eabi-9-2020-q2-update/bin/../lib/gcc/arm-none-eabi/9.3.1/../../../../arm-none-eabi/lib/thumb/v7e-m+fp/hard/libc.a(lib_a-printf.o)
 .ARM.attributes
                0x000000000000078a       0x34 /opt/gcc-arm-none-eabi-9-2020-q2-update/bin/../lib/gcc/arm-none-eabi/9.3.1/../../../../arm-none-eabi/lib/thumb/v7e-m+fp/hard/libc.a(lib_a-setbuf.o)
 .ARM.attributes
                0x00000000000007be       0x34 /opt/gcc-arm-none-eabi-9-2020-q2-update/bin/../lib/gcc/arm-none-eabi/9.3.1/../../../../arm-none-eabi/lib/thumb/v7e-m+fp/hard/libc.a(lib_a-setvbuf.o)
 .ARM.attributes
                0x00000000000007f2       0x1c /opt/gcc-arm-none-eabi-9-2020-q2-update/bin/../lib/gcc/arm-none-eabi/9.3.1/../../../../arm-none-eabi/lib/thumb/v7e-m+fp/hard/libc.a(lib_a-strlen.o)
 .ARM.attributes
                0x000000000000080e       0x34 /opt/gcc-arm-none-eabi-9-2020-q2-update/bin/../lib/gcc/arm-none-eabi/9.3.1/../../../../arm-none-eabi/lib/thumb/v7e-m+fp/hard/libc.a(lib_a-vfprintf.o)
 .ARM.attributes
                0x0000000000000842       0x34 /opt/gcc-arm-none-eabi-9-2020-q2-update/bin/../lib/gcc/arm-none-eabi/9.3.1/../../../../arm-none-eabi/lib/thumb/v7e-m+fp/hard/libc.a(lib_a-wsetup.o)
 .ARM.attributes
                0x0000000000000876       0x34 /opt/gcc-arm-none-eabi-9-2020-q2-update/bin/../lib/gcc/arm-none-eabi/9.3.1/../../../../arm-none-eabi/lib/thumb/v7e-m+fp/hard/libc.a(lib_a-__call_atexit.o)
 .ARM.attributes
                0x00000000000008aa       0x34 /opt/gcc-arm-none-eabi-9-2020-q2-update/bin/../lib/gcc/arm-none-eabi/9.3.1/../../../../arm-none-eabi/lib/thumb/v7e-m+fp/hard/libc.a(lib_a-atexit.o)
 .ARM.attributes
                0x00000000000008de       0x34 /opt/gcc-arm-none-eabi-9-2020-q2-update/bin/../lib/gcc/arm-none-eabi/9.3.1/../../../../arm-none-eabi/lib/thumb/v7e-m+fp/hard/libc.a(lib_a-dtoa.o)
 .ARM.attributes
                0x0000000000000912       0x34 /opt/gcc-arm-none-eabi-9-2020-q2-update/bin/../lib/gcc/arm-none-eabi/9.3.1/../../../../arm-none-eabi/lib/thumb/v7e-m+fp/hard/libc.a(lib_a-fflush.o)
 .ARM.attributes
                0x0000000000000946       0x34 /opt/gcc-arm-none-eabi-9-2020-q2-update/bin/../lib/gcc/arm-none-eabi/9.3.1/../../../../arm-none-eabi/lib/thumb/v7e-m+fp/hard/libc.a(lib_a-findfp.o)
 .ARM.attributes
                0x000000000000097a       0x34 /opt/gcc-arm-none-eabi-9-2020-q2-update/bin/../lib/gcc/arm-none-eabi/9.3.1/../../../../arm-none-eabi/lib/thumb/v7e-m+fp/hard/libc.a(lib_a-fini.o)
 .ARM.attributes
                0x00000000000009ae       0x34 /opt/gcc-arm-none-eabi-9-2020-q2-update/bin/../lib/gcc/arm-none-eabi/9.3.1/../../../../arm-none-eabi/lib/thumb/v7e-m+fp/hard/libc.a(lib_a-freer.o)
 .ARM.attributes
                0x00000000000009e2       0x34 /opt/gcc-arm-none-eabi-9-2020-q2-update/bin/../lib/gcc/arm-none-eabi/9.3.1/../../../../arm-none-eabi/lib/thumb/v7e-m+fp/hard/libc.a(lib_a-fwalk.o)
 .ARM.attributes
                0x0000000000000a16       0x34 /opt/gcc-arm-none-eabi-9-2020-q2-update/bin/../lib/gcc/arm-none-eabi/9.3.1/../../../../arm-none-eabi/lib/thumb/v7e-m+fp/hard/libc.a(lib_a-localeconv.o)
 .ARM.attributes
                0x0000000000000a4a       0x34 /opt/gcc-arm-none-eabi-9-2020-q2-update/bin/../lib/gcc/arm-none-eabi/9.3.1/../../../../arm-none-eabi/lib/thumb/v7e-m+fp/hard/libc.a(lib_a-lock.o)
 .ARM.attributes
                0x0000000000000a7e       0x34 /opt/gcc-arm-none-eabi-9-2020-q2-update/bin/../lib/gcc/arm-none-eabi/9.3.1/../../../../arm-none-eabi/lib/thumb/v7e-m+fp/hard/libc.a(lib_a-makebuf.o)
 .ARM.attributes
                0x0000000000000ab2       0x34 /opt/gcc-arm-none-eabi-9-2020-q2-update/bin/../lib/gcc/arm-none-eabi/9.3.1/../../../../arm-none-eabi/lib/thumb/v7e-m+fp/hard/libc.a(lib_a-malloc.o)
 .ARM.attributes
                0x0000000000000ae6       0x34 /opt/gcc-arm-none-eabi-9-2020-q2-update/bin/../lib/gcc/arm-none-eabi/9.3.1/../../../../arm-none-eabi/lib/thumb/v7e-m+fp/hard/libc.a(lib_a-mallocr.o)
 .ARM.attributes
                0x0000000000000b1a       0x1c /opt/gcc-arm-none-eabi-9-2020-q2-update/bin/../lib/gcc/arm-none-eabi/9.3.1/../../../../arm-none-eabi/lib/thumb/v7e-m+fp/hard/libc.a(lib_a-memchr.o)
 .ARM.attributes
                0x0000000000000b36       0x34 /opt/gcc-arm-none-eabi-9-2020-q2-update/bin/../lib/gcc/arm-none-eabi/9.3.1/../../../../arm-none-eabi/lib/thumb/v7e-m+fp/hard/libc.a(lib_a-mlock.o)
 .ARM.attributes
                0x0000000000000b6a       0x34 /opt/gcc-arm-none-eabi-9-2020-q2-update/bin/../lib/gcc/arm-none-eabi/9.3.1/../../../../arm-none-eabi/lib/thumb/v7e-m+fp/hard/libc.a(lib_a-mprec.o)
 .ARM.attributes
                0x0000000000000b9e       0x34 /opt/gcc-arm-none-eabi-9-2020-q2-update/bin/../lib/gcc/arm-none-eabi/9.3.1/../../../../arm-none-eabi/lib/thumb/v7e-m+fp/hard/libc.a(lib_a-s_frexp.o)
 .ARM.attributes
                0x0000000000000bd2       0x34 /opt/gcc-arm-none-eabi-9-2020-q2-update/bin/../lib/gcc/arm-none-eabi/9.3.1/../../../../arm-none-eabi/lib/thumb/v7e-m+fp/hard/libc.a(lib_a-sbrkr.o)
 .ARM.attributes
                0x0000000000000c06       0x34 /opt/gcc-arm-none-eabi-9-2020-q2-update/bin/../lib/gcc/arm-none-eabi/9.3.1/../../../../arm-none-eabi/lib/thumb/v7e-m+fp/hard/libc.a(lib_a-stdio.o)
 .ARM.attributes
                0x0000000000000c3a       0x34 /opt/gcc-arm-none-eabi-9-2020-q2-update/bin/../lib/gcc/arm-none-eabi/9.3.1/../../../../arm-none-eabi/lib/thumb/v7e-m+fp/hard/libc.a(lib_a-strncpy.o)
 .ARM.attributes
                0x0000000000000c6e       0x34 /opt/gcc-arm-none-eabi-9-2020-q2-update/bin/../lib/gcc/arm-none-eabi/9.3.1/../../../../arm-none-eabi/lib/thumb/v7e-m+fp/hard/libc.a(lib_a-vfiprintf.o)
 .ARM.attributes
                0x0000000000000ca2       0x34 /opt/gcc-arm-none-eabi-9-2020-q2-update/bin/../lib/gcc/arm-none-eabi/9.3.1/../../../../arm-none-eabi/lib/thumb/v7e-m+fp/hard/libc.a(lib_a-writer.o)
 .ARM.attributes
                0x0000000000000cd6       0x34 /opt/gcc-arm-none-eabi-9-2020-q2-update/bin/../lib/gcc/arm-none-eabi/9.3.1/../../../../arm-none-eabi/lib/thumb/v7e-m+fp/hard/libc.a(lib_a-__atexit.o)
 .ARM.attributes
                0x0000000000000d0a       0x34 /opt/gcc-arm-none-eabi-9-2020-q2-update/bin/../lib/gcc/arm-none-eabi/9.3.1/../../../../arm-none-eabi/lib/thumb/v7e-m+fp/hard/libc.a(lib_a-assert.o)
 .ARM.attributes
                0x0000000000000d3e       0x34 /opt/gcc-arm-none-eabi-9-2020-q2-update/bin/../lib/gcc/arm-none-eabi/9.3.1/../../../../arm-none-eabi/lib/thumb/v7e-m+fp/hard/libc.a(lib_a-callocr.o)
 .ARM.attributes
                0x0000000000000d72       0x34 /opt/gcc-arm-none-eabi-9-2020-q2-update/bin/../lib/gcc/arm-none-eabi/9.3.1/../../../../arm-none-eabi/lib/thumb/v7e-m+fp/hard/libc.a(lib_a-closer.o)
 .ARM.attributes
                0x0000000000000da6       0x34 /opt/gcc-arm-none-eabi-9-2020-q2-update/bin/../lib/gcc/arm-none-eabi/9.3.1/../../../../arm-none-eabi/lib/thumb/v7e-m+fp/hard/libc.a(lib_a-fclose.o)
 .ARM.attributes
                0x0000000000000dda       0x34 /opt/gcc-arm-none-eabi-9-2020-q2-update/bin/../lib/gcc/arm-none-eabi/9.3.1/../../../../arm-none-eabi/lib/thumb/v7e-m+fp/hard/libc.a(lib_a-fiprintf.o)
 .ARM.attributes
                0x0000000000000e0e       0x34 /opt/gcc-arm-none-eabi-9-2020-q2-update/bin/../lib/gcc/arm-none-eabi/9.3.1/../../../../arm-none-eabi/lib/thumb/v7e-m+fp/hard/libc.a(lib_a-fputwc.o)
 .ARM.attributes
                0x0000000000000e42       0x34 /opt/gcc-arm-none-eabi-9-2020-q2-update/bin/../lib/gcc/arm-none-eabi/9.3.1/../../../../arm-none-eabi/lib/thumb/v7e-m+fp/hard/libc.a(lib_a-fstatr.o)
 .ARM.attributes
                0x0000000000000e76       0x34 /opt/gcc-arm-none-eabi-9-2020-q2-update/bin/../lib/gcc/arm-none-eabi/9.3.1/../../../../arm-none-eabi/lib/thumb/v7e-m+fp/hard/libc.a(lib_a-fvwrite.o)
 .ARM.attributes
                0x0000000000000eaa       0x34 /opt/gcc-arm-none-eabi-9-2020-q2-update/bin/../lib/gcc/arm-none-eabi/9.3.1/../../../../arm-none-eabi/lib/thumb/v7e-m+fp/hard/libc.a(lib_a-isattyr.o)
 .ARM.attributes
                0x0000000000000ede       0x34 /opt/gcc-arm-none-eabi-9-2020-q2-update/bin/../lib/gcc/arm-none-eabi/9.3.1/../../../../arm-none-eabi/lib/thumb/v7e-m+fp/hard/libc.a(lib_a-locale.o)
 .ARM.attributes
                0x0000000000000f12       0x34 /opt/gcc-arm-none-eabi-9-2020-q2-update/bin/../lib/gcc/arm-none-eabi/9.3.1/../../../../arm-none-eabi/lib/thumb/v7e-m+fp/hard/libc.a(lib_a-lseekr.o)
 .ARM.attributes
                0x0000000000000f46       0x34 /opt/gcc-arm-none-eabi-9-2020-q2-update/bin/../lib/gcc/arm-none-eabi/9.3.1/../../../../arm-none-eabi/lib/thumb/v7e-m+fp/hard/libc.a(lib_a-mbtowc_r.o)
 .ARM.attributes
                0x0000000000000f7a       0x34 /opt/gcc-arm-none-eabi-9-2020-q2-update/bin/../lib/gcc/arm-none-eabi/9.3.1/../../../../arm-none-eabi/lib/thumb/v7e-m+fp/hard/libc.a(lib_a-memmove.o)
 .ARM.attributes